error[E0425]: cannot find type `PhantomData` in this scope
  --> ladder.rs:10:18
   |
10 | pub struct D0<T>(PhantomData<T>);
   |                  ^^^^^^^^^^^ not found in this scope
   |
help: consider importing this struct
   |
 7 + use std::marker::PhantomData;
   |

error[E0425]: cannot find type `PhantomData` in this scope
  --> ladder.rs:12:18
   |
12 | pub struct D1<T>(PhantomData<T>);
   |                  ^^^^^^^^^^^ not found in this scope
   |
help: consider importing this struct
   |
 7 + use std::marker::PhantomData;
   |

error[E0425]: cannot find type `PhantomData` in this scope
  --> ladder.rs:29:17
   |
29 | pub struct S<T>(PhantomData<T>);
   |                 ^^^^^^^^^^^ not found in this scope
   |
help: consider importing this struct
   |
 7 + use std::marker::PhantomData;
   |

error[E0425]: cannot find type `PhantomData` in this scope
   --> ladder.rs:317:20
    |
317 | pub struct Wide<T>(PhantomData<T>);
    |                    ^^^^^^^^^^^ not found in this scope
    |
help: consider importing this struct
    |
  7 + use std::marker::PhantomData;
    |

error: aborting due to 4 previous errors

For more information about this error, try `rustc --explain E0425`.
