error[E0277]: width 30 is not the sum of widths 13 and 13
  --> p09b_lawsite_named_relation.rs:68:92
   |
68 | pub fn law_site_wrong(a: UFixed<13, 3, Hot>, b: UFixed<13, 3, Hot>) -> Fixed<30, 6, Hot> { mul(a, b) }
   |                                                                                            ^^^ this output width does not follow from the input widths
   |
help: the trait `WidthSum<Arvo, 13, 13, 30>` is not implemented for `Arvo`
  --> p09b_lawsite_named_relation.rs:16:1
   |
16 | pub struct Arvo;
   | ^^^^^^^^^^^^^^^
   = note: the result of this operation is 13 + 13 bits wide; write that width, or let it be inferred
note: required by a bound in `mul`
  --> p09b_lawsite_named_relation.rs:54:11
   |
50 | pub fn mul<const I: u32, const F: u32, const J: u32, const K: u32,
   |        --- required by a bound in this function
...
54 |     Arvo: WidthSum<M, I, J, OI> + WidthSum<M, F, K, OF>,
   |           ^^^^^^^^^^^^^^^^^^^^^ required by this bound in `mul`

error: aborting due to 1 previous error

For more information about this error, try `rustc --explain E0277`.
