error[E0277]: arvo does not ship this width: Idx<7>
  --> p10_bridge_diag.rs:62:28
   |
62 | pub fn unbridged_direct(a: Fixed<7, 1, Hot>) -> Fixed<7, 1, Hot> { a }
   |                            ^^^^^^^^^^^^^^^^ this numeral names a width arvo does not ship
   |
help: the trait `ToNat<Arvo>` is not implemented for `Idx<7>`
  --> p10_bridge_diag.rs:15:1
   |
15 | pub struct Idx<const N: u32>;
   | ^^^^^^^^^^^^^^^^^^^^^^^^^^^^
   = note: widths are opt-in per program. Add `impl ToNat<MyWidths> for Idx<7>` and spell the numeral against `MyWidths`
   = help: the following other types implement trait `ToNat<M>`:
             Idx<0>
             Idx<100>
             Idx<13>
             Idx<16>
             Idx<200>
             Idx<24>
             Idx<26>
             Idx<30>
           and 5 others
note: required by a bound in `Fixed`
  --> p10_bridge_diag.rs:45:13
   |
43 | pub struct Fixed<const I: u32, const F: u32, S, M = Arvo>
   |            ----- required by a bound in this struct
44 | where
45 |     Idx<I>: ToNat<M>, Idx<F>: ToNat<M>,
   |             ^^^^^^^^ required by this bound in `Fixed`

error[E0277]: arvo does not ship this width: Idx<1>
  --> p10_bridge_diag.rs:62:28
   |
62 | pub fn unbridged_direct(a: Fixed<7, 1, Hot>) -> Fixed<7, 1, Hot> { a }
   |                            ^^^^^^^^^^^^^^^^ this numeral names a width arvo does not ship
   |
help: the trait `ToNat<Arvo>` is not implemented for `Idx<1>`
  --> p10_bridge_diag.rs:15:1
   |
15 | pub struct Idx<const N: u32>;
   | ^^^^^^^^^^^^^^^^^^^^^^^^^^^^
   = note: widths are opt-in per program. Add `impl ToNat<MyWidths> for Idx<1>` and spell the numeral against `MyWidths`
   = help: the following other types implement trait `ToNat<M>`:
             Idx<0>
             Idx<100>
             Idx<13>
             Idx<16>
             Idx<200>
             Idx<24>
             Idx<26>
             Idx<30>
           and 5 others
note: required by a bound in `Fixed`
  --> p10_bridge_diag.rs:45:31
   |
43 | pub struct Fixed<const I: u32, const F: u32, S, M = Arvo>
   |            ----- required by a bound in this struct
44 | where
45 |     Idx<I>: ToNat<M>, Idx<F>: ToNat<M>,
   |                               ^^^^^^^^ required by this bound in `Fixed`

error[E0277]: arvo does not ship this width: Idx<7>
  --> p10_bridge_diag.rs:62:49
   |
62 | pub fn unbridged_direct(a: Fixed<7, 1, Hot>) -> Fixed<7, 1, Hot> { a }
   |                                                 ^^^^^^^^^^^^^^^^ this numeral names a width arvo does not ship
   |
help: the trait `ToNat<Arvo>` is not implemented for `Idx<7>`
  --> p10_bridge_diag.rs:15:1
   |
15 | pub struct Idx<const N: u32>;
   | ^^^^^^^^^^^^^^^^^^^^^^^^^^^^
   = note: widths are opt-in per program. Add `impl ToNat<MyWidths> for Idx<7>` and spell the numeral against `MyWidths`
   = help: the following other types implement trait `ToNat<M>`:
             Idx<0>
             Idx<100>
             Idx<13>
             Idx<16>
             Idx<200>
             Idx<24>
             Idx<26>
             Idx<30>
           and 5 others

error[E0277]: arvo does not ship this width: Idx<1>
  --> p10_bridge_diag.rs:62:49
   |
62 | pub fn unbridged_direct(a: Fixed<7, 1, Hot>) -> Fixed<7, 1, Hot> { a }
   |                                                 ^^^^^^^^^^^^^^^^ this numeral names a width arvo does not ship
   |
help: the trait `ToNat<Arvo>` is not implemented for `Idx<1>`
  --> p10_bridge_diag.rs:15:1
   |
15 | pub struct Idx<const N: u32>;
   | ^^^^^^^^^^^^^^^^^^^^^^^^^^^^
   = note: widths are opt-in per program. Add `impl ToNat<MyWidths> for Idx<1>` and spell the numeral against `MyWidths`
   = help: the following other types implement trait `ToNat<M>`:
             Idx<0>
             Idx<100>
             Idx<13>
             Idx<16>
             Idx<200>
             Idx<24>
             Idx<26>
             Idx<30>
           and 5 others

error: aborting due to 4 previous errors

For more information about this error, try `rustc --explain E0277`.
