=== box: fixed-point total width <= 3, float precision <= 2 ===
           fixed-point alone | start   10 | closure adds     0 | fixed point reached | growth x1.00
                 float alone | start   20 | closure adds     1 | fixed point reached | growth x1.05
     both kinds in one order | start   28 | closure adds     2 | fixed point reached | growth x1.07
                               of the added sets, 0 are already named by a family
                               added: [Fraction(0, 1), Fraction(1, 4), Fraction(1, 2), Fraction(3, 4), Fraction(1, 1), Fraction(3, 2)]
                               added: [Fraction(0, 1), Fraction(1, 2), Fraction(1, 1), Fraction(3, 2), Fraction(2, 1), Fraction(3, 1)]

=== box: fixed-point total width <= 4, float precision <= 3 ===
           fixed-point alone | start   15 | closure adds     0 | fixed point reached | growth x1.00
                 float alone | start   30 | closure adds     1 | fixed point reached | growth x1.03
     both kinds in one order | start   43 | closure adds     9 | fixed point reached | growth x1.21
                               of the added sets, 0 are already named by a family
                               added: [Fraction(0, 1), Fraction(1, 4), Fraction(1, 2), Fraction(3, 4), Fraction(1, 1), Fraction(3, 2)]
                               added: [Fraction(0, 1), Fraction(1, 2), Fraction(1, 1), Fraction(3, 2), Fraction(2, 1), Fraction(3, 1)]
                               added: [Fraction(0, 1), Fraction(1, 4), Fraction(3, 8), Fraction(1, 2), Fraction(5, 8), Fraction(3, 4), Fraction(7, 8)]

=== 03's witness, checked in this instrument's own representation ===
  U<0,1> = [Fraction(0, 1), Fraction(1, 2)]
  U<2,0> = [Fraction(0, 1), Fraction(1, 1), Fraction(2, 1), Fraction(3, 1)]
  union  = [Fraction(0, 1), Fraction(1, 2), Fraction(1, 1), Fraction(2, 1), Fraction(3, 1)]  (5 values)
  minimal fixed-point upper bounds: [(2, 1)]
  minimal upper bounds across BOTH kinds: 2
    (2, -1, 1)  size 7
    (2, 1)  size 8
  is the union itself named by either family? False

=== growth of the Moore completion with the box ===
  W   P |  fixed  float  union |  added | added/union
------------------------------------------------------------
  2   2 |      6     20     24 |      0 |       0.000
  2   3 |      6     30     34 |      0 |       0.000
  3   2 |     10     20     28 |      2 |       0.071
  3   3 |     10     30     38 |      5 |       0.132
  4   2 |     15     20     33 |      3 |       0.091
  4   3 |     15     30     43 |      9 |       0.209
  5   2 |     21     20     39 |      3 |       0.077
  5   3 |     21     30     49 |     10 |       0.204
  6   2 |     28     20     46 |      3 |       0.065
  6   3 |     28     30     56 |     10 |       0.179

=== growth with the FLOAT exponent span, fixed-point box held at W=5 ===
 espan   P |  float  union |  added |   ratio
--------------------------------------------------
     1   2 |      6     25 |      0 |   0.000
     1   3 |      9     28 |      1 |   0.036
     2   2 |     20     39 |      3 |   0.077
     2   3 |     30     49 |     10 |   0.204
     3   2 |     42     61 |     10 |   0.164
     3   3 |     63     82 |     27 |   0.329
     4   2 |     72     91 |     16 |   0.176
     4   3 |    108    127 |     43 |   0.339
     5   2 |    110    129 |     21 |   0.163
     5   3 |    165    184 |     53 |   0.288
