Q2       which_width_coordinates_a_consumer_writes
Q4       what_a_datum_stands_for
Q6       does_warm_wrap_or_clamp
-        container_derivation_output_count
Q11      what_a_numeral_guarantees_to_a_fold
Q12      reduction_order_or_associativity
Q13      which_axes_a_build_arm_may_move
Q15      are_the_axes_independently_resolvable
-        does_the_canon_carry_a_numeric_threshold
-        is_the_derived_numeral_required_to_be_tightest
-        does_narrowing_compose
-        is_the_cross_kind_join_closed_or_priced
-        should_phase_collide_across_two_vocabularies
Q18      adaptation_in_identity_or_realisation
Q22      are_set_valued_carriers_admitted
Q23      is_the_role_set_closed
Q24      does_the_canon_speak_about_cost
Q25      how_the_law_inventory_is_named
Q26      what_a_platform_width_type_is
Q28      arbitrary_width_demands_in_the_canon
Q33      is_the_ambient_operation_family_fixed
Q34      two_shapes_of_aggregate_composition
Q36      whose_reduction_governs_a_lossy_crossing
Q37      does_the_canon_name_crossing_classes
Q39      may_an_arms_predicate_read_data
Q40      which_route_a_law_verdict_takes_to_closed_form
Q41      are_strategies_partially_ordered_by_chain_laws
Q44      must_a_weighting_be_strictly_positive
Q45      arms_no_weighting_can_select
Q50      is_i9_about_a_strategy_or_one_component
Q53      what_transfers_from_a_model_width
Q54      are_consumer_terms_trees_or_dags
