which_width_coordinates_a_consumer_writes
      membership_of_the_representable_set_is_one_affine_predicate
container_derivation_output_count
      an_output_of_a_derivation_is_a_fact_a_downstream_site_cannot_recover
what_a_numeral_guarantees_to_a_fold
      the_multiplicative_guard_grows_linearly_and_the_saving_is_adaptation_fusion
reduction_order_or_associativity
      no_cost_model_may_move_an_answer
      within_an_unbound_stretch_the_design_may_select_any_realisation
which_axes_a_build_arm_may_move
      headroom_and_intermediate_precision_are_unobservable_inside_a_pure_ring_region
does_narrowing_compose
      staged_narrowing_disagrees_with_direct_narrowing_under_round_to_nearest_even
where_wrapping_lives
      the_adaptation_slot_is_derived_and_a_strategy_selects_a_member_per_operation
adaptation_in_identity_or_realisation
      a_format_is_identified_by_its_ambient_domain_and_its_representable_set
are_the_level_hierarchies_the_same_cut
      the_concept_commits_to_its_choices_and_to_no_count_of_levels
is_the_number_system_inventory_open
      the_concept_is_closed_and_the_inventory_is_open
is_number_system_broad_enough_for_non_magnitude
      the_concepts_edge_is_not_an_order_and_wrapping_is_the_test
does_the_canon_speak_about_cost
      meaning_is_decided_by_the_first_three_coordinates_and_cost_by_the_last_two
how_the_law_inventory_is_named
      a_law_is_inherited_where_the_realisation_map_is_a_congruence_for_every_nesting_it_contains
      a_law_is_read_off_the_algebra_and_never_declared
      a_law_stated_as_an_author_written_marker_is_checked_by_nothing
is_interoperation_conversion_or_resolution
      conversion_and_resolution_are_one_obligation_at_two_arities
what_the_admission_contract_asks_a_candidate_to_expose
      a_system_exposes_its_ambient_laws_its_set_and_its_reductions_verdicts
      an_exposure_test_over_reduction_verdicts_alone_is_satisfied_by_a_system_that_computes_nothing
is_admission_a_predicate_or_a_location
      admission_returns_a_coordinate_rather_than_a_verdict
one_word_or_two_for_is_a_number_system
      membership_and_hosting_are_two_questions
is_the_ambient_operation_family_fixed
      a_system_exposes_its_ambient_laws_its_set_and_its_reductions_verdicts
      the_numeral_concept_is_a_dependent_sequence_of_choices
the_ownership_key_as_a_structural_axis
      each_choice_in_the_sequence_has_an_owner_and_a_resolution_time
does_the_canon_name_crossing_classes
      a_crossing_carries_two_relations_and_a_verdict_per_law_family
      meaning_is_decided_by_the_first_three_coordinates_and_cost_by_the_last_two
when_is_an_order_owed_at_a_crossing
      an_order_is_named_exactly_where_a_crossing_is_lossy
where_a_law_verdict_is_established
      inside_a_fragment_with_a_complete_test_set_the_verdict_is_computed_at_the_shipped_width
      the_model_band_transfer_is_defeated_in_both_fragments
may_an_arms_predicate_read_data
      a_trajectory_condition_lifts_into_a_declaration_exactly_when_it_survives_closure
which_route_a_law_verdict_takes_to_closed_form
      a_law_is_inherited_where_the_realisation_map_is_a_congruence_for_every_nesting_it_contains
      chain_laws_split_by_whether_a_lifting_theorem_exists
are_strategies_partially_ordered_by_chain_laws
      no_total_join_exists_over_the_observable_axes_so_the_operation_reports
what_goes_into_the_compiler_winner_or_cost_table
      what_ships_is_four_arms_with_disjoint_predicates_over_one_generated_artifact_set
what_the_cost_coordinates_are
      the_corpus_cannot_exhibit_the_accuracy_intents_because_a_coordinate_is_absent
is_i9_about_a_strategy_or_one_component
      no_cost_model_may_move_an_answer
what_transfers_from_a_model_width
      the_model_band_transfer_is_defeated_in_both_fragments
