# U<2,2> unsigned: 16 grid points, 136 interval data

## interval denotation, outward rounding
commutativity of +                       checked=    3876 skipped=   14620 holds=    3876 (100.00%) fails=      0 lhs-inside-rhs=      0
commutativity of *                       checked=    5520 skipped=   12976 holds=    5520 (100.00%) fails=      0 lhs-inside-rhs=      0
A - A == 0  [corrected from p3]          checked=      16 skipped=     120 holds=      16 (100.00%) fails=      0 lhs-inside-rhs=      0
associativity of +                       checked=   54264 skipped= 2461192 holds=   54264 (100.00%) fails=      0 lhs-inside-rhs=      0
associativity of *                       checked=  229710 skipped= 2285746 holds=  151396 ( 65.91%) fails=  78314 lhs-inside-rhs=  38248
                                         witness args=((0, 1), (0, 1), (0, 5)) lhs=(0, 2) rhs=(0, 1)
distributivity                           checked=   89853 skipped= 2425603 holds=   62439 ( 69.49%) fails=  27414 lhs-inside-rhs=  27414
                                         witness args=((0, 1), (0, 1), (0, 1)) lhs=(0, 1) rhs=(0, 2)

## point denotation, one directed mode  [corrected from p3]
commutativity of +                       checked=     136 skipped=     120 holds=     136 (100.00%) fails=      0 lhs-inside-rhs=      0
commutativity of *                       checked=     164 skipped=      92 holds=     164 (100.00%) fails=      0 lhs-inside-rhs=      0
A - A == 0                               checked=      16 skipped=       0 holds=      16 (100.00%) fails=      0 lhs-inside-rhs=      0
associativity of +                       checked=     816 skipped=    3280 holds=     816 (100.00%) fails=      0 lhs-inside-rhs=      0
associativity of *                       checked=    1697 skipped=    2399 holds=    1321 ( 77.84%) fails=    376 lhs-inside-rhs=      0
                                         witness args=((1, 1), (2, 2), (8, 8)) lhs=(0, 0) rhs=(1, 1)
distributivity                           checked=    1079 skipped=    3017 holds=     877 ( 81.28%) fails=    202 lhs-inside-rhs=      0
                                         witness args=((1, 1), (1, 1), (3, 3)) lhs=(1, 1) rhs=(0, 0)

## how many of the 136 interval data are their own additive inverse
  16 of 136, and they are exactly the degenerate intervals
  degenerate count = 16
