=== rustc rustc 1.98.0-nightly (57d06900f 2026-05-27) ===
=== target: host: aarch64-apple-darwin ===

=== folded symbol aliases ===
43:_p4_typed_interval_add = _p4_raw_pair_add
45:_p4_typed_scalar_add = _p4_raw_scalar_add
47:_p4_wide_interval_add = _p4_raw_wide_pair_add

=== emitted bodies ===
_p4_raw_pair_add:
	add	w0, w2, w0
	add	w1, w3, w1
	ret

_p4_raw_scalar_add:
	add	w0, w1, w0
	ret

_p4_raw_wide_pair_add:
	adds	x9, x4, x0
	adc	x10, x5, x1
	adds	x11, x6, x2
	stp	x9, x10, [x8]
	adc	x9, x7, x3
	stp	x11, x9, [x8, #16]
	ret

_p4_wide_scalar_add:
	adds	x0, x2, x0
	adc	x1, x3, x1
	ret

_p4_typed_interval_add = _p4_raw_pair_add
_p4_typed_scalar_add = _p4_raw_scalar_add
_p4_wide_interval_add = _p4_raw_wide_pair_add
