== F = 6 fraction bits, exact product has 12 ==
     M           pairs   disagreements           ppm
     6            4096               0          0.00
     7            4096             832     203125.00
     8            4096             480     117187.50
     9            4096             224      54687.50
    10            4096              96      23437.50
    11            4096              32       7812.50
    12            4096               0          0.00
  NC6 (M = 2F must agree): ok
  NC7 (some M in (F, 2F) must disagree): ok
  smallest M with zero disagreements: 6  (2F = 12)

== F = 8 fraction bits, exact product has 16 ==
     M           pairs   disagreements           ppm
     8           65536               0          0.00
     9           65536           15360     234375.00
    10           65536            8064     123046.88
    11           65536            3968      60546.88
    12           65536            1920      29296.88
    13           65536             896      13671.88
    14           65536             384       5859.38
    15           65536             128       1953.12
    16           65536               0          0.00
  NC6 (M = 2F must agree): ok
  NC7 (some M in (F, 2F) must disagree): ok
  smallest M with zero disagreements: 8  (2F = 16)

== F = 10 fraction bits, exact product has 20 ==
     M           pairs   disagreements           ppm
    10         1048576               0          0.00
    11         1048576          257024     245117.19
    12         1048576          130560     124511.72
    13         1048576           65024      62011.72
    14         1048576           32256      30761.72
    15         1048576           15872      15136.72
    16         1048576            7680       7324.22
    17         1048576            3584       3417.97
    18         1048576            1536       1464.84
    19         1048576             512        488.28
    20         1048576               0          0.00
  NC6 (M = 2F must agree): ok
  NC7 (some M in (F, 2F) must disagree): ok
  smallest M with zero disagreements: 10  (2F = 20)

