   Compiling p05_is_the_wall_a_wall v0.0.0 (/Users/orgrinrt/Dev/clause-work/numeric-stack/.worktrees/arvo-width/mock/research/202608072330_the-numeral-canon-panel/258_probes/p05_is_the_wall_a_wall)
error[E0080]: evaluation panicked: assertion failed: min_index::<S<64>>() == -(1i128 << 63)
   --> src/lib.rs:127:5
    |
127 |     assert!(min_index::<S<64>>() == -(1i128 << 63));
    |     ^^^^^^^^^^^^^^^^^^^^^^^^^^^^^^^^^^^^^^^^^^^^^^^ evaluation of `THE_PLATFORM_WIDTH_IS_DECLARABLE` failed here

error[E0080]: evaluation panicked: assertion failed: min_index::<S<1>>() == <Signed<1> as Slots>::MIN.index() as i128
   --> src/lib.rs:156:17
    |
156 |                   assert!(min_index::<S<$w>>() == <Signed<$w> as Slots>::MIN.index() as i128);
    |                   ^^^^^^^^^^^^^^^^^^^^^^^^^^^^^^^^^^^^^^^^^^^^^^^^^^^^^^^^^^^^^^^^^^^^^^^^^^^ evaluation of `THE_DERIVED_ENDPOINTS_AGREE_WITH_THE_SHIPPED_ONES` failed here
...
177 | / agrees_at!(
178 | |     1, 2, 3, 4, 5, 6, 7, 8, 9, 10, 11, 12, 13, 14, 15, 16, 17, 18, 19, 20, 21, 22, 23, 24, 25, 26,
179 | |     27, 28, 29, 30, 31, 32, 33, 34, 35, 36, 37, 38, 39, 40, 41, 42, 43, 44, 45, 46, 47, 48, 49, 50,
180 | |     51, 52, 53, 54, 55, 56, 57, 58, 59, 60, 61, 62
181 | | );
    | |_- in this macro invocation
    |
    = note: this error originates in the macro `assert` which comes from the expansion of the macro `agrees_at` (in Nightly builds, run with -Z macro-backtrace for more info)

For more information about this error, try `rustc --explain E0080`.
error: could not compile `p05_is_the_wall_a_wall` (lib) due to 2 previous errors
