=== emitted assembly, whole file ===
	.build_version macos, 11, 0
	.section	__TEXT,__text,regular,pure_instructions
	.globl	__RINvCsf25xKF8qdgZ_22p3_segmented_typestate5widenINtB2_4ConsINtB2_1SNtB2_1ZEIBL_BV_IBL_BV_NtB2_3NilEEEIBL_B13_B1b_EEB2_
	.p2align	2
__RINvCsf25xKF8qdgZ_22p3_segmented_typestate5widenINtB2_4ConsINtB2_1SNtB2_1ZEIBL_BV_IBL_BV_NtB2_3NilEEEIBL_B13_B1b_EEB2_:
	.cfi_startproc
	ret
	.cfi_endproc

	.globl	__RINvCsf25xKF8qdgZ_22p3_segmented_typestate5widenINtB2_4ConsNtB2_1ZIBL_INtB2_1SBV_EIBL_IB17_B16_ENtB2_3NilEEEIBL_BV_IBL_B16_IBL_B16_B1w_EEEEB2_
__RINvCsf25xKF8qdgZ_22p3_segmented_typestate5widenINtB2_4ConsNtB2_1ZIBL_INtB2_1SBV_EIBL_IB17_B16_ENtB2_3NilEEEIBL_BV_IBL_B16_IBL_B16_B1w_EEEEB2_ = __RINvCsf25xKF8qdgZ_22p3_segmented_typestate5widenINtB2_4ConsINtB2_1SNtB2_1ZEIBL_BV_IBL_BV_NtB2_3NilEEEIBL_B13_B1b_EEB2_
	.globl	__RINvCsf25xKF8qdgZ_22p3_segmented_typestate5widenINtB2_4ConsNtB2_1ZIBL_INtB2_1SIB17_BV_EEIBL_IB17_IB17_B16_EENtB2_3NilEEEIBL_BV_IBL_BV_IBL_BV_B1I_EEEEB2_
__RINvCsf25xKF8qdgZ_22p3_segmented_typestate5widenINtB2_4ConsNtB2_1ZIBL_INtB2_1SIB17_BV_EEIBL_IB17_IB17_B16_EENtB2_3NilEEEIBL_BV_IBL_BV_IBL_BV_B1I_EEEEB2_ = __RINvCsf25xKF8qdgZ_22p3_segmented_typestate5widenINtB2_4ConsINtB2_1SNtB2_1ZEIBL_BV_IBL_BV_NtB2_3NilEEEIBL_B13_B1b_EEB2_
	.globl	__RNvCsf25xKF8qdgZ_22p3_segmented_typestate10widen_bare
__RNvCsf25xKF8qdgZ_22p3_segmented_typestate10widen_bare = __RINvCsf25xKF8qdgZ_22p3_segmented_typestate5widenINtB2_4ConsINtB2_1SNtB2_1ZEIBL_BV_IBL_BV_NtB2_3NilEEEIBL_B13_B1b_EEB2_
	.globl	__RNvCsf25xKF8qdgZ_22p3_segmented_typestate21call_fixed_to_unnamed
__RNvCsf25xKF8qdgZ_22p3_segmented_typestate21call_fixed_to_unnamed = __RINvCsf25xKF8qdgZ_22p3_segmented_typestate5widenINtB2_4ConsINtB2_1SNtB2_1ZEIBL_BV_IBL_BV_NtB2_3NilEEEIBL_B13_B1b_EEB2_
	.globl	__RNvCsf25xKF8qdgZ_22p3_segmented_typestate21call_float_to_unnamed
__RNvCsf25xKF8qdgZ_22p3_segmented_typestate21call_float_to_unnamed = __RINvCsf25xKF8qdgZ_22p3_segmented_typestate5widenINtB2_4ConsINtB2_1SNtB2_1ZEIBL_BV_IBL_BV_NtB2_3NilEEEIBL_B13_B1b_EEB2_
	.globl	__RNvCsf25xKF8qdgZ_22p3_segmented_typestate22call_tapered_to_finest
__RNvCsf25xKF8qdgZ_22p3_segmented_typestate22call_tapered_to_finest = __RINvCsf25xKF8qdgZ_22p3_segmented_typestate5widenINtB2_4ConsINtB2_1SNtB2_1ZEIBL_BV_IBL_BV_NtB2_3NilEEEIBL_B13_B1b_EEB2_
.subsections_via_symbols

=== reading ===
One symbol carries a body: a single 'ret'.
Every other symbol is an alias onto it, including widen_bare.
aliases folded onto the one body: 6
