error[E0277]: the trait bound `S<Z>: AtMost<Z>` is not satisfied
   --> p3_segmented_typestate.rs:184:18
    |
184 |     need_finer::<Tapered, Underflow>();
    |                  ^^^^^^^ unsatisfied trait bound
    |
help: the trait `AtMost<Z>` is not implemented for `S<Z>`
      but trait `AtMost<S<_>>` is implemented for it
   --> p3_segmented_typestate.rs:43:1
    |
 43 | impl<A, B> AtMost<S<B>> for S<A> where A: AtMost<B> {}
    | ^^^^^^^^^^^^^^^^^^^^^^^^^^^^^^^^^^^^^^^^^^^^^^^^^^^
    = help: for that trait implementation, expected `S<_>`, found `Z`
note: required for `S<S<Z>>` to implement `AtMost<S<Z>>`
   --> p3_segmented_typestate.rs:43:12
    |
 43 | impl<A, B> AtMost<S<B>> for S<A> where A: AtMost<B> {}
    |            ^^^^^^^^^^^^     ^^^^          --------- unsatisfied trait bound introduced here
note: required for `Cons<S<S<Z>>, Cons<S<S<S<S<Z>>>>, Nil>>` to implement `FinerThan<Cons<S<Z>, Cons<S<S<Z>>, Nil>>>`
   --> p3_segmented_typestate.rs:51:22
    |
 51 | impl<HB, TB, HA, TA> FinerThan<Cons<HA, TA>> for Cons<HB, TB>
    |                      ^^^^^^^^^^^^^^^^^^^^^^^     ^^^^^^^^^^^^
 52 | where
 53 |     HB: AtMost<HA>,
    |         ---------- unsatisfied trait bound introduced here
    = note: 1 redundant requirement hidden
    = note: required for `Cons<Z, Cons<S<S<Z>>, Cons<S<S<S<S<Z>>>>, Nil>>>` to implement `FinerThan<Cons<S<Z>, Cons<S<Z>, Cons<S<S<Z>>, Nil>>>>`
note: required by a bound in `need_finer`
   --> p3_segmented_typestate.rs:179:22
    |
179 |     fn need_finer<B: FinerThan<A>, A>() {}
    |                      ^^^^^^^^^^^^ required by this bound in `need_finer`

error[E0277]: the trait bound `S<S<Z>>: AtMost<Z>` is not satisfied
   --> p3_segmented_typestate.rs:184:18
    |
184 |     need_finer::<Tapered, Underflow>();
    |                  ^^^^^^^ unsatisfied trait bound
    |
help: the trait `AtMost<Z>` is not implemented for `S<S<Z>>`
      but trait `AtMost<S<S<_>>>` is implemented for it
   --> p3_segmented_typestate.rs:43:1
    |
 43 | impl<A, B> AtMost<S<B>> for S<A> where A: AtMost<B> {}
    | ^^^^^^^^^^^^^^^^^^^^^^^^^^^^^^^^^^^^^^^^^^^^^^^^^^^
    = help: for that trait implementation, expected `S<S<_>>`, found `Z`
note: required for `S<S<S<Z>>>` to implement `AtMost<S<Z>>`
   --> p3_segmented_typestate.rs:43:12
    |
 43 | impl<A, B> AtMost<S<B>> for S<A> where A: AtMost<B> {}
    |            ^^^^^^^^^^^^     ^^^^          --------- unsatisfied trait bound introduced here
    = note: 1 redundant requirement hidden
    = note: required for `S<S<S<S<Z>>>>` to implement `AtMost<S<S<Z>>>`
note: required for `Cons<S<S<S<S<Z>>>>, Nil>` to implement `FinerThan<Cons<S<S<Z>>, Nil>>`
   --> p3_segmented_typestate.rs:51:22
    |
 51 | impl<HB, TB, HA, TA> FinerThan<Cons<HA, TA>> for Cons<HB, TB>
    |                      ^^^^^^^^^^^^^^^^^^^^^^^     ^^^^^^^^^^^^
 52 | where
 53 |     HB: AtMost<HA>,
    |         ---------- unsatisfied trait bound introduced here
    = note: 2 redundant requirements hidden
    = note: required for `Cons<Z, Cons<S<S<Z>>, Cons<S<S<S<S<Z>>>>, Nil>>>` to implement `FinerThan<Cons<S<Z>, Cons<S<Z>, Cons<S<S<Z>>, Nil>>>>`
note: required by a bound in `need_finer`
   --> p3_segmented_typestate.rs:179:22
    |
179 |     fn need_finer<B: FinerThan<A>, A>() {}
    |                      ^^^^^^^^^^^^ required by this bound in `need_finer`

error: aborting due to 2 previous errors

For more information about this error, try `rustc --explain E0277`.
