### 1. total predicate entries
527

### 2. entries per axis
  73 operation
  66 signedness
  66 fraction_width
  65 total_width
  61 overflow_policy
  53 arity
  36 threads
  25 target_features
  20 chain_length
  17 rounding
  14 container
  11 build_profile
   7 toolchain
   4 integer_width
   3 operand_window
   2 radix
   2 alignment
   1 strategy
   1 accumulator_width

### 3. span shape per axis (axis, shape, count)
  40 fraction_width	fixed
  36 signedness	fixed
  36 operation	fixed
  28 arity	fixed
  27 overflow_policy	fixed
  22 operation	set
  21 overflow_policy	set
  19 total_width	fixed
  18 total_width	range
  17 threads	fixed
  16 total_width	set
  15 target_features	any
  15 signedness	set
  15 signedness	prose
  14 operation	prose
  14 arity	prose
  13 threads	prose
  13 container	prose
  12 overflow_policy	prose
  10 fraction_width	range
  10 chain_length	prose
   9 target_features	prose
   9 build_profile	prose
   8 arity	set
   7 total_width	prose
   7 rounding	prose
   6 toolchain	prose
   6 threads	any
   6 rounding	set
   6 fraction_width	set
   6 fraction_width	any
   6 chain_length	range
   5 total_width	any
   4 integer_width	prose
   4 fraction_width	prose
   3 operand_window	prose
   3 chain_length	set
   2 rounding	fixed
   2 rounding	any
   2 arity	any
   2 alignment	prose
   1 toolchain	fixed
   1 target_features	fixed
   1 strategy	fixed
   1 radix	prose
   1 radix	fixed
   1 overflow_policy	any
   1 operation	any
   1 container	any
   1 chain_length	any
   1 build_profile	fixed
   1 build_profile	any
   1 arity	range
   1 accumulator_width	set

### 4. every entry whose span says `any`
  11 target_features	target features any
   5 total_width	W any
   5 fraction_width	F any
   4 target_features	any
   3 threads	threads any
   2 rounding	rounding any
   2 arity	arity any
   1 threads	threads any, the refusal being a type-check outcome that precedes execution
   1 threads	threads any, the equalities being decided at compile time
   1 threads	threads = 1 for the timed instance and threads any for the compile-time artifacts
   1 overflow_policy	overflow policy any
   1 operation	operation any
   1 fraction_width	any
   1 container	container any
   1 chain_length	chain length any
   1 build_profile	emission in {metadata only, full codegen}, debug-assertions any

### 5. every entry whose span is a range, with its bounds
   4 total_width	W in 3..=7
   3 total_width	W in 3..=8
   3 fraction_width	in 0..=W-1
   3 fraction_width	in 0..=5
   2 total_width	W in 3..=6
   2 total_width	W in 1..=65
   2 fraction_width	in 1..=5
   2 chain_length	chain length in 2..=8
   2 chain_length	chain length in 2..=5
   1 total_width	W in {3, 4} for the end-to-end run, and W in 2..=10 for the absorption sweep
   1 total_width	W in 3..=5
   1 total_width	W in 2..=5
   1 total_width	W in 18..=128
   1 total_width	W in 1..=k - s2(k), where s2 is the binary digit sum of k
   1 total_width	W in 1..=d
   1 total_width	W in 1..=19, the widest evaluable width per arity
   1 fraction_width	F in 1..=W
   1 fraction_width	F = 0 for the end-to-end run, and F in 0..=W for the absorption sweep
   1 chain_length	chain length in 1..=6
   1 chain_length	chain length in 1..=256
   1 arity	arity = 3 for the grouping kind, and arity in 2..=5 for the schedule kind

### 6. entries carrying a second colon (would a `::` or `:` marker delimiter collide?)
count:
0

### 7. CONTROL. A planted entry of each shape must classify as that shape.
total_width	range
threads	any
signedness	fixed
operation	set
container	prose
expected: range, any, fixed, set, prose

### 8. CONTROL. A pattern known absent returns zero, one known present does not.
absent(phase_of_the_moon)=0  present(fraction_width)=66
