error[E0117]: only traits defined in the current crate can be implemented for types defined outside of the crate
  --> probe_3e_reimpl_on_genuine_inhabitant.rs:18:1
   |
18 | impl Adjustment for Ratio<H, H> {
   | ^^^^^^^^^^^^^^^^^^^^-----------
   |                     |
   |                     `Ratio` is not defined in the current crate
   |
   = note: impl doesn't have any local type before any uncovered type parameters
   = note: for more information see https://doc.rust-lang.org/reference/items/implementations.html#orphan-rules
   = note: define and implement a trait or new type instead

error[E0117]: only traits defined in the current crate can be implemented for types defined outside of the crate
  --> probe_3e_reimpl_on_genuine_inhabitant.rs:23:1
   |
23 | impl Gcd<O<H>> for I<H> {
   | ^^^^^---------^^^^^----
   |      |             |
   |      |             `I` is not defined in the current crate
   |      `O` is not defined in the current crate
   |
   = note: impl doesn't have any local type before any uncovered type parameters
   = note: for more information see https://doc.rust-lang.org/reference/items/implementations.html#orphan-rules
   = note: define and implement a trait or new type instead

error[E0117]: only traits defined in the current crate can be implemented for types defined outside of the crate
  --> probe_3e_reimpl_on_genuine_inhabitant.rs:27:1
   |
27 | impl Pos for H {
   | ^^^^^^^^^^^^^-
   |              |
   |              `H` is not defined in the current crate
   |
   = note: impl doesn't have any local type before any uncovered type parameters
   = note: for more information see https://doc.rust-lang.org/reference/items/implementations.html#orphan-rules
   = note: define and implement a trait or new type instead

error: aborting due to 3 previous errors

For more information about this error, try `rustc --explain E0117`.
