error[E0277]: the trait bound `Fabricated: nat::sealed::PosSealed` is not satisfied
  --> probe_3c_fabricated_pos_replay.rs:19:14
   |
19 | impl Pos for Fabricated {
   |              ^^^^^^^^^^ unsatisfied trait bound
   |
help: the trait `nat::sealed::PosSealed` is not implemented for `Fabricated`
  --> probe_3c_fabricated_pos_replay.rs:17:1
   |
17 | pub struct Fabricated;
   | ^^^^^^^^^^^^^^^^^^^^^
help: the following other types implement trait `nat::sealed::PosSealed`
  --> vu_nat_sealed_adj.rs:59:1
   |
59 | impl sealed::PosSealed for H {}
   | ^^^^^^^^^^^^^^^^^^^^^^^^^^^^ `H`
60 | impl<P: Pos> sealed::PosSealed for O<P> {}
   | ^^^^^^^^^^^^^^^^^^^^^^^^^^^^^^^^^^^^^^^ `O<P>`
61 | impl<P: Pos> sealed::PosSealed for I<P> {}
   | ^^^^^^^^^^^^^^^^^^^^^^^^^^^^^^^^^^^^^^^ `I<P>`
note: required by a bound in `Pos`
  --> vu_nat_sealed_adj.rs:52:16
   |
52 | pub trait Pos: sealed::PosSealed {
   |                ^^^^^^^^^^^^^^^^^ required by this bound in `Pos`
   = note: `Pos` is a "sealed trait", because to implement it you also need to implement `vu_core::nat::sealed::PosSealed`, which is not accessible; this is usually done to force you to use one of the provided types that already implement it
   = help: the following types implement the trait:
             vu_core::nat::H
             vu_core::nat::O<P>
             vu_core::nat::I<P>

error: aborting due to 1 previous error

For more information about this error, try `rustc --explain E0277`.
