error[E0277]: the trait bound `EvilPos: nat::sealed::PosSealed` is not satisfied
  --> probe_3_direct_impls_refused.rs:20:14
   |
20 | impl Pos for EvilPos {
   |              ^^^^^^^ unsatisfied trait bound
   |
help: the trait `nat::sealed::PosSealed` is not implemented for `EvilPos`
  --> probe_3_direct_impls_refused.rs:15:1
   |
15 | pub struct EvilPos;
   | ^^^^^^^^^^^^^^^^^^
help: the following other types implement trait `nat::sealed::PosSealed`
  --> vu_nat_sealed_adj.rs:59:1
   |
59 | impl sealed::PosSealed for H {}
   | ^^^^^^^^^^^^^^^^^^^^^^^^^^^^ `H`
60 | impl<P: Pos> sealed::PosSealed for O<P> {}
   | ^^^^^^^^^^^^^^^^^^^^^^^^^^^^^^^^^^^^^^^ `O<P>`
61 | impl<P: Pos> sealed::PosSealed for I<P> {}
   | ^^^^^^^^^^^^^^^^^^^^^^^^^^^^^^^^^^^^^^^ `I<P>`
note: required by a bound in `Pos`
  --> vu_nat_sealed_adj.rs:52:16
   |
52 | pub trait Pos: sealed::PosSealed {
   |                ^^^^^^^^^^^^^^^^^ required by this bound in `Pos`
   = note: `Pos` is a "sealed trait", because to implement it you also need to implement `vu_core::nat::sealed::PosSealed`, which is not accessible; this is usually done to force you to use one of the provided types that already implement it
   = help: the following types implement the trait:
             vu_core::nat::H
             vu_core::nat::O<P>
             vu_core::nat::I<P>

error[E0277]: the trait bound `EvilNat: nat::sealed::NatSealed` is not satisfied
  --> probe_3_direct_impls_refused.rs:24:14
   |
24 | impl Nat for EvilNat {
   |              ^^^^^^^ unsatisfied trait bound
   |
help: the trait `nat::sealed::NatSealed` is not implemented for `EvilNat`
  --> probe_3_direct_impls_refused.rs:16:1
   |
16 | pub struct EvilNat;
   | ^^^^^^^^^^^^^^^^^^
help: the following other types implement trait `nat::sealed::NatSealed`
  --> vu_nat_sealed_adj.rs:79:1
   |
79 | impl sealed::NatSealed for Z {}
   | ^^^^^^^^^^^^^^^^^^^^^^^^^^^^ `Z`
80 | impl<P: Pos> sealed::NatSealed for Pz<P> {}
   | ^^^^^^^^^^^^^^^^^^^^^^^^^^^^^^^^^^^^^^^^ `Pz<P>`
note: required by a bound in `Nat`
  --> vu_nat_sealed_adj.rs:73:16
   |
73 | pub trait Nat: sealed::NatSealed {
   |                ^^^^^^^^^^^^^^^^^ required by this bound in `Nat`
   = note: `Nat` is a "sealed trait", because to implement it you also need to implement `vu_core::nat::sealed::NatSealed`, which is not accessible; this is usually done to force you to use one of the provided types that already implement it
   = help: the following types implement the trait:
             vu_core::nat::Z
             vu_core::nat::Pz<P>

error[E0277]: the trait bound `EvilAdj: nat::sealed::AdjustmentSealed` is not satisfied
   --> probe_3_direct_impls_refused.rs:28:21
    |
 28 | impl Adjustment for EvilAdj {
    |                     ^^^^^^^ unsatisfied trait bound
    |
help: the trait `nat::sealed::AdjustmentSealed` is not implemented for `EvilAdj`
   --> probe_3_direct_impls_refused.rs:17:1
    |
 17 | pub struct EvilAdj;
    | ^^^^^^^^^^^^^^^^^^
help: the trait `nat::sealed::AdjustmentSealed` is implemented for `Ratio<N, D>`
   --> vu_nat_sealed_adj.rs:464:1
    |
464 | impl<N: Pos + Gcd<D, Out = H>, D: Pos> sealed::AdjustmentSealed for Ratio<N, D> {}
    | ^^^^^^^^^^^^^^^^^^^^^^^^^^^^^^^^^^^^^^^^^^^^^^^^^^^^^^^^^^^^^^^^^^^^^^^^^^^^^^^
note: required by a bound in `Adjustment`
   --> vu_nat_sealed_adj.rs:460:23
    |
460 | pub trait Adjustment: sealed::AdjustmentSealed {
    |                       ^^^^^^^^^^^^^^^^^^^^^^^^ required by this bound in `Adjustment`
    = note: `Adjustment` is a "sealed trait", because to implement it you also need to implement `vu_core::nat::sealed::AdjustmentSealed`, which is not accessible; this is usually done to force you to use one of the provided types that already implement it
    = help: the following type implements the trait:
              vu_core::nat::Ratio<N, D>

error[E0277]: the trait bound `EvilBias: bias::bias_sealed::BiasSealed` is not satisfied
   --> probe_3_direct_impls_refused.rs:33:15
    |
 33 | impl Bias for EvilBias {
    |               ^^^^^^^^ unsatisfied trait bound
    |
help: the trait `bias::bias_sealed::BiasSealed` is not implemented for `EvilBias`
   --> probe_3_direct_impls_refused.rs:18:1
    |
 18 | pub struct EvilBias;
    | ^^^^^^^^^^^^^^^^^^^
help: the following other types implement trait `bias::bias_sealed::BiasSealed`
   --> vu_bias_sealed_adj.rs:197:1
    |
197 | impl bias_sealed::BiasSealed for BZero {}
    | ^^^^^^^^^^^^^^^^^^^^^^^^^^^^^^^^^^^^^^ `BZero`
198 | impl<N: Pos + Gcd<D, Out = H>, D: Pos> bias_sealed::BiasSealed for BPos<N, D> {}
    | ^^^^^^^^^^^^^^^^^^^^^^^^^^^^^^^^^^^^^^^^^^^^^^^^^^^^^^^^^^^^^^^^^^^^^^^^^^^^^ `BPos<N, D>`
199 | impl<N: Pos + Gcd<D, Out = H>, D: Pos> bias_sealed::BiasSealed for BNeg<N, D> {}
    | ^^^^^^^^^^^^^^^^^^^^^^^^^^^^^^^^^^^^^^^^^^^^^^^^^^^^^^^^^^^^^^^^^^^^^^^^^^^^^ `BNeg<N, D>`
note: required by a bound in `Bias`
   --> vu_bias_sealed_adj.rs:182:17
    |
182 | pub trait Bias: bias_sealed::BiasSealed {
    |                 ^^^^^^^^^^^^^^^^^^^^^^^ required by this bound in `Bias`
    = note: `Bias` is a "sealed trait", because to implement it you also need to implement `vu_core::bias::bias_sealed::BiasSealed`, which is not accessible; this is usually done to force you to use one of the provided types that already implement it
    = help: the following types implement the trait:
              vu_core::bias::BZero
              vu_core::bias::BPos<N, D>
              vu_core::bias::BNeg<N, D>

error: aborting due to 4 previous errors

For more information about this error, try `rustc --explain E0277`.
