error[E0271]: type mismatch resolving `<O<I<H>> as Gcd<O<O<I<H>>>>>::Out == H`
  --> probe_3d_malformed_types_refused.rs:30:32
   |
30 | pub fn unreduced_adjustment(_: AdjPos<Ratio<P6, P12>>) {} // E0271: gcd is 6, not H
   |                                ^^^^^^^^^^^^^^^^^^^^^^ expected `H`, found `O<I<H>>`
   |
   = note: expected struct `H`
              found struct `O<I<H>>`
   = note: required for `Ratio<O<I<H>>, O<O<I<H>>>>` to implement `Adjustment`
note: required by a bound in `AdjPos`
  --> probe_3d_malformed_types_refused.rs:21:22
   |
21 | pub struct AdjPos<A: Adjustment>(core::marker::PhantomData<A>);
   |                      ^^^^^^^^^^ required by this bound in `AdjPos`

error[E0271]: type mismatch resolving `<O<I<H>> as Gcd<O<O<I<H>>>>>::Out == H`
  --> probe_3d_malformed_types_refused.rs:31:26
   |
31 | pub fn unreduced_bias(_: BiasPos<BPos<P6, P12>>) {} // E0271, same route
   |                          ^^^^^^^^^^^^^^^^^^^^^^ expected `H`, found `O<I<H>>`
   |
   = note: expected struct `H`
              found struct `O<I<H>>`
   = note: required for `BPos<O<I<H>>, O<O<I<H>>>>` to implement `Bias`
note: required by a bound in `BiasPos`
  --> probe_3d_malformed_types_refused.rs:22:23
   |
22 | pub struct BiasPos<B: Bias>(core::marker::PhantomData<B>);
   |                       ^^^^ required by this bound in `BiasPos`

error[E0277]: the trait bound `Evil: Pos` is not satisfied
  --> probe_3d_malformed_types_refused.rs:32:26
   |
32 | pub fn padded_foreign(_: PosPos<O<Evil>>) {} // E0277: Evil is not Pos
   |                          ^^^^^^^^^^^^^^^ unsatisfied trait bound
   |
help: the trait `Pos` is not implemented for `Evil`
  --> probe_3d_malformed_types_refused.rs:25:1
   |
25 | pub struct Evil;
   | ^^^^^^^^^^^^^^^
help: the following other types implement trait `Pos`
  --> vu_nat_sealed_adj.rs:63:1
   |
63 | impl Pos for H {
   | ^^^^^^^^^^^^^^ `H`
...
66 | impl<P: Pos> Pos for O<P> {
   | ^^^^^^^^^^^^^^^^^^^^^^^^^ `O<P>`
...
69 | impl<P: Pos> Pos for I<P> {
   | ^^^^^^^^^^^^^^^^^^^^^^^^^ `I<P>`
   = note: required for `O<Evil>` to implement `Pos`
note: required by a bound in `PosPos`
  --> probe_3d_malformed_types_refused.rs:23:22
   |
23 | pub struct PosPos<P: Pos>(core::marker::PhantomData<P>);
   |                      ^^^ required by this bound in `PosPos`

error: aborting due to 3 previous errors

Some errors have detailed explanations: E0271, E0277.
For more information about an error, try `rustc --explain E0271`.
