==============================================================
CONTROLS
==============================================================
-- C1 citations only AFTER the heading -> before must be 0 --
   after_only  : 0 1 3
-- C2 citations only BEFORE the heading -> after must be 0 --
   before_only : 2 0 4
-- C3 no reconciliation heading -> excluded, reported as '-' --
   no_recon    : - - -

==============================================================
Member files >= 189 carrying a reconciliation heading
244 through 249 excluded: seat 249 had not read them when this ran.
==============================================================
file                                                              blind  recon
196_dolan_attacking_the_surface_derivation                            1     22
219_kiselyov_the_marker_spelling                                     12      2
220_orchard_the_marker_spelling                                       6      9
225_peyton_jones_the_container_premise                               24     17
229_lamport_do_the_six_names_denote_one_operation_each               27      3
232_lamport_the_nine_rounding_entries_derived_cold                   20      6
233_kiselyov_the_nine_rounding_entries_from_their_instruments        33      9
240_the_format_layer_derived_from_its_denotation                     17      1
241_kiselyov_admission_is_a_resolution_not_a_verdict                 16      3
242_what-admits-a-number-system                                       5      3

files with a reconciliation heading:            10
of those, citing the registry in the BLIND half: 10
registry citations inside blind halves:          161

-- how many post-189 files ran a blind phase at all --
with a reconciliation heading:    10
without one:                      45

-- C4 the split regex must not fire on any file's TITLE line --
files whose line 1 matches: 0   (non-zero would mean every split above is at line 1)
