### M4, the two halves of each pair, printed so they can be compared by eye
--- const_add.rs
    const C: u8 = 200u8 + 100u8;
    fn main() { println!("{}", C); }
--- const_sub.rs
    const C: u8 = 0u8 - 1u8;
    fn main() { println!("{}", C); }
--- const_shl.rs
    const C: u8 = 1u8 << 9u32;
    fn main() { println!("{}", C); }
--- matrix.rs (the runtime half, one binary, op chosen by argv)
    // The 2x2: evaluation site against build profile, on one expression at a time.
    //
    // Built once per (operation, site) so a const refusal takes down only its own
    // compilation. The runtime half of each pair is the identical expression with
    // the identical types, so the only thing that moves between the two halves is
    // where it is evaluated.
    //
    // OP is set by the caller: add, sub, shl.
    fn main() {
        let a: u8 = std::hint::black_box(200);
        let b: u8 = std::hint::black_box(100);
        let one: u8 = std::hint::black_box(1);
        let nine: u32 = std::hint::black_box(9);
        let zero: u8 = std::hint::black_box(0);
        match std::env::args().nth(1).unwrap_or_default().as_str() {
            "add" => println!("{}", a + b),
            "sub" => println!("{}", zero - one),
            "shl" => println!("{}", one << nine),
            other => panic!("no such op: {other}"),
        }
    }

op     site               debug-assertions     outcome
add    const evaluation   on                   REFUSED error[E0080]
add    const evaluation   off                  REFUSED error[E0080]
sub    const evaluation   on                   REFUSED error[E0080]
sub    const evaluation   off                  REFUSED error[E0080]
shl    const evaluation   on                   REFUSED error[E0080]
shl    const evaluation   off                  REFUSED error[E0080]
add    execution          on                   PANIC attempt to add with overflow
sub    execution          on                   PANIC attempt to subtract with overflow
shl    execution          on                   PANIC attempt to shift left with overflow
add    execution          off                  value 44
sub    execution          off                  value 255
shl    execution          off                  value 2

### M1, negative controls: operands that do not overflow, all four cells
  add   const  da=on   value 255
  add   const  da=off  value 255
  sub   const  da=on   value 0
  sub   const  da=off  value 0
  shl   const  da=on   value 128
  shl   const  da=off  value 128

### M3, stderr sizes
     575 matrix_out/c_add_off.stderr
     575 matrix_out/c_add_on.stderr
     567 matrix_out/c_shl_off.stderr
     567 matrix_out/c_shl_on.stderr
     563 matrix_out/c_sub_off.stderr
     563 matrix_out/c_sub_on.stderr
       0 matrix_out/ctl_add_off.stderr
       0 matrix_out/ctl_add_on.stderr
       0 matrix_out/ctl_shl_off.stderr
       0 matrix_out/ctl_shl_on.stderr
       0 matrix_out/ctl_sub_off.stderr
       0 matrix_out/ctl_sub_on.stderr
       0 matrix_out/rt_off.stderr
       0 matrix_out/rt_on.stderr
    3410 total
