
law::additive_associativity_under_wrapping  [provenance]
  -> 63_spj_consolidation_the_format_concept:444  (CONTROL: reading 844)
     | eager impossibility.
     | 
     | **Q11.** The structure-naming option should state that the induced structure is **derived from
     | congruence verdicts**, one per operation, computed from the policy, the scale, the sign domain
     | and the range's symmetry, rather than growing a parameter list (`57b:374-378`, absorbing `57`'s

law::additive_associativity_under_wrapping  [provenance]
  -> 63_spj_consolidation_the_format_concept:473  (CONTROL: reading 873)
     | semiring transfers to fractional formats" (`58` section 5, structural); "wrap's induced ring
     | transfers to fractional formats" (`61` section 6); "signed two's-complement saturating
     | multiplication induces a semigroup at some width" and "the wrap section is a relabelling at
     | every scale" (`62` section 5).
     | 

law::additive_associativity_under_wrapping  [provenance]
  -> 90_giesen_consolidation_derived_algebraic_laws:122  (CONTROL: reading 522)
     | on principle by I15 (`85:20-25`). Q39's option (b) is dead, and not by the panel.
     | 
     | The natural in-range declaration as a licence, killed by measurement: sound-looking, wrong on half the
     | domain (`82` F4).
     | 

law::additive_associativity_under_saturation  [provenance]
  -> 63_spj_consolidation_the_format_concept:443  (CONTROL: reading 843)
     | (`57b:380-382`). Gains `60`'s probe A as the constructive F = 8 window instance beside `58`'s
     | eager impossibility.
     | 
     | **Q11.** The structure-naming option should state that the induced structure is **derived from
     | congruence verdicts**, one per operation, computed from the policy, the scale, the sign domain

law::additive_associativity_under_saturation  [provenance]
  -> 63_spj_consolidation_the_format_concept:352  (CONTROL: reading 752)
     | conceded by `57b`). `58`'s constant-savings pattern (refuted at n = 5 and under RNE by `60`,
     | exactly as `58`'s own withheld trust anticipated).
     | 
     | **Standing, precisely bounded.** `56` has never been resumed: `58`'s question on per-operation
     | coherence (`58:336-342`), `61`'s two questions on the C-law's window and its restatement

law::additive_associativity_under_saturation  [provenance]
  -> 63_spj_consolidation_the_format_concept:300  (CONTROL: reading 700)
     | passes; the grades and the window are implementation-neutral. Rests on: section 5, ONE EXPERT
     | cold plus reconciliation, unattacked. **C9 assumes the D-B direction**, which is where `60`'s
     | derivation lands and whose content section 5 states; D-A and D-C remain live per section 5's
     | directions paragraph, so C9 is a candidate under D-B and adopting it must not be read as closing
     | the direction question. Under D-A it has no home by construction. Under D-C the wording shifts in

law::additive_associativity_under_saturation  [provenance]
  -> 90_giesen_consolidation_derived_algebraic_laws:123  (CONTROL: reading 523)
     | 
     | The natural in-range declaration as a licence, killed by measurement: sound-looking, wrong on half the
     | domain (`82` F4).
     | 
     | The saturation-radius shortcut for general signed laws, killed by a non-constant tail (`89` F11); and

law::additive_associativity_under_saturation  [provenance]
  -> 106_giesen_consolidation_the_strategy_axis:1356  (CONTROL: reading 1756)

law::multiplicative_associativity_under_wrapping  [provenance]
  -> 63_spj_consolidation_the_format_concept:446  (CONTROL: reading 846)
     | **Q11.** The structure-naming option should state that the induced structure is **derived from
     | congruence verdicts**, one per operation, computed from the policy, the scale, the sign domain
     | and the range's symmetry, rather than growing a parameter list (`57b:374-378`, absorbing `57`'s
     | scale condition, `61`'s wrap extension and `62`'s two parameters). The accumulator option and
     | the "both" option gain the additive-only qualification (already partially in Q17; not yet in

law::multiplicative_associativity_under_wrapping  [provenance]
  -> 63_spj_consolidation_the_format_concept:417  (CONTROL: reading 817)
     | shape (`60:544-549`). The coherence-direct second mechanism's characterisation (`61:435-441`).
     | Whether the H1/H2 frame survives an operation whose ambient is not commutative, which nobody has
     | posed. And the Q3 sweep in `60`'s sharpened form, which is the experts' half of an op question.
     | 
     | ## 10. Fits against the register, and what it should gain

law::multiplicative_associativity_under_wrapping  [provenance]
  -> 106_giesen_consolidation_the_strategy_axis:324  (CONTROL: reading 724)
     | dropping an arm dominated at every region moves the section for **961 of 2000 weightings** on the carrier
     | family. Under raw coordinates neither changes anything, 6 of 6 and 0 of 2000 in 4 of 4 families, which is
     | the theorem. Under normalisation with the range frozen as declared constants, likewise nothing. So a design
     | shipping normalised costs states the range as declared constants, and `101`'s algebra says that costs
     | nothing because there is no second model to state.

law::multiplicative_associativity_under_saturation  [provenance]
  -> 63_spj_consolidation_the_format_concept:358  (CONTROL: reading 758)
     | it. `55b` has not answered `57`'s ladder-vocabulary question (`57:433-435`) or `62`'s
     | range-symmetry question, though `57b:353-360` answers the latter on its own account. `60`'s
     | grade-s question to `57` (`60:551-556`) is unanswered; `57b` did not open `60`, and its H1/H2
     | frame plausibly contains the answer (grade s is the case where H1 holds and no reduction runs),
     | but nobody has said so on the record and I do not promote my own reading of it past this

law::multiplicative_associativity_under_saturation  [provenance]
  -> 63_spj_consolidation_the_format_concept:364  (CONTROL: reading 764)
     | `58` itself flagged. Under `RULES.md:232-235` an expert is resumed, not replaced; resuming `56`
     | is the cheapest way to close three standing exchanges at once.
     | 
     | **The one methodological disagreement, resolved by evidence.** Whether the canon should state
     | the concept as four slots or as the identity-plus-realisation split was called a drafting choice

law::multiplicative_associativity_under_saturation  [provenance]
  -> 63_spj_consolidation_the_format_concept:445  (CONTROL: reading 845)
     | 
     | **Q11.** The structure-naming option should state that the induced structure is **derived from
     | congruence verdicts**, one per operation, computed from the policy, the scale, the sign domain
     | and the range's symmetry, rather than growing a parameter list (`57b:374-378`, absorbing `57`'s
     | scale condition, `61`'s wrap extension and `62`'s two parameters). The accumulator option and

law::multiplicative_associativity_under_saturation  [provenance]
  -> 106_giesen_consolidation_the_strategy_axis:324  (CONTROL: reading 724)
     | dropping an arm dominated at every region moves the section for **961 of 2000 weightings** on the carrier
     | family. Under raw coordinates neither changes anything, 6 of 6 and 0 of 2000 in 4 of 4 families, which is
     | the theorem. Under normalisation with the range frozen as declared constants, likewise nothing. So a design
     | shipping normalised costs states the range as declared constants, and `101`'s algebra says that costs
     | nothing because there is no second model to state.

law::distributivity_of_multiplication_over_addition  [provenance]
  -> 106_giesen_consolidation_the_strategy_axis:324  (CONTROL: reading 724)
     | dropping an arm dominated at every region moves the section for **961 of 2000 weightings** on the carrier
     | family. Under raw coordinates neither changes anything, 6 of 6 and 0 of 2000 in 4 of 4 families, which is
     | the theorem. Under normalisation with the range frozen as declared constants, likewise nothing. So a design
     | shipping normalised costs states the range as declared constants, and `101`'s algebra says that costs
     | nothing because there is no second model to state.

law::distributivity_of_multiplication_over_addition  [provenance]
  -> 106_giesen_consolidation_the_strategy_axis:331  (CONTROL: reading 731)
     | coupling between the instrument and the answer and is worth knowing before anything is built on a
     | normalised cost table.
     | 
     | **The coordinates split before they split into present and absent.** `102`'s measured-versus-computed line:
     | time is measured and carries the instrument's floor; bits per element is declared and exact; error against

law::distributivity_of_multiplication_over_addition  [provenance]
  -> 106_giesen_consolidation_the_strategy_axis:1354  (CONTROL: reading 1754)

law::distributivity_of_multiplication_over_subtraction  [provenance]
  -> 106_giesen_consolidation_the_strategy_axis:333  (CONTROL: reading 733)
     | 
     | **The coordinates split before they split into present and absent.** `102`'s measured-versus-computed line:
     | time is measured and carries the instrument's floor; bits per element is declared and exact; error against
     | an exact reference is computed and exact. The rule that follows is in section 1 and its predicate is
     | `103`'s.

law::associativity_of_a_composed_saturating_add_and_subtract  [provenance]
  -> 90_giesen_consolidation_derived_algebraic_laws:131  (CONTROL: reading 531)
     | makes the degree box the test set, the monotonicity induction `86` flagged as its own weakest point
     | (`86:449-452`) is not weakened but unneeded, and the verdicts agree at roughly one sixtieth the
     | evaluation steps (`89` section 2 against `86:276-278`).
     | 
     | The typestate-against-trajectory framing as the licensing axis, dissolved by op at `83`: the axis is

law::associativity_of_a_composed_saturating_add_and_subtract  [provenance]
  -> 90_giesen_consolidation_derived_algebraic_laws:137  (CONTROL: reading 537)
     | each rejected by op as the anti-pattern I13 names: rank the four constructions (`85:49-59`), pick
     | typestate or values (`83`), decide whether consumers would write window declarations (`88`, where his
     | words are "Take the win where it applies, gate it out from where it does not"). Per `89` section 10,
     | `86`'s three-kinds row enumeration (O-J') is the same shape arriving from a member rather than the
     | coordinator, and this consolidation carries the kinds as **instances observed so far**, not as a closed

law::existence_of_a_translation_invariant_total_order  [provenance]
  -> 74_giesen_consolidation_the_number_system_concept:277  (CONTROL: reading 677)
     | question are one question (`73:415-424`). Not settled; the discriminating fact is whether any
     | role may move a coordinate before the encoding, and for the compute role that is an open register
     | entry (`OPTIONS.md:990-998`).
     | 
     | **D4, is the ambient domain's operation family fixed or a parameter.** Posed by `67:440-446`,

law::existence_of_a_translation_invariant_total_order  [provenance]
  -> 63_spj_consolidation_the_format_concept:286  (CONTROL: reading 686)
     | suffices at any fold length. For incoherent clamped addition, agreement with the once-adapted
     | exact answer needs the exact-sum width less one bit, because the final adaptation absorbs the
     | outermost bit. For multiplication no bounded closed form exists: the guard grows linearly in
     | fold length, and any capacity-derived accumulator statement is an additive-only mechanism.*
     | Permanence: passes. Equivalence: passes at the measured widths; the one-bit constant is ONE

law::rounding_retraction_is_the_identity  [provenance]
  -> 106_giesen_consolidation_the_strategy_axis:347  (CONTROL: reading 747)
     | 
     | **Two more things about estimation, and they cut against each other in a way that is the answer rather than
     | a tie.** `100` found the interquartile range a poor estimator of its third coordinate and swapped in the
     | 95th percentile, strictly better on both axes it measured: 3 distinct sections against 161, and 54 of 60 arm
     | pairs separated against 43 of 60. `101` then measured the third axis nobody had: **on the carrier family

law::rounding_retraction_is_the_identity  [provenance]
  -> 63_spj_consolidation_the_format_concept:415  (CONTROL: reading 815)
     | toolchain (`60:286-290`). Whether the statistical-error-bound alternative is expressible in the
     | typestate at all (`58:451-456`), for which `60`'s per-window counting contract is one candidate
     | shape (`60:544-549`). The coherence-direct second mechanism's characterisation (`61:435-441`).
     | Whether the H1/H2 frame survives an operation whose ambient is not commutative, which nobody has
     | posed. And the Q3 sweep in `60`'s sharpened form, which is the experts' half of an op question.

law::equation_truth_sets_are_initial_segments_in_the_width  [provenance]
  -> 90_giesen_consolidation_derived_algebraic_laws:237  (CONTROL: reading 637)
     | **Q40, which route a verdict takes to its closed form** (`OPTIONS.md:1933-1953`). Route (a), lifting
     | through a proof, subsumed for ring laws by the box procedure at any affordable arity (`86` F3 prices
     | the box); route (b), structural argument, shrank by the sign-uniform law and remains load-bearing for
     | signed, multivariate and mixed laws; route (c), stays swept, is the schedule-conditional class, outside
     | every fragment with a theorem, and is the class op's I7 is stated over.

law::equation_truth_sets_are_initial_segments_in_the_width  [provenance]
  -> 90_giesen_consolidation_derived_algebraic_laws:241  (CONTROL: reading 641)
     | every fragment with a theorem, and is the class op's I7 is stated over.
     | 
     | **O-I, where a fold's operand window comes from** (`82` section 14, in full there). Four sources:
     | structural shape (unspellable straddling bounds, refuses at type check), a const outside the typestate
     | (refuses at codegen, author-asserted), checked once at a consumer-side boundary (available only where

law::equation_truth_sets_are_initial_segments_in_the_width  [provenance]
  -> 90_giesen_consolidation_derived_algebraic_laws:262  (CONTROL: reading 662)
     | 
     | **The length-aware predicate** (`82` section 10, F13). Licenses strictly more than the closure
     | predicate, needs the length at const time, unbuilt. Decides how much a statically-sized fold buys over
     | a runtime-length one.
     | 

law::the_falling_factorial_family_vanishes_modulo_two_to_the_width  [provenance]
  -> 90_giesen_consolidation_derived_algebraic_laws:216  (CONTROL: reading 616)
     | band-local, its residue is unbounded in general (`84` section 3), and it is strictly dominated inside
     | any fragment with a test-set theorem. The route added mid-unit, `84`'s O-J (`84:362-370`) as extended by `86` and
     | `89`: a verdict row carries a witness, or a per-fragment complete test set evaluated at the gated
     | width, or a named structural argument, with band agreement licensed only as an implementation check on
     | a checker. Two fragments have test-set theorems; the named-argument class shrank by one law during the

law::the_saturating_exponent_absorbing_identity  [provenance]
  -> 90_giesen_consolidation_derived_algebraic_laws:231  (CONTROL: reading 631)
     | consumer's, arvo may ship casting and conversion helpers and may not use them on the consumer's behalf
     | (`88` section 3). What survives of option (c) is the consumer-side constructor shape
     | (`82_probes/p3d_structural_permission.rs`'s window constructor), available exactly where closure holds
     | (R8), which is a per-region fact rather than a policy. This reading is the consolidator's synthesis of
     | the three quotes and is open to attack on that basis.

law::the_multiplicative_inverse_round_trip  [provenance]
  -> 90_giesen_consolidation_derived_algebraic_laws:223  (CONTROL: reading 623)
     | same architecture is the unit's candidate for Q25, how the law inventory is named
     | (`OPTIONS.md:1637-1641`), with `89`'s addendum that a law can move between row kinds when a theorem is
     | found, so the rows are provisional.
     | 
     | **Q39, whether an arm's predicate may read data** (`OPTIONS.md:1907-1932`). Resolved in substance by

law::coherence_of_a_reduction_onto_its_induced_operation  [provenance]
  -> 63_spj_consolidation_the_format_concept:219  (CONTROL: reading 619)
     | composed with a named, total adaptation onto the representable set. The adaptation is a
     | first-class object with its own laws; an operation that fuses one invisibly is an operation and
     | an adaptation point wearing one name, and the model's statements apply to it only when the two
     | are separated.* Permanence: passes; no mechanism named. Equivalence: passes; it fixes the
     | correctness oracle every probe in this unit used. Rests on: 3.1 (two cold arrivals with the

law::coherence_of_a_reduction_onto_its_induced_operation  [provenance]
  -> 63_spj_consolidation_the_format_concept:389  (CONTROL: reading 789)
     | at any bounded accumulator width, the way a chain of sums can (4.5). So "accurate especially
     | within chains" for the accuracy strategy means one of: an accumulator growing linearly in fold
     | length; windowed composite exactness with a stated bound across windows; or a stated error
     | budget instead of an exactness guarantee, which is what shipped DSP practice does
     | (`58:296-315`, `60:510-513`). Q14 currently has no line saying the choice exists. The unit

law::coherence_of_a_reduction_onto_its_induced_operation  [provenance]
  -> 63_spj_consolidation_the_format_concept:731  (CONTROL: reading 1131)
