=== the 43 normative rows, flagged where their own says/because reports a measurement ===
  .  a_chain_is_exact_operations_together_with_a_schedule_of_adaptation_points
  .  a_closed_ambient_operation_makes_the_reduction_the_identity
  .  a_const_eval_frontier_is_a_fact_about_the_procedure_rather_than_about_the_law
  .  a_crossing_carries_two_relations_and_a_verdict_per_law_family
  .  a_crossing_preserves_an_operation_exactly_when_it_moves_no_coordinate_that_operation_reads
  .  a_crossings_preservations_are_the_two_law_families
  .  a_law_is_a_fact_about_an_operation_composed_under_a_fixed_arithmetic_semantics
  .  a_strategy_is_a_pair_of_an_observable_assignment_and_a_weighting
  .  a_system_exposes_its_ambient_laws_its_set_and_its_reductions_verdicts
  .  admission_returns_a_coordinate_rather_than_a_verdict
  .  an_order_is_named_exactly_where_a_crossing_is_lossy
  .  arithmetic_on_a_format_factors_as_an_adaptation_of_an_exact_operation
  .  arms_with_const_predicates_are_the_organising_shape_all_four_topics_reached
  .  arvo_owes_laws_as_checkable_facts_and_not_as_a_rewriting_engine
  .  conversion_and_resolution_are_one_obligation_at_two_arities
  .  derivation_is_completion_of_the_sequence_by_the_typestate
  .  each_choice_in_the_sequence_has_an_owner_and_a_resolution_time
  .  erasures_guarantee_is_a_conditional_with_a_stated_base
  .  every_canon_sentence_names_the_prefix_it_quantifies_over
  .  meaning_is_decided_by_the_first_three_coordinates_and_cost_by_the_last_two
  .  membership_and_hosting_are_two_questions
  .  membership_of_the_representable_set_is_one_affine_predicate
  .  one_container_hosts_many_systems_so_the_canon_types_the_system
  .  roles_derive_representations_and_a_realisation_variant_computes_nothing_new
  .  the_adaptation_slot_is_derived_and_a_strategy_selects_a_member_per_operation
  .  the_concept_is_closed_and_the_inventory_is_open
  .  the_concepts_edge_is_not_an_order_and_wrapping_is_the_test
  .  the_format_concept_carries_three_things_upward_and_compositions_owe_their_own_laws
  .  the_named_strategies_are_points_in_a_product_and_the_flat_set_is_a_slice
  .  the_numeral_concept_is_a_dependent_sequence_of_choices
  .  the_two_law_families_have_two_consumer_classes
MEAS a_composed_expressions_region_is_never_inherited_from_its_parts
MEAS a_format_is_identified_by_its_ambient_domain_and_its_representable_set
MEAS a_law_layer_answers_whether_a_law_reaches_a_lowering_the_backend_cannot_prove
MEAS a_predicate_carries_every_dimension_it_depends_on_and_the_fraction_width_is_the_one_that_keeps_going
MEAS a_region_whose_arms_may_differ_is_validated_arm_by_arm_against_its_own_semantics
MEAS a_strategy_is_a_declared_semantics_together_with_a_weighting_over_the_arms_that_realise_it
MEAS a_strategy_is_a_preference_over_measurements_resolved_as_a_compile_time_argmin
MEAS an_instrument_is_mutated_and_the_battery_is_made_to_notice
MEAS every_dispute_in_the_number_system_topic_was_a_dispute_about_an_address
MEAS the_concept_commits_to_its_choices_and_to_no_count_of_levels
MEAS validation_is_two_acts_keyed_by_boundary_and_it_validates_maps
MEAS what_ships_is_four_arms_with_disjoint_predicates_over_one_generated_artifact_set

normative rows whose justification reports a measurement: 12
normative rows that read as pure imposition:              31

=== CONTROL 1: the same detector over the 18 rows already marked measured ===
  .  a_coordinate_set_is_a_countable_ceiling_on_how_many_strategies_can_exist
  .  chain_accuracy_cannot_be_served_by_an_operator_closed_over_its_operand_type
  .  the_rationalisability_counts_on_the_committed_carrier_table
MEAS a_coherent_reduction_needs_no_accumulator
MEAS a_compile_time_strategy_selection_leaves_no_residue_in_the_emitted_body
MEAS a_law_stated_as_an_author_written_marker_is_checked_by_nothing
MEAS a_nonzero_phase_leaves_the_representable_set_without_an_additive_identity
MEAS a_trajectory_condition_lifts_into_a_declaration_exactly_when_it_survives_closure
MEAS absorption_decides_associativity_of_a_clamped_reduction
MEAS an_exposure_test_over_reduction_verdicts_alone_is_satisfied_by_a_system_that_computes_nothing
MEAS an_incoherent_clamped_addition_needs_the_exact_sum_width_less_one_bit
MEAS generation_relocates_the_check_rather_than_removing_it
MEAS headroom_and_intermediate_precision_are_unobservable_inside_a_pure_ring_region
MEAS most_committed_bench_regions_predate_the_harness_cross_variant_validation
MEAS no_total_join_exists_over_the_observable_axes_so_the_operation_reports
MEAS the_const_eval_frontier_collapses_along_arity_and_buys_three_bits_from_the_guard
MEAS the_corpus_cannot_exhibit_the_accuracy_intents_because_a_coordinate_is_absent
MEAS the_multiplicative_guard_grows_linearly_and_the_saving_is_adaptation_fusion
fired on: 15 of 18

=== CONTROL 2: the detector on a string with no measurement vocabulary ===
0
0 hits, as required
