a_coherent_reduction_needs_no_accumulator
a_compile_time_strategy_selection_leaves_no_residue_in_the_emitted_body
a_coordinate_set_is_a_countable_ceiling_on_how_many_strategies_can_exist
a_law_stated_as_an_author_written_marker_is_checked_by_nothing
a_nonzero_phase_leaves_the_representable_set_without_an_additive_identity
a_trajectory_condition_lifts_into_a_declaration_exactly_when_it_survives_closure
absorption_decides_associativity_of_a_clamped_reduction
an_exposure_test_over_reduction_verdicts_alone_is_satisfied_by_a_system_that_computes_nothing
an_incoherent_clamped_addition_needs_the_exact_sum_width_less_one_bit
chain_accuracy_cannot_be_served_by_an_operator_closed_over_its_operand_type
generation_relocates_the_check_rather_than_removing_it
headroom_and_intermediate_precision_are_unobservable_inside_a_pure_ring_region
most_committed_bench_regions_predate_the_harness_cross_variant_validation
no_total_join_exists_over_the_observable_axes_so_the_operation_reports
the_const_eval_frontier_collapses_along_arity_and_buys_three_bits_from_the_guard
the_corpus_cannot_exhibit_the_accuracy_intents_because_a_coordinate_is_absent
the_four_consolidations_contradict_each_other_nowhere
the_licensed_category_is_const_available_and_four_constructions_bind_at_four_times
the_multiplicative_guard_grows_linearly_and_the_saving_is_adaptation_fusion
the_rationalisability_counts_on_the_committed_carrier_table
where_fusion_changes_the_answer_it_is_not_a_lowering
