### warm: picoseconds per element, tenth percentile (median)

        n  t                d16          d16-padal                d32          d32-padal        packed-simd              pipe4
  4194304  1      85.7 (  87.2)      32.5 (  33.0)      88.5 (  91.9)      68.0 (  71.9)     119.8 ( 120.9)      70.2 (  71.3)
  4194304  4      28.3 (  30.9)      10.6 (  12.9)      58.0 (  61.2)      56.6 (  60.6)      37.9 (  45.4)      23.8 (  26.9)
  8388608  1      86.9 (  88.3)      34.8 (  37.6)      88.7 (  96.3)      66.8 (  77.9)     122.2 ( 123.0)      73.3 (  76.3)
  8388608  4      32.5 (  34.4)      27.1 (  28.9)      66.4 (  69.5)      66.9 (  69.4)      42.3 (  44.6)      26.4 (  30.0)

### warm: implied aggregate read bandwidth, GB/s

        n  t          d16    d16-padal          d32    d32-padal  packed-simd        pipe4
  4194304  1         23.3         61.6         45.2         58.8         13.6         23.1
  4194304  4         70.6        188.1         69.0         70.6         42.8         68.4
  8388608  1         23.0         57.5         45.1         59.8         13.3         22.2
  8388608  4         61.6         73.9         60.3         59.8         38.4         61.6

### warm: what the kernel attack bought, per arm and per thread count
(an arm limited by the machine should gain nothing from a better kernel)

        n  t    d16-padal/d16    d32-padal/d32   pipe4/packed-simd
  4194304  1            -62.1            -23.2               -41.4
  4194304  4            -62.5             -2.3               -37.3
  8388608  1            -60.0            -24.6               -40.0
  8388608  4            -16.6              0.9               -37.7

### warm: the packed arm against the best dense arm of each width
(negative means packing wins)

        n  t    pipe4 vs best u16    pipe4 vs best u32
  4194304  1                116.4                  3.3
  4194304  4                123.6                -58.0
  8388608  1                110.7                  9.6
  8388608  4                 -2.5                -60.2

### warm: speedup of each arm against its own t=1 row

        n  t          d16    d16-padal          d32    d32-padal  packed-simd        pipe4
  4194304  1         1.00         1.00         1.00         1.00         1.00         1.00
  4194304  4         3.02         3.05         1.53         1.20         3.16         2.95
  8388608  1         1.00         1.00         1.00         1.00         1.00         1.00
  8388608  4         2.68         1.29         1.34         1.00         2.89         2.78

### cold: picoseconds per element, tenth percentile (median)

        n  t                d16          d16-padal                d32          d32-padal        packed-simd              pipe4
  4194304  1      87.3 (  88.2)      45.7 (  47.0)      96.8 (  99.9)      88.5 (  91.1)     121.9 ( 122.2)      72.8 (  73.4)
  4194304  4      52.5 (  59.6)      46.7 (  53.7)      88.9 (  95.3)      87.2 (  94.5)      52.1 (  59.8)      44.5 (  54.3)
  8388608  1      87.4 (  88.6)      43.1 (  44.7)      93.0 (  95.5)      79.9 (  86.0)     121.6 ( 122.0)      72.4 (  73.1)
  8388608  4      48.7 (  51.5)      42.6 (  45.9)      81.0 (  84.7)      80.5 (  83.4)      51.1 (  54.5)      41.6 (  44.6)

### cold: implied aggregate read bandwidth, GB/s

        n  t          d16    d16-padal          d32    d32-padal  packed-simd        pipe4
  4194304  1         22.9         43.7         41.3         45.2         13.3         22.3
  4194304  4         38.1         42.9         45.0         45.9         31.2         36.6
  8388608  1         22.9         46.4         43.0         50.0         13.4         22.5
  8388608  4         41.1         46.9         49.4         49.7         31.8         39.1

### cold: what the kernel attack bought, per arm and per thread count
(an arm limited by the machine should gain nothing from a better kernel)

        n  t    d16-padal/d16    d32-padal/d32   pipe4/packed-simd
  4194304  1            -47.6             -8.5               -40.3
  4194304  4            -11.2             -1.9               -14.6
  8388608  1            -50.7            -14.0               -40.5
  8388608  4            -12.4             -0.5               -18.6

### cold: the packed arm against the best dense arm of each width
(negative means packing wins)

        n  t    pipe4 vs best u16    pipe4 vs best u32
  4194304  1                 59.2                -17.8
  4194304  4                 -4.7                -49.0
  8388608  1                 68.0                 -9.5
  8388608  4                 -2.4                -48.4

### cold: speedup of each arm against its own t=1 row

        n  t          d16    d16-padal          d32    d32-padal  packed-simd        pipe4
  4194304  1         1.00         1.00         1.00         1.00         1.00         1.00
  4194304  4         1.66         0.98         1.09         1.02         2.34         1.64
  8388608  1         1.00         1.00         1.00         1.00         1.00         1.00
  8388608  4         1.79         1.01         1.15         0.99         2.38         1.74

