### p10: picoseconds per element of the whole column
(wall time over N, so a perfectly scaling arm quarters from t=1 to t=4)

        n  t          d16  d16-control          d32          d64       packed  packed-simd
    16384  1         84.0         88.5         81.2         84.5        126.8        119.5
    16384  2         50.3         50.3         48.3         46.7         70.6         67.3
    16384  4         31.1         31.0         31.8         29.7         42.3         41.1
  1048576  1         84.7         84.7         83.6         99.4        126.8        119.4
  1048576  2         43.1         43.1         42.6         53.4         64.5         60.7
  1048576  4         24.2         22.5         22.6         33.6         33.5         31.6
  4194304  1         87.5         85.5         88.3        131.5        127.5        119.9
  4194304  2         43.5         44.4         61.0        128.8         65.1         61.6
  4194304  4         28.8         28.6         58.6        133.4         42.1         39.4
  8388608  1         86.6         86.9         86.2        128.7        130.5        122.1
  8388608  2         48.2         45.3         66.5        129.6         66.8         66.1
  8388608  4         33.5         34.2         66.6        134.7         47.3         43.5

### p10: speedup against the same arm's own t=1 row (4.00 ideal at t=4)

        n  t          d16  d16-control          d32          d64       packed  packed-simd
    16384  1         1.00         1.00         1.00         1.00         1.00         1.00
    16384  2         1.67         1.76         1.68         1.81         1.80         1.77
    16384  4         2.70         2.85         2.55         2.84         3.00         2.91
  1048576  1         1.00         1.00         1.00         1.00         1.00         1.00
  1048576  2         1.96         1.96         1.96         1.86         1.97         1.97
  1048576  4         3.50         3.77         3.71         2.96         3.78         3.77
  4194304  1         1.00         1.00         1.00         1.00         1.00         1.00
  4194304  2         2.01         1.92         1.45         1.02         1.96         1.95
  4194304  4         3.03         2.99         1.51         0.99         3.03         3.04
  8388608  1         1.00         1.00         1.00         1.00         1.00         1.00
  8388608  2         1.80         1.92         1.29         0.99         1.95         1.85
  8388608  4         2.59         2.54         1.29         0.96         2.76         2.80

### p10: implied aggregate read bandwidth, GB/s (the machine, not one core)

        n  t          d16  d16-control          d32          d64       packed  packed-simd
    16384  1         23.8         22.6         49.3         94.7         12.8         13.6
    16384  2         39.8         39.7         82.8        171.3         23.0         24.1
    16384  4         64.4         64.5        125.6        269.1         38.4         39.5
  1048576  1         23.6         23.6         47.8         80.5         12.8         13.6
  1048576  2         46.4         46.4         94.0        149.9         25.2         26.8
  1048576  4         82.7         89.0        177.3        238.2         48.4         51.4
  4194304  1         22.9         23.4         45.3         60.8         12.7         13.6
  4194304  2         46.0         45.0         65.6         62.1         25.0         26.4
  4194304  4         69.3         70.0         68.2         60.0         38.6         41.3
  8388608  1         23.1         23.0         46.4         62.2         12.5         13.3
  8388608  2         41.5         44.1         60.1         61.7         24.3         24.6
  8388608  4         59.8         58.4         60.1         59.4         34.4         37.3

### p10: break-even carrier width, bytes per element
(linear between the measured d32 and d64 points; below 2 means packing
 beats every native carrier a 13-bit field could use)

        n  t    vs packed  vs packed-simd
    16384  1        58.45           49.72
    16384  2       -51.86          -43.65
    16384  4       -15.88          -13.58
  1048576  1        14.93           13.04
  1048576  2        12.12           10.73
  1048576  4         7.98            7.29
  4194304  1         7.63            6.93
  4194304  2         4.24            4.03
  4194304  4         3.12            2.97
  8388608  1         8.17            7.38
  8388608  2         4.01            3.97
  8388608  4         2.87            2.65

### p10: noise floor, d16-control against d16, per cent

  n=    16384 t=1:  +5.36%
  n=    16384 t=2:  +0.11%
  n=    16384 t=4:  -0.18%
  n=  1048576 t=1:  -0.03%
  n=  1048576 t=2:  -0.05%
  n=  1048576 t=4:  -7.05%
  n=  4194304 t=1:  -2.30%
  n=  4194304 t=2:  +2.11%
  n=  4194304 t=4:  -1.00%
  n=  8388608 t=1:  +0.34%
  n=  8388608 t=2:  -6.01%
  n=  8388608 t=4:  +2.36%

### p10: packed-simd against each dense carrier, per cent
(negative means packing wins)

        n  t       vs d16       vs d32       vs d64
    16384  1        +42.3        +47.3        +41.4
    16384  2        +33.9        +39.4        +44.2
    16384  4        +32.3        +29.2        +38.3
  1048576  1        +40.9        +42.8        +20.0
  1048576  2        +40.8        +42.7        +13.8
  1048576  4        +30.8        +40.2         -5.8
  4194304  1        +37.0        +35.7         -8.8
  4194304  2        +41.5         +0.9        -52.2
  4194304  4        +36.6        -32.8        -70.5
  8388608  1        +41.0        +41.7         -5.1
  8388608  2        +37.2         -0.6        -49.0
  8388608  4        +30.1        -34.6        -67.7

### tenth percentile against median, per cent (how much interference the
    median is carrying on each row)

        n  t          d16  d16-control          d32          d64       packed  packed-simd
    16384  1          8.8         11.6         10.5          4.2          5.5          2.8
    16384  2          4.1          4.5          9.8          0.7         11.4          3.3
    16384  4         11.1          8.0          4.3          6.6          7.8          8.3
  1048576  1          0.2          0.1          0.2          8.2          0.2          0.1
  1048576  2          0.2          0.1          0.2          4.1          0.1          0.3
  1048576  4         15.1         18.7         17.0          6.8         25.0         15.1
  4194304  1          1.2          2.0          2.6          8.7          1.1          0.8
  4194304  2         18.2          4.8          4.5          4.5         17.5         11.4
  4194304  4          3.8          9.1          3.8          2.9         11.9          2.3
  8388608  1          1.0          1.2          2.7          7.7          0.3          0.2
  8388608  2         12.8         17.1          7.6          5.5         12.5          4.0
  8388608  4         11.4         13.4          6.9          9.5         19.2          6.3
