### warm: picoseconds per element, tenth percentile (median)

        n  t                d16        d16-control        packed-simd              pipe2              pipe4
    16384  1      84.0 (  86.0)      83.9 (  84.1)     117.6 ( 117.9)      70.1 (  73.9)      70.1 (  70.3)
    16384  4      31.0 (  33.4)      31.0 (  31.7)      41.0 (  41.4)      27.4 (  28.5)      27.2 (  29.8)
  4194304  1      88.1 (  89.6)      87.3 (  88.1)     120.3 ( 123.5)      75.0 (  80.4)      72.3 (  78.2)
  4194304  4      30.4 (  33.8)      28.3 (  32.3)      38.5 (  45.1)      25.3 (  30.1)      24.7 (  28.2)
  8388608  1      87.3 (  89.8)      87.6 (  90.2)     122.3 ( 123.2)      74.5 (  79.3)      73.5 (  78.2)
  8388608  4      33.5 (  39.0)      33.4 (  36.6)      40.5 (  44.4)      26.6 (  31.5)      27.1 (  34.3)

### warm: each packed decode against packed-simd, and against d16
(negative means faster)

        n  t    pipe2 vs simd    pipe4 vs simd      best vs d16
    16384  1            -40.4            -40.4            -16.5
    16384  4            -33.2            -33.6            -12.2
  4194304  1            -37.7            -39.9            -18.0
  4194304  4            -34.4            -35.9            -18.8
  8388608  1            -39.1            -39.9            -15.8
  8388608  4            -34.2            -32.9            -20.4

### cold: picoseconds per element, tenth percentile (median)

        n  t                d16        d16-control        packed-simd              pipe2              pipe4
    16384  1      86.6 (  88.0)      86.5 (  88.4)     120.5 ( 122.6)      72.5 (  74.2)      72.6 (  74.3)
    16384  4      52.6 ( 230.6)      52.9 ( 263.0)      57.1 ( 626.4)      97.6 ( 802.4)      54.1 ( 582.5)
  4194304  1      88.4 (  91.2)      87.7 (  88.9)     122.5 ( 123.4)      73.1 (  74.3)      73.1 (  75.1)
  4194304  4      54.9 (  63.6)      57.3 (  66.4)      53.4 (  63.7)      44.2 (  55.2)      43.9 (  53.1)
  8388608  1      88.2 (  89.1)      88.7 (  90.9)     122.1 ( 125.2)      72.5 (  73.4)      73.0 (  74.0)
  8388608  4      50.6 (  53.9)      49.4 (  52.6)      53.7 (  57.1)      43.9 (  49.5)      43.1 (  48.8)

### cold: each packed decode against packed-simd, and against d16
(negative means faster)

        n  t    pipe2 vs simd    pipe4 vs simd      best vs d16
    16384  1            -39.8            -39.8            -16.3
    16384  4             70.7             -5.2              3.0
  4194304  1            -40.4            -40.3            -17.3
  4194304  4            -17.3            -17.9            -20.2
  8388608  1            -40.6            -40.2            -17.8
  8388608  4            -18.2            -19.8            -14.9

### the split check: d16 in this section against d16 in the contention
    section, at the same key, per cent (warm, tenth percentile)

  n=    16384 t=1          d16:   84.0 against   84.0  (  -0.0%)
  n=    16384 t=1  d16-control:   83.9 against   88.5  (  -5.1%)
  n=    16384 t=4          d16:   31.0 against   31.1  (  -0.3%)
  n=    16384 t=4  d16-control:   31.0 against   31.0  (  -0.2%)
  n=  4194304 t=1          d16:   88.1 against   87.5  (  +0.6%)
  n=  4194304 t=1  d16-control:   87.3 against   85.5  (  +2.1%)
  n=  4194304 t=4          d16:   30.4 against   28.8  (  +5.4%)
  n=  4194304 t=4  d16-control:   28.3 against   28.6  (  -1.1%)
  n=  8388608 t=1          d16:   87.3 against   86.6  (  +0.8%)
  n=  8388608 t=1  d16-control:   87.6 against   86.9  (  +0.9%)
  n=  8388608 t=4          d16:   33.5 against   33.5  (  +0.0%)
  n=  8388608 t=4  d16-control:   33.4 against   34.2  (  -2.4%)
