region footprints against this host's 12 MiB L2

         n     u16 region    packed region   u16 / L2  packed / L2
   8388608          16 MiB            13 MiB        1.3          1.1
  16777216          32 MiB            26 MiB        2.7          2.2
  33554432          64 MiB            52 MiB        5.3          4.3

### warm: picoseconds per element, tenth percentile (median)

         n  t                d16        d16-control          d16-padal              pipe4
   8388608  1      86.8 (  88.0)      86.5 (  87.5)      34.0 (  34.8)      72.8 (  73.8)
   8388608  4      31.9 (  36.9)      31.0 (  36.2)      28.0 (  29.9)      28.7 (  39.5)
  16777216  1      89.0 (  95.5)      89.8 (  95.3)      38.9 (  45.5)      75.7 (  83.9)
  16777216  4      33.8 (  41.2)      34.6 (  37.5)      34.1 (  38.3)      29.1 (  33.2)
  33554432  1      85.7 (  89.3)      86.4 (  90.7)      33.3 (  40.1)      71.2 (  78.6)

### warm: implied aggregate read bandwidth, GB/s

         n  t          d16  d16-control    d16-padal        pipe4
   8388608  1         23.0         23.1         58.9         22.3
   8388608  4         62.7         64.4         71.5         56.7
  16777216  1         22.5         22.3         51.4         21.5
  16777216  4         59.1         57.7         58.7         55.9
  33554432  1         23.3         23.1         60.1         22.8

### warm: the answer, and the floor it has to clear

         n  t   control gap   padal bought   pipe4 vs best u16
   8388608  1        -0.39%         -60.9%              114.1%
   8388608  4        -2.77%         -12.3%                2.4%
  16777216  1         0.96%         -56.3%               94.4%
  16777216  4         2.42%           0.7%              -14.1%
  33554432  1         0.84%         -61.2%              114.1%

### warm: speedup of each arm against its own t=1 row

         n  t          d16  d16-control    d16-padal        pipe4
   8388608  1         1.00         1.00         1.00         1.00
   8388608  4         2.72         2.79         1.21         2.54
  16777216  1         1.00         1.00         1.00         1.00
  16777216  4         2.63         2.59         1.14         2.60
  33554432  1         1.00         1.00         1.00         1.00

### cold: picoseconds per element, tenth percentile (median)

         n  t                d16        d16-control          d16-padal              pipe4
   8388608  1      87.0 (  87.8)      87.2 (  87.6)      42.9 (  44.1)      72.2 (  72.7)
   8388608  4      48.0 (  51.8)      47.9 (  52.4)      42.1 (  46.7)      40.4 (  48.7)
  16777216  1      90.0 (  95.5)      88.2 (  92.0)      45.1 (  49.3)      74.4 (  79.2)
  16777216  4      45.8 (  53.1)      40.8 (  47.9)      38.7 (  45.4)      32.5 (  44.0)
  33554432  1      87.2 (  89.6)      86.4 (  88.9)      39.2 (  42.8)      71.8 (  74.3)

### cold: implied aggregate read bandwidth, GB/s

         n  t          d16  d16-control    d16-padal        pipe4
   8388608  1         23.0         22.9         46.7         22.5
   8388608  4         41.6         41.7         47.5         40.2
  16777216  1         22.2         22.7         44.4         21.8
  16777216  4         43.7         49.0         51.7         49.9
  33554432  1         22.9         23.1         51.0         22.6

### cold: the answer, and the floor it has to clear

         n  t   control gap   padal bought   pipe4 vs best u16
   8388608  1         0.21%         -50.8%               68.4%
   8388608  4        -0.22%         -12.4%               -4.0%
  16777216  1        -2.02%         -49.9%               65.1%
  16777216  4       -10.72%         -15.4%              -15.9%
  33554432  1        -0.88%         -55.0%               83.0%

### cold: speedup of each arm against its own t=1 row

         n  t          d16  d16-control    d16-padal        pipe4
   8388608  1         1.00         1.00         1.00         1.00
   8388608  4         1.81         1.82         1.02         1.79
  16777216  1         1.00         1.00         1.00         1.00
  16777216  4         1.97         2.16         1.16         2.29
  33554432  1         1.00         1.00         1.00         1.00

### cross-check: d16 here against d16 in the contention section, n=8388608

  t=1: wide   86.8 against contention   86.6  ( +0.3%)
