error[E0425]: cannot find type `N7` in module `c2`
  --> p12_first_day_errors.rs:34:39
   |
34 | pub type Undeclared_C2 = c2::UInt<c2::N7>;
   |                                       ^^
   |
  ::: surfaces.rs:70:5
   |
70 |     pub type N0 = Term;
   |     ------------------- similarly named type alias `N0` defined here
   |
help: a type alias with a similar name exists
   |
34 - pub type Undeclared_C2 = c2::UInt<c2::N7>;
34 + pub type Undeclared_C2 = c2::UInt<c2::N0>;
   |

warning: type `Undeclared_C0` should have an upper camel case name
  --> p12_first_day_errors.rs:28:10
   |
28 | pub type Undeclared_C0 = c0::UInt<7>;
   |          ^^^^^^^^^^^^^ help: convert the identifier to upper camel case: `UndeclaredC0`
   |
   = note: `#[warn(non_camel_case_types)]` (part of `#[warn(nonstandard_style)]`) on by default

warning: type `Undeclared_C4` should have an upper camel case name
  --> p12_first_day_errors.rs:31:10
   |
31 | pub type Undeclared_C4 = c4::UInt<7>;
   |          ^^^^^^^^^^^^^ help: convert the identifier to upper camel case: `UndeclaredC4`

warning: type `Undeclared_C2` should have an upper camel case name
  --> p12_first_day_errors.rs:34:10
   |
34 | pub type Undeclared_C2 = c2::UInt<c2::N7>;
   |          ^^^^^^^^^^^^^ help: convert the identifier to upper camel case: `UndeclaredC2`

error: aborting due to 1 previous error; 3 warnings emitted

For more information about this error, try `rustc --explain E0425`.
