### rustc 1.98.0-nightly (57d06900f 2026-05-27)
### src: p1_the_unread_answer_edge.rs

### compiled clean

### p1. which answer edges into `question` does anything read?
### registry: /Users/orgrinrt/Dev/clause-work/numeric-stack/.worktrees/seat221/mock/registry
### rows: 98 question, 91 ruling, 122 proposal

CONTROLS
  C1  RULE_A sees a non-empty ruling edge over the committed canon   as required  required=>=4      got 12
  C2  a planted ruling edge is caught by RULE_A                      as required  required=caught
  C3  no proposal edge means RULE_B adds nothing                     as required  required=empty
  C4  a proposal-only edge is MISSED by RULE_A and caught by RULE_B  as required  required=missed+caught

MEASUREMENT
  questions declared                                    98
  settled under RULE_A (what the shipped check sees)    14
  reading as open under RULE_A                          84
  of those, named by a `proposal.answers` edge          31
  of those, backed by a RATIFIED proposition            3

THE RATIFIED-BACKED SET (a question op has answered, reading as open)
  question::adaptation_in_identity_or_realisation
      <- proposal::a_format_is_identified_by_its_ambient_domain_and_its_representable_set
      <- ruling::the_format_spine_is_canon  (rung = ratified)
  question::is_the_number_system_inventory_open
      <- proposal::the_concept_is_closed_and_the_inventory_is_open
      <- ruling::the_format_spine_is_canon  (rung = ratified)
  question::which_width_coordinates_a_consumer_writes
      <- proposal::membership_of_the_representable_set_is_one_affine_predicate
      <- ruling::the_format_spine_is_canon  (rung = ratified)

THE WIDER SET (proposal edge, unread)
  question::adaptation_in_identity_or_realisation
      <- proposal::a_format_is_identified_by_its_ambient_domain_and_its_representable_set
  question::are_strategies_partially_ordered_by_chain_laws
      <- proposal::no_total_join_exists_over_the_observable_axes_so_the_operation_reports
  question::are_the_level_hierarchies_the_same_cut
      <- proposal::the_concept_commits_to_its_choices_and_to_no_count_of_levels
  question::container_derivation_output_count
      <- proposal::an_output_of_a_derivation_is_a_fact_a_downstream_site_cannot_recover
  question::does_narrowing_compose
      <- proposal::staged_narrowing_disagrees_with_direct_narrowing_under_round_to_nearest_even
  question::does_the_canon_name_crossing_classes
      <- proposal::a_crossing_carries_two_relations_and_a_verdict_per_law_family
      <- proposal::meaning_is_decided_by_the_first_three_coordinates_and_cost_by_the_last_two
  question::does_the_canon_speak_about_cost
      <- proposal::meaning_is_decided_by_the_first_three_coordinates_and_cost_by_the_last_two
  question::how_the_law_inventory_is_named
      <- proposal::a_law_is_read_off_the_algebra_and_never_declared
      <- proposal::a_law_stated_as_an_author_written_marker_is_checked_by_nothing
      <- proposal::a_law_is_inherited_where_the_realisation_map_is_a_congruence_for_every_nesting_it_contains
  question::is_admission_a_predicate_or_a_location
      <- proposal::admission_returns_a_coordinate_rather_than_a_verdict
  question::is_i9_about_a_strategy_or_one_component
      <- proposal::no_cost_model_may_move_an_answer
  question::is_interoperation_conversion_or_resolution
      <- proposal::conversion_and_resolution_are_one_obligation_at_two_arities
  question::is_number_system_broad_enough_for_non_magnitude
      <- proposal::the_concepts_edge_is_not_an_order_and_wrapping_is_the_test
  question::is_the_ambient_operation_family_fixed
      <- proposal::the_numeral_concept_is_a_dependent_sequence_of_choices
      <- proposal::a_system_exposes_its_ambient_laws_its_set_and_its_reductions_verdicts
  question::is_the_number_system_inventory_open
      <- proposal::the_concept_is_closed_and_the_inventory_is_open
  question::may_an_arms_predicate_read_data
      <- proposal::a_trajectory_condition_lifts_into_a_declaration_exactly_when_it_survives_closure
  question::one_word_or_two_for_is_a_number_system
      <- proposal::membership_and_hosting_are_two_questions
  question::reduction_order_or_associativity
      <- proposal::no_cost_model_may_move_an_answer
      <- proposal::within_an_unbound_stretch_the_design_may_select_any_realisation
  question::the_container_premise
      <- proposal::observability_is_relative_to_a_declared_signature
      <- proposal::every_operation_arvo_declares_is_a_function_of_the_declared_width
      <- proposal::the_carrier_is_observable_through_the_ambient_layout_observation_alone
      <- proposal::the_realisation_is_not_part_of_denotational_identity
      <- proposal::a_completeness_obligation_quantifying_over_inputs_misses_a_nullary_witness
      <- proposal::at_shared_occupancy_no_per_element_footprint_observation_exists
  question::the_ownership_key_as_a_structural_axis
      <- proposal::each_choice_in_the_sequence_has_an_owner_and_a_resolution_time
  question::what_a_numeral_guarantees_to_a_fold
      <- proposal::the_multiplicative_guard_grows_linearly_and_the_saving_is_adaptation_fusion
      <- proposal::a_folds_compile_time_refusal_is_the_staging_boundary_reporting_its_own_position
  question::what_goes_into_the_compiler_winner_or_cost_table
      <- proposal::what_ships_is_four_arms_with_disjoint_predicates_over_one_generated_artifact_set
  question::what_the_admission_contract_asks_a_candidate_to_expose
      <- proposal::a_system_exposes_its_ambient_laws_its_set_and_its_reductions_verdicts
      <- proposal::an_exposure_test_over_reduction_verdicts_alone_is_satisfied_by_a_system_that_computes_nothing
  question::what_the_cost_coordinates_are
      <- proposal::the_corpus_cannot_exhibit_the_accuracy_intents_because_a_coordinate_is_absent
  question::what_transfers_from_a_model_width
      <- proposal::the_model_band_transfer_is_defeated_in_both_fragments
  question::when_is_an_order_owed_at_a_crossing
      <- proposal::an_order_is_named_exactly_where_a_crossing_is_lossy
  question::where_a_law_verdict_is_established
      <- proposal::the_model_band_transfer_is_defeated_in_both_fragments
      <- proposal::inside_a_fragment_with_a_complete_test_set_the_verdict_is_computed_at_the_shipped_width
  question::where_wrapping_lives
      <- proposal::the_adaptation_slot_is_derived_and_a_strategy_selects_a_member_per_operation
  question::which_axes_a_build_arm_may_move
      <- proposal::headroom_and_intermediate_precision_are_unobservable_inside_a_pure_ring_region
  question::which_route_a_law_verdict_takes_to_closed_form
      <- proposal::chain_laws_split_by_whether_a_lifting_theorem_exists
      <- proposal::a_law_is_inherited_where_the_realisation_map_is_a_congruence_for_every_nesting_it_contains
  question::which_strategys_laws_govern_a_cross_strategy_operation
      <- proposal::a_resolved_strategy_never_inherits_a_composed_operations_laws_but_dominates_them_monotonically
  question::which_width_coordinates_a_consumer_writes
      <- proposal::membership_of_the_representable_set_is_one_affine_predicate

REFERENTIAL INTEGRITY ON THE UNREAD EDGE
  `proposal.answers` entries naming no declared question: 0

### exit 0
