error[E0308]: mismatched types
   --> /Users/orgrinrt/Dev/clause-work/numeric-stack/notation/mock/research/202608072330_the-numeral-canon-panel/196_probes/p4_storage_from_the_capacity_type.rs:359:10
    |
359 |     Pair(Slot(Num::<N2u>::new(1)), Slot(Num::<N2u>::new(1)))
    |     ---- ^^^^^^^^^^^^^^^^^^^^^^^^ expected `Pair<Slot<Num<Su<Su<Z>>>>, Slot<...>>`, found `Slot<Num<Su<Su<Z>>>>`
    |     |
    |     arguments to this struct are incorrect
    |
    = note: expected struct `Pair<Slot<_>, Slot<Num<Su<Su<Z>>>>>`
               found struct `Slot<_>`
help: the type constructed contains `Slot<Num<Su<Su<Z>>>>` due to the type of the argument passed
   --> /Users/orgrinrt/Dev/clause-work/numeric-stack/notation/mock/research/202608072330_the-numeral-canon-panel/196_probes/p4_storage_from_the_capacity_type.rs:359:5
    |
359 |     Pair(Slot(Num::<N2u>::new(1)), Slot(Num::<N2u>::new(1)))
    |     ^^^^^------------------------^^^^^^^^^^^^^^^^^^^^^^^^^^^
    |          |
    |          this argument influences the type of `Pair`
note: tuple struct defined here
   --> /Users/orgrinrt/Dev/clause-work/numeric-stack/notation/mock/research/202608072330_the-numeral-canon-panel/196_probes/p4_storage_from_the_capacity_type.rs:114:12
    |
114 | pub struct Pair<A, B>(pub A, pub B);
    |            ^^^^

error: aborting due to 1 previous error

For more information about this error, try `rustc --explain E0308`.
