error[E0080]: evaluation panicked: assertion failed: <C3 as Store<u8>>::SLOTS == <C3 as PosVal>::VAL
   --> /Users/orgrinrt/Dev/clause-work/numeric-stack/notation/mock/research/202608072330_the-numeral-canon-panel/196_probes/p4_storage_from_the_capacity_type.rs:163:13
    |
163 |             assert!(<$c as Store<u8>>::SLOTS == <$c as PosVal>::VAL);
    |             ^^^^^^^^^^^^^^^^^^^^^^^^^^^^^^^^^^^^^^^^^^^^^^^^^^^^^^^^ evaluation of `_` failed here
...
176 | slots_agree!(C3);
    | ---------------- in this macro invocation
    |
    = note: this error originates in the macro `assert` which comes from the expansion of the macro `slots_agree` (in Nightly builds, run with -Z macro-backtrace for more info)

error[E0080]: evaluation panicked: assertion failed: core::mem::size_of::<<C3 as Store<u8>>::Shape>() ==
                  <C3 as PosVal>::VAL as usize
   --> /Users/orgrinrt/Dev/clause-work/numeric-stack/notation/mock/research/202608072330_the-numeral-canon-panel/196_probes/p4_storage_from_the_capacity_type.rs:168:13
    |
168 | /             assert!(
169 | |                 core::mem::size_of::<<$c as Store<u8>>::Shape>() == <$c as PosVal>::VAL as usize
170 | |             );
    | |_____________^ evaluation of `_` failed here
...
176 |   slots_agree!(C3);
    |   ---------------- in this macro invocation
    |
    = note: this error originates in the macro `assert` which comes from the expansion of the macro `slots_agree` (in Nightly builds, run with -Z macro-backtrace for more info)

error[E0080]: evaluation panicked: assertion failed: <C5 as Store<u8>>::SLOTS == <C5 as PosVal>::VAL
   --> /Users/orgrinrt/Dev/clause-work/numeric-stack/notation/mock/research/202608072330_the-numeral-canon-panel/196_probes/p4_storage_from_the_capacity_type.rs:163:13
    |
163 |             assert!(<$c as Store<u8>>::SLOTS == <$c as PosVal>::VAL);
    |             ^^^^^^^^^^^^^^^^^^^^^^^^^^^^^^^^^^^^^^^^^^^^^^^^^^^^^^^^ evaluation of `_` failed here
...
178 | slots_agree!(C5);
    | ---------------- in this macro invocation
    |
    = note: this error originates in the macro `assert` which comes from the expansion of the macro `slots_agree` (in Nightly builds, run with -Z macro-backtrace for more info)

error[E0080]: evaluation panicked: assertion failed: core::mem::size_of::<<C5 as Store<u8>>::Shape>() ==
                  <C5 as PosVal>::VAL as usize
   --> /Users/orgrinrt/Dev/clause-work/numeric-stack/notation/mock/research/202608072330_the-numeral-canon-panel/196_probes/p4_storage_from_the_capacity_type.rs:168:13
    |
168 | /             assert!(
169 | |                 core::mem::size_of::<<$c as Store<u8>>::Shape>() == <$c as PosVal>::VAL as usize
170 | |             );
    | |_____________^ evaluation of `_` failed here
...
178 |   slots_agree!(C5);
    |   ---------------- in this macro invocation
    |
    = note: this error originates in the macro `assert` which comes from the expansion of the macro `slots_agree` (in Nightly builds, run with -Z macro-backtrace for more info)

error[E0080]: evaluation panicked: assertion failed: <C7 as Store<u8>>::SLOTS == <C7 as PosVal>::VAL
   --> /Users/orgrinrt/Dev/clause-work/numeric-stack/notation/mock/research/202608072330_the-numeral-canon-panel/196_probes/p4_storage_from_the_capacity_type.rs:163:13
    |
163 |             assert!(<$c as Store<u8>>::SLOTS == <$c as PosVal>::VAL);
    |             ^^^^^^^^^^^^^^^^^^^^^^^^^^^^^^^^^^^^^^^^^^^^^^^^^^^^^^^^ evaluation of `_` failed here
...
179 | slots_agree!(C7);
    | ---------------- in this macro invocation
    |
    = note: this error originates in the macro `assert` which comes from the expansion of the macro `slots_agree` (in Nightly builds, run with -Z macro-backtrace for more info)

error[E0080]: evaluation panicked: assertion failed: core::mem::size_of::<<C7 as Store<u8>>::Shape>() ==
                  <C7 as PosVal>::VAL as usize
   --> /Users/orgrinrt/Dev/clause-work/numeric-stack/notation/mock/research/202608072330_the-numeral-canon-panel/196_probes/p4_storage_from_the_capacity_type.rs:168:13
    |
168 | /             assert!(
169 | |                 core::mem::size_of::<<$c as Store<u8>>::Shape>() == <$c as PosVal>::VAL as usize
170 | |             );
    | |_____________^ evaluation of `_` failed here
...
179 |   slots_agree!(C7);
    |   ---------------- in this macro invocation
    |
    = note: this error originates in the macro `assert` which comes from the expansion of the macro `slots_agree` (in Nightly builds, run with -Z macro-backtrace for more info)

error[E0080]: evaluation panicked: assertion failed: <C13 as Store<u8>>::SLOTS == <C13 as PosVal>::VAL
   --> /Users/orgrinrt/Dev/clause-work/numeric-stack/notation/mock/research/202608072330_the-numeral-canon-panel/196_probes/p4_storage_from_the_capacity_type.rs:163:13
    |
163 |             assert!(<$c as Store<u8>>::SLOTS == <$c as PosVal>::VAL);
    |             ^^^^^^^^^^^^^^^^^^^^^^^^^^^^^^^^^^^^^^^^^^^^^^^^^^^^^^^^ evaluation of `_` failed here
...
180 | slots_agree!(C13);
    | ----------------- in this macro invocation
    |
    = note: this error originates in the macro `assert` which comes from the expansion of the macro `slots_agree` (in Nightly builds, run with -Z macro-backtrace for more info)

error[E0080]: evaluation panicked: assertion failed: core::mem::size_of::<<C13 as Store<u8>>::Shape>() ==
                  <C13 as PosVal>::VAL as usize
   --> /Users/orgrinrt/Dev/clause-work/numeric-stack/notation/mock/research/202608072330_the-numeral-canon-panel/196_probes/p4_storage_from_the_capacity_type.rs:168:13
    |
168 | /             assert!(
169 | |                 core::mem::size_of::<<$c as Store<u8>>::Shape>() == <$c as PosVal>::VAL as usize
170 | |             );
    | |_____________^ evaluation of `_` failed here
...
180 |   slots_agree!(C13);
    |   ----------------- in this macro invocation
    |
    = note: this error originates in the macro `assert` which comes from the expansion of the macro `slots_agree` (in Nightly builds, run with -Z macro-backtrace for more info)

error[E0080]: evaluation panicked: assertion failed: core::mem::size_of::<<C3 as Store<u8>>::Shape>() ==
                  <C3 as PosVal>::VAL as usize * core::mem::size_of::<u8>()
   --> /Users/orgrinrt/Dev/clause-work/numeric-stack/notation/mock/research/202608072330_the-numeral-canon-panel/196_probes/p4_storage_from_the_capacity_type.rs:289:13
    |
289 | /             assert!(
290 | |                 core::mem::size_of::<<$c as Store<u8>>::Shape>()
291 | |                     == <$c as PosVal>::VAL as usize * core::mem::size_of::<u8>()
292 | |             );
    | |_____________^ evaluation of `_` failed here
...
309 |   packs_like_an_array!(C3);
    |   ------------------------ in this macro invocation
    |
    = note: this error originates in the macro `assert` which comes from the expansion of the macro `packs_like_an_array` (in Nightly builds, run with -Z macro-backtrace for more info)

error[E0080]: evaluation panicked: assertion failed: core::mem::size_of::<<C3 as Store<u64>>::Shape>() ==
                  <C3 as PosVal>::VAL as usize * core::mem::size_of::<u64>()
   --> /Users/orgrinrt/Dev/clause-work/numeric-stack/notation/mock/research/202608072330_the-numeral-canon-panel/196_probes/p4_storage_from_the_capacity_type.rs:295:13
    |
295 | /             assert!(
296 | |                 core::mem::size_of::<<$c as Store<u64>>::Shape>()
297 | |                     == <$c as PosVal>::VAL as usize * core::mem::size_of::<u64>()
298 | |             );
    | |_____________^ evaluation of `_` failed here
...
309 |   packs_like_an_array!(C3);
    |   ------------------------ in this macro invocation
    |
    = note: this error originates in the macro `assert` which comes from the expansion of the macro `packs_like_an_array` (in Nightly builds, run with -Z macro-backtrace for more info)

error[E0080]: evaluation panicked: assertion failed: core::mem::size_of::<<C5 as Store<u8>>::Shape>() ==
                  <C5 as PosVal>::VAL as usize * core::mem::size_of::<u8>()
   --> /Users/orgrinrt/Dev/clause-work/numeric-stack/notation/mock/research/202608072330_the-numeral-canon-panel/196_probes/p4_storage_from_the_capacity_type.rs:289:13
    |
289 | /             assert!(
290 | |                 core::mem::size_of::<<$c as Store<u8>>::Shape>()
291 | |                     == <$c as PosVal>::VAL as usize * core::mem::size_of::<u8>()
292 | |             );
    | |_____________^ evaluation of `_` failed here
...
311 |   packs_like_an_array!(C5);
    |   ------------------------ in this macro invocation
    |
    = note: this error originates in the macro `assert` which comes from the expansion of the macro `packs_like_an_array` (in Nightly builds, run with -Z macro-backtrace for more info)

error[E0080]: evaluation panicked: assertion failed: core::mem::size_of::<<C5 as Store<u64>>::Shape>() ==
                  <C5 as PosVal>::VAL as usize * core::mem::size_of::<u64>()
   --> /Users/orgrinrt/Dev/clause-work/numeric-stack/notation/mock/research/202608072330_the-numeral-canon-panel/196_probes/p4_storage_from_the_capacity_type.rs:295:13
    |
295 | /             assert!(
296 | |                 core::mem::size_of::<<$c as Store<u64>>::Shape>()
297 | |                     == <$c as PosVal>::VAL as usize * core::mem::size_of::<u64>()
298 | |             );
    | |_____________^ evaluation of `_` failed here
...
311 |   packs_like_an_array!(C5);
    |   ------------------------ in this macro invocation
    |
    = note: this error originates in the macro `assert` which comes from the expansion of the macro `packs_like_an_array` (in Nightly builds, run with -Z macro-backtrace for more info)

error[E0080]: evaluation panicked: assertion failed: core::mem::size_of::<<C7 as Store<u8>>::Shape>() ==
                  <C7 as PosVal>::VAL as usize * core::mem::size_of::<u8>()
   --> /Users/orgrinrt/Dev/clause-work/numeric-stack/notation/mock/research/202608072330_the-numeral-canon-panel/196_probes/p4_storage_from_the_capacity_type.rs:289:13
    |
289 | /             assert!(
290 | |                 core::mem::size_of::<<$c as Store<u8>>::Shape>()
291 | |                     == <$c as PosVal>::VAL as usize * core::mem::size_of::<u8>()
292 | |             );
    | |_____________^ evaluation of `_` failed here
...
312 |   packs_like_an_array!(C7);
    |   ------------------------ in this macro invocation
    |
    = note: this error originates in the macro `assert` which comes from the expansion of the macro `packs_like_an_array` (in Nightly builds, run with -Z macro-backtrace for more info)

error[E0080]: evaluation panicked: assertion failed: core::mem::size_of::<<C7 as Store<u64>>::Shape>() ==
                  <C7 as PosVal>::VAL as usize * core::mem::size_of::<u64>()
   --> /Users/orgrinrt/Dev/clause-work/numeric-stack/notation/mock/research/202608072330_the-numeral-canon-panel/196_probes/p4_storage_from_the_capacity_type.rs:295:13
    |
295 | /             assert!(
296 | |                 core::mem::size_of::<<$c as Store<u64>>::Shape>()
297 | |                     == <$c as PosVal>::VAL as usize * core::mem::size_of::<u64>()
298 | |             );
    | |_____________^ evaluation of `_` failed here
...
312 |   packs_like_an_array!(C7);
    |   ------------------------ in this macro invocation
    |
    = note: this error originates in the macro `assert` which comes from the expansion of the macro `packs_like_an_array` (in Nightly builds, run with -Z macro-backtrace for more info)

error[E0080]: evaluation panicked: assertion failed: core::mem::size_of::<<C13 as Store<u8>>::Shape>() ==
                  <C13 as PosVal>::VAL as usize * core::mem::size_of::<u8>()
   --> /Users/orgrinrt/Dev/clause-work/numeric-stack/notation/mock/research/202608072330_the-numeral-canon-panel/196_probes/p4_storage_from_the_capacity_type.rs:289:13
    |
289 | /             assert!(
290 | |                 core::mem::size_of::<<$c as Store<u8>>::Shape>()
291 | |                     == <$c as PosVal>::VAL as usize * core::mem::size_of::<u8>()
292 | |             );
    | |_____________^ evaluation of `_` failed here
...
313 |   packs_like_an_array!(C13);
    |   ------------------------- in this macro invocation
    |
    = note: this error originates in the macro `assert` which comes from the expansion of the macro `packs_like_an_array` (in Nightly builds, run with -Z macro-backtrace for more info)

error[E0080]: evaluation panicked: assertion failed: core::mem::size_of::<<C13 as Store<u64>>::Shape>() ==
                  <C13 as PosVal>::VAL as usize * core::mem::size_of::<u64>()
   --> /Users/orgrinrt/Dev/clause-work/numeric-stack/notation/mock/research/202608072330_the-numeral-canon-panel/196_probes/p4_storage_from_the_capacity_type.rs:295:13
    |
295 | /             assert!(
296 | |                 core::mem::size_of::<<$c as Store<u64>>::Shape>()
297 | |                     == <$c as PosVal>::VAL as usize * core::mem::size_of::<u64>()
298 | |             );
    | |_____________^ evaluation of `_` failed here
...
313 |   packs_like_an_array!(C13);
    |   ------------------------- in this macro invocation
    |
    = note: this error originates in the macro `assert` which comes from the expansion of the macro `packs_like_an_array` (in Nightly builds, run with -Z macro-backtrace for more info)

error[E0308]: mismatched types
   --> /Users/orgrinrt/Dev/clause-work/numeric-stack/notation/mock/research/202608072330_the-numeral-canon-panel/196_probes/p4_storage_from_the_capacity_type.rs:338:9
    |
337 |     let store: <C3 as Store<Num<N2u>>>::Shape = Pair(
    |                                                 ---- arguments to this struct are incorrect
338 |         Pair(Slot(Num::<N2u>::new(3)), Slot(Num::<N2u>::new(3))),
    |         ^^^^^^^^^^^^^^^^^^^^^^^^^^^^^^^^^^^^^^^^^^^^^^^^^^^^^^^^ expected `Slot<Num<Su<Su<Z>>>>`, found `Pair<Slot<Num<Su<Su<Z>>>>, Slot<...>>`
    |
    = note: expected struct `Slot<_>`
               found struct `Pair<Slot<_>, Slot<Num<Su<Su<Z>>>>>`
help: the type constructed contains `Pair<Slot<Num<Su<Su<Z>>>>, Slot<Num<Su<Su<Z>>>>>` due to the type of the argument passed
   --> /Users/orgrinrt/Dev/clause-work/numeric-stack/notation/mock/research/202608072330_the-numeral-canon-panel/196_probes/p4_storage_from_the_capacity_type.rs:337:49
    |
337 |       let store: <C3 as Store<Num<N2u>>>::Shape = Pair(
    |  _________________________________________________^
338 | |         Pair(Slot(Num::<N2u>::new(3)), Slot(Num::<N2u>::new(3))),
    | |         -------------------------------------------------------- this argument influences the type of `Pair`
339 | |         Slot(Num::<N2u>::new(3)),
340 | |     );
    | |_____^
note: tuple struct defined here
   --> /Users/orgrinrt/Dev/clause-work/numeric-stack/notation/mock/research/202608072330_the-numeral-canon-panel/196_probes/p4_storage_from_the_capacity_type.rs:114:12
    |
114 | pub struct Pair<A, B>(pub A, pub B);
    |            ^^^^

error: aborting due to 17 previous errors

Some errors have detailed explanations: E0080, E0308.
For more information about an error, try `rustc --explain E0080`.
