citation                                        first layer that finds it
clause 2, the stretch's boundary function                              L1
clause 3, placed under clause 2                                        L0
clause 3, two schedules compute different functions                         L2
clause 4, bounded drift is a grade                                     L0
clause 11, which ships is not settled                                  L0
clause 8, the family sentence                                          L2
L3 end state                                                           L0
L10 one expert second read owed                                        L0
O-7 the threads item                                                   L1
R-k the static-length lever                                            L0
section 5 item 5, Q-C2 sharpened                                       L0
X-C, O-171-3 carried                                                   L0
L3 step 5, step 2 is descriptive                                       L0
174 A3 either-way hedge                                                L0
174 A5 the wording                                                     L0
174 A4's cell counts                                                   L1
174 A6 the stale strings                                               L0
174's own dropped anchor                                               L0
60's statability disclaimer                                            L0
167's founding sentence                                                L1
171's (P) definition                                                   L0
171's four untested channels                                           L1
the rule's thesis, only over                                           L0

caught  C-1 nonexistent file
caught  C-2 real file, absent text

citations: 23, not found: 0
layer report: L0 16, L1 5, L2 2, L3 0
C-3 every citation received a layer verdict: True
negative controls caught: 2 of 2 (must be 2)
