=== build base ===
HAZARD    build=base R(MAX+1) = 8191
CONTROL_R build=base R(MAX+1) = 8191
CONTROL_L build=base sum(lambda) = 160348640
CERT      build=base separates = false
=== build alt ===
HAZARD    build=alt R(MAX+1) = 0
CONTROL_R build=alt R(MAX+1) = 8191
CONTROL_L build=alt sum(lambda) = 160348640
CERT      build=alt separates = true

=== diff, build tag stripped ===
1c1
< HAZARD     R(MAX+1) = 8191
---
> HAZARD     R(MAX+1) = 0
4c4
< CERT       separates = false
---
> CERT       separates = true

=== rustc warnings, base build ===
