w,f,policy,law,failures,total,pct
2,0,wrap,add_assoc,0,64,0.0000
2,0,wrap,mul_assoc,0,64,0.0000
2,0,wrap,distributivity,0,64,0.0000
2,0,wrap,monotonicity_add,10,40,25.0000
2,0,wrap,additive_inverse,0,16,0.0000
2,0,saturate,add_assoc,0,64,0.0000
2,0,saturate,mul_assoc,0,64,0.0000
2,0,saturate,distributivity,0,64,0.0000
2,0,saturate,monotonicity_add,0,40,0.0000
2,0,saturate,additive_inverse,6,16,37.5000
2,1,wrap,add_assoc,0,64,0.0000
2,1,wrap,mul_assoc,2,64,3.1250
2,1,wrap,distributivity,14,64,21.8750
2,1,wrap,monotonicity_add,10,40,25.0000
2,1,wrap,additive_inverse,0,16,0.0000
2,1,saturate,add_assoc,0,64,0.0000
2,1,saturate,mul_assoc,0,64,0.0000
2,1,saturate,distributivity,6,64,9.3750
2,1,saturate,monotonicity_add,0,40,0.0000
2,1,saturate,additive_inverse,6,16,37.5000
2,2,wrap,add_assoc,0,64,0.0000
2,2,wrap,mul_assoc,2,64,3.1250
2,2,wrap,distributivity,16,64,25.0000
2,2,wrap,monotonicity_add,10,40,25.0000
2,2,wrap,additive_inverse,0,16,0.0000
2,2,saturate,add_assoc,0,64,0.0000
2,2,saturate,mul_assoc,2,64,3.1250
2,2,saturate,distributivity,11,64,17.1875
2,2,saturate,monotonicity_add,0,40,0.0000
2,2,saturate,additive_inverse,6,16,37.5000
3,0,wrap,add_assoc,0,512,0.0000
3,0,wrap,mul_assoc,0,512,0.0000
3,0,wrap,distributivity,0,512,0.0000
3,0,wrap,monotonicity_add,84,288,29.1667
3,0,wrap,additive_inverse,0,64,0.0000
3,0,saturate,add_assoc,0,512,0.0000
3,0,saturate,mul_assoc,0,512,0.0000
3,0,saturate,distributivity,0,512,0.0000
3,0,saturate,monotonicity_add,0,288,0.0000
3,0,saturate,additive_inverse,28,64,43.7500
3,1,wrap,add_assoc,0,512,0.0000
3,1,wrap,mul_assoc,144,512,28.1250
3,1,wrap,distributivity,136,512,26.5625
3,1,wrap,monotonicity_add,84,288,29.1667
3,1,wrap,additive_inverse,0,64,0.0000
3,1,saturate,add_assoc,0,512,0.0000
3,1,saturate,mul_assoc,64,512,12.5000
3,1,saturate,distributivity,35,512,6.8359
3,1,saturate,monotonicity_add,0,288,0.0000
3,1,saturate,additive_inverse,28,64,43.7500
3,2,wrap,add_assoc,0,512,0.0000
3,2,wrap,mul_assoc,82,512,16.0156
3,2,wrap,distributivity,216,512,42.1875
3,2,wrap,monotonicity_add,84,288,29.1667
3,2,wrap,additive_inverse,0,64,0.0000
3,2,saturate,add_assoc,0,512,0.0000
3,2,saturate,mul_assoc,48,512,9.3750
3,2,saturate,distributivity,101,512,19.7266
3,2,saturate,monotonicity_add,0,288,0.0000
3,2,saturate,additive_inverse,28,64,43.7500
3,3,wrap,add_assoc,0,512,0.0000
3,3,wrap,mul_assoc,44,512,8.5938
3,3,wrap,distributivity,234,512,45.7031
3,3,wrap,monotonicity_add,84,288,29.1667
3,3,wrap,additive_inverse,0,64,0.0000
3,3,saturate,add_assoc,0,512,0.0000
3,3,saturate,mul_assoc,44,512,8.5938
3,3,saturate,distributivity,184,512,35.9375
3,3,saturate,monotonicity_add,0,288,0.0000
3,3,saturate,additive_inverse,28,64,43.7500
4,0,wrap,add_assoc,0,4096,0.0000
4,0,wrap,mul_assoc,0,4096,0.0000
4,0,wrap,distributivity,0,4096,0.0000
4,0,wrap,monotonicity_add,680,2176,31.2500
4,0,wrap,additive_inverse,0,256,0.0000
4,0,saturate,add_assoc,0,4096,0.0000
4,0,saturate,mul_assoc,0,4096,0.0000
4,0,saturate,distributivity,0,4096,0.0000
4,0,saturate,monotonicity_add,0,2176,0.0000
4,0,saturate,additive_inverse,120,256,46.8750
4,1,wrap,add_assoc,0,4096,0.0000
4,1,wrap,mul_assoc,1712,4096,41.7969
4,1,wrap,distributivity,1184,4096,28.9062
4,1,wrap,monotonicity_add,680,2176,31.2500
4,1,wrap,additive_inverse,0,256,0.0000
4,1,saturate,add_assoc,0,4096,0.0000
4,1,saturate,mul_assoc,398,4096,9.7168
4,1,saturate,distributivity,168,4096,4.1016
4,1,saturate,monotonicity_add,0,2176,0.0000
4,1,saturate,additive_inverse,120,256,46.8750
4,2,wrap,add_assoc,0,4096,0.0000
4,2,wrap,mul_assoc,1996,4096,48.7305
4,2,wrap,distributivity,1888,4096,46.0938
4,2,wrap,monotonicity_add,680,2176,31.2500
4,2,wrap,additive_inverse,0,256,0.0000
4,2,saturate,add_assoc,0,4096,0.0000
4,2,saturate,mul_assoc,878,4096,21.4355
4,2,saturate,distributivity,518,4096,12.6465
4,2,saturate,monotonicity_add,0,2176,0.0000
4,2,saturate,additive_inverse,120,256,46.8750
4,3,wrap,add_assoc,0,4096,0.0000
4,3,wrap,mul_assoc,1284,4096,31.3477
4,3,wrap,distributivity,2296,4096,56.0547
4,3,wrap,monotonicity_add,680,2176,31.2500
4,3,wrap,additive_inverse,0,256,0.0000
4,3,saturate,add_assoc,0,4096,0.0000
4,3,saturate,mul_assoc,884,4096,21.5820
4,3,saturate,distributivity,1158,4096,28.2715
4,3,saturate,monotonicity_add,0,2176,0.0000
4,3,saturate,additive_inverse,120,256,46.8750
4,4,wrap,add_assoc,0,4096,0.0000
4,4,wrap,mul_assoc,564,4096,13.7695
4,4,wrap,distributivity,2408,4096,58.7891
4,4,wrap,monotonicity_add,680,2176,31.2500
4,4,wrap,additive_inverse,0,256,0.0000
4,4,saturate,add_assoc,0,4096,0.0000
4,4,saturate,mul_assoc,564,4096,13.7695
4,4,saturate,distributivity,2081,4096,50.8057
4,4,saturate,monotonicity_add,0,2176,0.0000
4,4,saturate,additive_inverse,120,256,46.8750
5,0,wrap,add_assoc,0,32768,0.0000
5,0,wrap,mul_assoc,0,32768,0.0000
5,0,wrap,distributivity,0,32768,0.0000
5,0,wrap,monotonicity_add,5456,16896,32.2917
5,0,wrap,additive_inverse,0,1024,0.0000
5,0,saturate,add_assoc,0,32768,0.0000
5,0,saturate,mul_assoc,0,32768,0.0000
5,0,saturate,distributivity,0,32768,0.0000
5,0,saturate,monotonicity_add,0,16896,0.0000
5,0,saturate,additive_inverse,496,1024,48.4375
5,1,wrap,add_assoc,0,32768,0.0000
5,1,wrap,mul_assoc,15840,32768,48.3398
5,1,wrap,distributivity,9856,32768,30.0781
5,1,wrap,monotonicity_add,5456,16896,32.2917
5,1,wrap,additive_inverse,0,1024,0.0000
5,1,saturate,add_assoc,0,32768,0.0000
5,1,saturate,mul_assoc,1892,32768,5.7739
5,1,saturate,distributivity,709,32768,2.1637
5,1,saturate,monotonicity_add,0,16896,0.0000
5,1,saturate,additive_inverse,496,1024,48.4375
5,2,wrap,add_assoc,0,32768,0.0000
5,2,wrap,mul_assoc,21832,32768,66.6260
5,2,wrap,distributivity,15744,32768,48.0469
5,2,wrap,monotonicity_add,5456,16896,32.2917
5,2,wrap,additive_inverse,0,1024,0.0000
5,2,saturate,add_assoc,0,32768,0.0000
5,2,saturate,mul_assoc,5352,32768,16.3330
5,2,saturate,distributivity,2309,32768,7.0465
5,2,saturate,monotonicity_add,0,16896,0.0000
5,2,saturate,additive_inverse,496,1024,48.4375
5,3,wrap,add_assoc,0,32768,0.0000
5,3,wrap,mul_assoc,20756,32768,63.3423
5,3,wrap,distributivity,19168,32768,58.4961
5,3,wrap,monotonicity_add,5456,16896,32.2917
5,3,wrap,additive_inverse,0,1024,0.0000
5,3,saturate,add_assoc,0,32768,0.0000
5,3,saturate,mul_assoc,9522,32768,29.0588
5,3,saturate,distributivity,5495,32768,16.7694
5,3,saturate,monotonicity_add,0,16896,0.0000
5,3,saturate,additive_inverse,496,1024,48.4375
5,4,wrap,add_assoc,0,32768,0.0000
5,4,wrap,mul_assoc,13404,32768,40.9058
5,4,wrap,distributivity,21120,32768,64.4531
5,4,wrap,monotonicity_add,5456,16896,32.2917
5,4,wrap,additive_inverse,0,1024,0.0000
5,4,saturate,add_assoc,0,32768,0.0000
5,4,saturate,mul_assoc,9806,32768,29.9255
5,4,saturate,distributivity,11235,32768,34.2865
5,4,saturate,monotonicity_add,0,16896,0.0000
5,4,saturate,additive_inverse,496,1024,48.4375
5,5,wrap,add_assoc,0,32768,0.0000
5,5,wrap,mul_assoc,5942,32768,18.1335
5,5,wrap,distributivity,21720,32768,66.2842
5,5,wrap,monotonicity_add,5456,16896,32.2917
5,5,wrap,additive_inverse,0,1024,0.0000
5,5,saturate,add_assoc,0,32768,0.0000
5,5,saturate,mul_assoc,5942,32768,18.1335
5,5,saturate,distributivity,19917,32768,60.7819
5,5,saturate,monotonicity_add,0,16896,0.0000
5,5,saturate,additive_inverse,496,1024,48.4375
6,0,wrap,add_assoc,0,262144,0.0000
6,0,wrap,mul_assoc,0,262144,0.0000
6,0,wrap,distributivity,0,262144,0.0000
6,0,wrap,monotonicity_add,43680,133120,32.8125
6,0,wrap,additive_inverse,0,4096,0.0000
6,0,saturate,add_assoc,0,262144,0.0000
6,0,saturate,mul_assoc,0,262144,0.0000
6,0,saturate,distributivity,0,262144,0.0000
6,0,saturate,monotonicity_add,0,133120,0.0000
6,0,saturate,additive_inverse,2016,4096,49.2188
6,1,wrap,add_assoc,0,262144,0.0000
6,1,wrap,mul_assoc,137472,262144,52.4414
6,1,wrap,distributivity,80384,262144,30.6641
6,1,wrap,monotonicity_add,43680,133120,32.8125
6,1,wrap,additive_inverse,0,4096,0.0000
6,1,saturate,add_assoc,0,262144,0.0000
6,1,saturate,mul_assoc,8054,262144,3.0724
6,1,saturate,distributivity,2946,262144,1.1238
6,1,saturate,monotonicity_add,0,133120,0.0000
6,1,saturate,additive_inverse,2016,4096,49.2188
6,2,wrap,add_assoc,0,262144,0.0000
6,2,wrap,mul_assoc,197394,262144,75.2998
6,2,wrap,distributivity,128512,262144,49.0234
6,2,wrap,monotonicity_add,43680,133120,32.8125
6,2,wrap,additive_inverse,0,4096,0.0000
6,2,saturate,add_assoc,0,262144,0.0000
6,2,saturate,mul_assoc,24350,262144,9.2888
6,2,saturate,distributivity,9704,262144,3.7018
6,2,saturate,monotonicity_add,0,133120,0.0000
6,2,saturate,additive_inverse,2016,4096,49.2188
6,3,wrap,add_assoc,0,262144,0.0000
6,3,wrap,mul_assoc,208686,262144,79.6074
6,3,wrap,distributivity,156544,262144,59.7168
6,3,wrap,monotonicity_add,43680,133120,32.8125
6,3,wrap,additive_inverse,0,4096,0.0000
6,3,saturate,add_assoc,0,262144,0.0000
6,3,saturate,mul_assoc,53032,262144,20.2301
6,3,saturate,distributivity,23706,262144,9.0431
6,3,saturate,monotonicity_add,0,133120,0.0000
6,3,saturate,additive_inverse,2016,4096,49.2188
6,4,wrap,add_assoc,0,262144,0.0000
6,4,wrap,mul_assoc,187704,262144,71.6034
6,4,wrap,distributivity,172544,262144,65.8203
6,4,wrap,monotonicity_add,43680,133120,32.8125
6,4,wrap,additive_inverse,0,4096,0.0000
6,4,saturate,add_assoc,0,262144,0.0000
6,4,saturate,mul_assoc,88038,262144,33.5838
6,4,saturate,distributivity,50991,262144,19.4515
6,4,saturate,monotonicity_add,0,133120,0.0000
6,4,saturate,additive_inverse,2016,4096,49.2188
6,5,wrap,add_assoc,0,262144,0.0000
6,5,wrap,mul_assoc,125100,262144,47.7219
6,5,wrap,distributivity,181536,262144,69.2505
6,5,wrap,monotonicity_add,43680,133120,32.8125
6,5,wrap,additive_inverse,0,4096,0.0000
6,5,saturate,add_assoc,0,262144,0.0000
6,5,saturate,mul_assoc,95176,262144,36.3068
6,5,saturate,distributivity,100236,262144,38.2370
6,5,saturate,monotonicity_add,0,133120,0.0000
6,5,saturate,additive_inverse,2016,4096,49.2188
6,6,wrap,add_assoc,0,262144,0.0000
6,6,wrap,mul_assoc,54304,262144,20.7153
6,6,wrap,distributivity,184512,262144,70.3857
6,6,wrap,monotonicity_add,43680,133120,32.8125
6,6,wrap,additive_inverse,0,4096,0.0000
6,6,saturate,add_assoc,0,262144,0.0000
6,6,saturate,mul_assoc,54304,262144,20.7153
6,6,saturate,distributivity,175460,262144,66.9327
6,6,saturate,monotonicity_add,0,133120,0.0000
6,6,saturate,additive_inverse,2016,4096,49.2188
7,0,wrap,add_assoc,0,2097152,0.0000
7,0,wrap,mul_assoc,0,2097152,0.0000
7,0,wrap,distributivity,0,2097152,0.0000
7,0,wrap,monotonicity_add,349504,1056768,33.0729
7,0,wrap,additive_inverse,0,16384,0.0000
7,0,saturate,add_assoc,0,2097152,0.0000
7,0,saturate,mul_assoc,0,2097152,0.0000
7,0,saturate,distributivity,0,2097152,0.0000
7,0,saturate,monotonicity_add,0,1056768,0.0000
7,0,saturate,additive_inverse,8128,16384,49.6094
7,1,wrap,add_assoc,0,2097152,0.0000
7,1,wrap,mul_assoc,1134784,2097152,54.1107
7,1,wrap,distributivity,649216,2097152,30.9570
7,1,wrap,monotonicity_add,349504,1056768,33.0729
7,1,wrap,additive_inverse,0,16384,0.0000
7,1,saturate,add_assoc,0,2097152,0.0000
7,1,saturate,mul_assoc,32948,2097152,1.5711
7,1,saturate,distributivity,11956,2097152,0.5701
7,1,saturate,monotonicity_add,0,1056768,0.0000
7,1,saturate,additive_inverse,8128,16384,49.6094
7,2,wrap,add_assoc,0,2097152,0.0000
7,2,wrap,mul_assoc,1673768,2097152,79.8115
7,2,wrap,distributivity,1038336,2097152,49.5117
7,2,wrap,monotonicity_add,349504,1056768,33.0729
7,2,wrap,additive_inverse,0,16384,0.0000
7,2,saturate,add_assoc,0,2097152,0.0000
7,2,saturate,mul_assoc,101368,2097152,4.8336
7,2,saturate,distributivity,39727,2097152,1.8943
7,2,saturate,monotonicity_add,0,1056768,0.0000
7,2,saturate,additive_inverse,8128,16384,49.6094
7,3,wrap,add_assoc,0,2097152,0.0000
7,3,wrap,mul_assoc,1835782,2097152,87.5369
7,3,wrap,distributivity,1265152,2097152,60.3271
7,3,wrap,monotonicity_add,349504,1056768,33.0729
7,3,wrap,additive_inverse,0,16384,0.0000
7,3,saturate,add_assoc,0,2097152,0.0000
7,3,saturate,mul_assoc,238282,2097152,11.3622
7,3,saturate,distributivity,98324,2097152,4.6885
7,3,saturate,monotonicity_add,0,1056768,0.0000
7,3,saturate,additive_inverse,8128,16384,49.6094
7,4,wrap,add_assoc,0,2097152,0.0000
7,4,wrap,mul_assoc,1813668,2097152,86.4824
7,4,wrap,distributivity,1394688,2097152,66.5039
7,4,wrap,monotonicity_add,349504,1056768,33.0729
7,4,wrap,additive_inverse,0,16384,0.0000
7,4,saturate,add_assoc,0,2097152,0.0000
7,4,saturate,mul_assoc,473520,2097152,22.5792
7,4,saturate,distributivity,216480,2097152,10.3226
7,4,saturate,monotonicity_add,0,1056768,0.0000
7,4,saturate,additive_inverse,8128,16384,49.6094
7,5,wrap,add_assoc,0,2097152,0.0000
7,5,wrap,mul_assoc,1603272,2097152,76.4500
7,5,wrap,distributivity,1467520,2097152,69.9768
7,5,wrap,monotonicity_add,349504,1056768,33.0729
7,5,wrap,additive_inverse,0,16384,0.0000
7,5,saturate,add_assoc,0,2097152,0.0000
7,5,saturate,mul_assoc,767434,2097152,36.5941
7,5,saturate,distributivity,443478,2097152,21.1467
7,5,saturate,monotonicity_add,0,1056768,0.0000
7,5,saturate,additive_inverse,8128,16384,49.6094
7,6,wrap,add_assoc,0,2097152,0.0000
7,6,wrap,mul_assoc,1078466,2097152,51.4253
7,6,wrap,distributivity,1507968,2097152,71.9055
7,6,wrap,monotonicity_add,349504,1056768,33.0729
7,6,wrap,additive_inverse,0,16384,0.0000
7,6,saturate,add_assoc,0,2097152,0.0000
7,6,saturate,mul_assoc,837906,2097152,39.9545
7,6,saturate,distributivity,852315,2097152,40.6415
7,6,saturate,monotonicity_add,0,1056768,0.0000
7,6,saturate,additive_inverse,8128,16384,49.6094
7,7,wrap,add_assoc,0,2097152,0.0000
7,7,wrap,mul_assoc,468232,2097152,22.3270
7,7,wrap,distributivity,1522080,2097152,72.5784
7,7,wrap,monotonicity_add,349504,1056768,33.0729
7,7,wrap,additive_inverse,0,16384,0.0000
7,7,saturate,add_assoc,0,2097152,0.0000
7,7,saturate,mul_assoc,468232,2097152,22.3270
7,7,saturate,distributivity,1479008,2097152,70.5246
7,7,saturate,monotonicity_add,0,1056768,0.0000
7,7,saturate,additive_inverse,8128,16384,49.6094
