# p6 raw output, rustc 1.98.0-nightly (57d06900f 2026-05-27)

## BASE (A1 associated type, A2 trait relation, A4 post-mono const assert)
(no output = compiled clean)

## --cfg a3
error: generic parameters may not be used in const operations
   --> p6_generic_accumulator.rs:156:11
    |
156 |     [(); (WA >= WE) as usize - 1]:,
    |           ^^ cannot perform const operation using `WA`
    |
    = help: const parameters may only be used as standalone arguments here, i.e. `WA`
    = help: add `#![feature(generic_const_exprs)]` to allow generic const expressions

error: generic parameters may not be used in const operations
   --> p6_generic_accumulator.rs:156:17
    |
156 |     [(); (WA >= WE) as usize - 1]:,
    |                 ^^ cannot perform const operation using `WE`
    |
    = help: const parameters may only be used as standalone arguments here, i.e. `WE`
    = help: add `#![feature(generic_const_exprs)]` to allow generic const expressions

error: aborting due to 2 previous errors


## --cfg a5c
error[E0080]: evaluation panicked: accumulator narrower than element width
   --> p6_generic_accumulator.rs:172:9
    |
172 |         assert!(WA >= WE, "accumulator narrower than element width");
    |         ^^^^^^^^^^^^^^^^^^^^^^^^^^^^^^^^^^^^^^^^^^^^^^^^^^^^^^^^^^^^ evaluation of `a4_sum::<32, 8>::{constant#0}` failed here

note: erroneous constant encountered
   --> p6_generic_accumulator.rs:171:5
    |
171 | /     const {
172 | |         assert!(WA >= WE, "accumulator narrower than element width");
173 | |     }
    | |_____^

note: the above error was encountered while instantiating `fn a4_sum::<32, 8>`
   --> p6_generic_accumulator.rs:190:5
    |
190 |     a4_sum::<32, 8>(xs)
    |     ^^^^^^^^^^^^^^^^^^^

error: aborting due to 1 previous error

For more information about this error, try `rustc --explain E0080`.

## --cfg a5r
error[E0277]: the trait bound `W0: AtLeast<S<S<S<W0>>>>` is not satisfied
   --> p6_generic_accumulator.rs:196:18
    |
196 |     a2_sum::<W4, W1>(&xs)
    |                  ^^ unsatisfied trait bound
    |
help: the trait `AtLeast<S<S<S<W0>>>>` is not implemented for `W0`
   --> p6_generic_accumulator.rs:44:1
    |
 44 | pub struct W0;
    | ^^^^^^^^^^^^^
help: the trait `AtLeast<S<B>>` is implemented for `S<A>`
   --> p6_generic_accumulator.rs:115:1
    |
115 | impl<A, B> AtLeast<S<B>> for S<A> where A: AtLeast<B> {}
    | ^^^^^^^^^^^^^^^^^^^^^^^^^^^^^^^^^^^^^^^^^^^^^^^^^^^^^
note: required for `S<W0>` to implement `AtLeast<S<S<S<S<W0>>>>>`
   --> p6_generic_accumulator.rs:115:12
    |
115 | impl<A, B> AtLeast<S<B>> for S<A> where A: AtLeast<B> {}
    |            ^^^^^^^^^^^^^     ^^^^          ---------- unsatisfied trait bound introduced here
note: required by a bound in `a2_sum`
   --> p6_generic_accumulator.rs:131:9
    |
129 | pub fn a2_sum<WE, WA>(xs: &[Num<WE>]) -> Num<WA>
    |        ------ required by a bound in this function
130 | where
131 |     WA: AtLeast<WE>,
    |         ^^^^^^^^^^^ required by this bound in `a2_sum`

error: aborting due to 1 previous error

For more information about this error, try `rustc --explain E0277`.
