=== p1 triage, 2026-08-31T00:59:47Z

## C1: all nine must be `sound` before the edit
C1 PASS: nine rows, all `sound`

## before
     2 defective
    72 sound
     1 withdrawn

## what the prose matcher says about each of the nine
  matcher agrees   chain_the_third_definition_is_not_observation_bounded
  matcher agrees   no_dependent_survives_the_rounding_units_defects
  matcher agrees   the_bench_tree_was_built_at_the_undocumented_profile
  matcher agrees   the_debug_release_gap_that_retired_a_true_finding
  matcher agrees   an_equivalence_checker_that_skips_panics_certifies_a_definedness_difference
  matcher agrees   chain_accuracy_needs_an_intermediate_wider_than_the_operand_type
  MATCHER MISSES   the_four_const_available_constructions_bind_at_four_times
  MATCHER MISSES   a_compile_time_strategy_selection_leaves_no_residue
  MATCHER MISSES   the_argmin_mechanism_has_never_run_on_arms_that_disagree
C4: the matcher misses 3 of the nine by reading alone

## applying
  moved chain_the_third_definition_is_not_observation_bounded
  moved no_dependent_survives_the_rounding_units_defects
  moved the_bench_tree_was_built_at_the_undocumented_profile
  moved the_debug_release_gap_that_retired_a_true_finding
  moved an_equivalence_checker_that_skips_panics_certifies_a_definedness_difference
  moved chain_accuracy_needs_an_intermediate_wider_than_the_operand_type
  moved the_four_const_available_constructions_bind_at_four_times
  moved a_compile_time_strategy_selection_leaves_no_residue
  moved the_argmin_mechanism_has_never_run_on_arms_that_disagree

## after
     2 defective
    63 sound
     9 uncontrolled
     1 withdrawn

## C2: exactly nine uncontrolled
C2 PASS

## C3: every row the matcher flags must now be `uncontrolled`
C3 PASS: backstop and data agree in that direction
