s5: which grid coordinates survive which operation
==========================================================================

Q1  is the exact result set of a same-grid operation again a grid,
    and which coordinates does it carry?

         A      B   e |                    add                    sub                        mul
    --------------------------------------------------------------------------------------------
         1      0  -2 |    grid step=1/4 min=0 grid step=1/4 min=-3/2       NOT a grid (6 steps)
         1      0   0 |      grid step=1 min=0     grid step=1 min=-6       NOT a grid (6 steps)
         1      0   1 |      grid step=2 min=0    grid step=2 min=-12       NOT a grid (6 steps)
         1    1/2  -2 |    grid step=1/4 min=1 grid step=1/4 min=-3/2       NOT a grid (7 steps)
         1    1/2   0 |      grid step=1 min=1     grid step=1 min=-6       NOT a grid (9 steps)
         1    1/2   1 |      grid step=2 min=1    grid step=2 min=-12      NOT a grid (12 steps)
         1     -2  -2 |   grid step=1/4 min=-4 grid step=1/4 min=-3/2       NOT a grid (7 steps)
         1     -2   0 |     grid step=1 min=-4     grid step=1 min=-6       NOT a grid (4 steps)
         1     -2   1 |     grid step=2 min=-4    grid step=2 min=-12       NOT a grid (5 steps)
         3      0  -2 |    grid step=3/4 min=0 grid step=3/4 min=-9/2       NOT a grid (6 steps)
         3      0   0 |      grid step=3 min=0    grid step=3 min=-18       NOT a grid (6 steps)
         3      0   1 |      grid step=6 min=0    grid step=6 min=-36       NOT a grid (6 steps)
         3    1/2  -2 |    grid step=3/4 min=1 grid step=3/4 min=-9/2      NOT a grid (11 steps)
         3    1/2   0 |      grid step=3 min=1    grid step=3 min=-18      NOT a grid (12 steps)
         3    1/2   1 |      grid step=6 min=1    grid step=6 min=-36      NOT a grid (13 steps)
         3     -2  -2 |   grid step=3/4 min=-4 grid step=3/4 min=-9/2       NOT a grid (7 steps)
         3     -2   0 |     grid step=3 min=-4    grid step=3 min=-18       NOT a grid (9 steps)
         3     -2   1 |     grid step=6 min=-4    grid step=6 min=-36       NOT a grid (9 steps)
       1/3      0  -2 |   grid step=1/12 min=0 grid step=1/12 min=-1/2       NOT a grid (6 steps)
       1/3      0   0 |    grid step=1/3 min=0   grid step=1/3 min=-2       NOT a grid (6 steps)
       1/3      0   1 |    grid step=2/3 min=0   grid step=2/3 min=-4       NOT a grid (6 steps)
       1/3    1/2  -2 |   grid step=1/12 min=1 grid step=1/12 min=-1/2      NOT a grid (10 steps)
       1/3    1/2   0 |    grid step=1/3 min=1   grid step=1/3 min=-2      NOT a grid (10 steps)
       1/3    1/2   1 |    grid step=2/3 min=1   grid step=2/3 min=-4      NOT a grid (13 steps)
       1/3     -2  -2 |  grid step=1/12 min=-4 grid step=1/12 min=-1/2      NOT a grid (15 steps)
       1/3     -2   0 |   grid step=1/3 min=-4   grid step=1/3 min=-2       NOT a grid (6 steps)
       1/3     -2   1 |   grid step=2/3 min=-4   grid step=2/3 min=-4       NOT a grid (3 steps)

    add: origin doubles (2B rather than B) in 27 of 27 grids
    mul: result set is again a uniform grid in 0 of 27 grids, and is not in 27

    mul, split by bias:
      B == 0 : uniform grid 0, not a grid 9
      B != 0 : uniform grid 0, not a grid 18

Q2  which coordinates the raw (stored-integer) implementation reads
    on a SAME-GRID operation.  A coordinate is 'read' when the raw
    result depends on it.

    add: raw result independent of adjustment      : True
    add: raw result independent of bias            : False
    add: raw result independent of canonical expt  : True
    mul: raw result independent of adjustment      : False
    mul: raw result independent of bias            : False
    mul: raw result independent of canonical expt  : False
    add: raw result is an integer index in 833 of 1323 (grid, pair) cases

Q3  the n-ary sum, with the trip count n dynamic

    B=     0 -> n=1:B_eff=0  n=2:B_eff=0  n=3:B_eff=0  n=5:B_eff=0  n=8:B_eff=0
    B=   1/2 -> n=1:B_eff=1/2  n=2:B_eff=1  n=3:B_eff=3/2  n=5:B_eff=5/2  n=8:B_eff=4
    B=    -2 -> n=1:B_eff=-2  n=2:B_eff=-4  n=3:B_eff=-6  n=5:B_eff=-10  n=8:B_eff=-16

    The effective origin of a sum is n*B, and n is the DYNAMIC trip
    count, not the static capacity.  So a nonzero bias does not
    survive a fold as a static coordinate: the result numeral's own
    bias is a function of a runtime quantity.

    adjustment and canonical exponent survive a zero-bias sum unchanged, over every (A, e, n) checked: True

Q4  NEGATIVE CONTROL: force B = 0 everywhere and re-run Q1's mul row.
    with B = 0, products failing to be a uniform grid: 9 of 9
    (nonzero even at B = 0, because a product set of a grid is not
     a uniform grid in general; the point of Q1's split is the
     RATIO of failures, not their existence.)

Q5  the product's smallest containing grid: are its coordinates a
    function of the operands' coordinates?

         A      B   e |      product grid step       A^2 r^2e  equal?
    --------------------------------------------------------------
         1      0  -2 |                   1/16           1/16    True
         1      0   0 |                      1              1    True
         1      0   1 |                      4              4    True
         1    1/2  -2 |                   1/16           1/16    True
         1    1/2   0 |                    1/2              1   False
         1    1/2   1 |                      1              4   False
         1     -2  -2 |                   1/16           1/16    True
         1     -2   0 |                      1              1    True
         1     -2   1 |                      4              4    True
         3      0  -2 |                   9/16           9/16    True
         3      0   0 |                      9              9    True
         3      0   1 |                     36             36    True
         3    1/2  -2 |                   3/16           9/16   False
         3    1/2   0 |                    3/2              9   False
         3    1/2   1 |                      3             36   False
         3     -2  -2 |                   3/16           9/16   False
         3     -2   0 |                      3              9   False
         3     -2   1 |                     12             36   False
       1/3      0  -2 |                  1/144          1/144    True
       1/3      0   0 |                    1/9            1/9    True
       1/3      0   1 |                    4/9            4/9    True
       1/3    1/2  -2 |                  1/144          1/144    True
       1/3    1/2   0 |                   1/18            1/9   False
       1/3    1/2   1 |                    1/9            4/9   False
       1/3     -2  -2 |                  1/144          1/144    True
       1/3     -2   0 |                    1/9            1/9    True
       1/3     -2   1 |                    4/9            4/9    True

    B == 0 : predicted step correct 9, wrong 0
    B != 0 : predicted step correct 8, wrong 10

    At zero bias the product's grid step is A^2 r^2e, a function of
    the operands' coordinates alone.  At nonzero bias it is not:
    the cross term A*B*(k1+k2) puts A*gcd(A,B)-shaped quantities in
    the difference set, so the derived step depends on an arithmetic
    relation between two coordinates rather than on either.

    addition, by contrast: step is A*r^e and origin is 2B, in 27 of 27 grids

SUMMARY
  Addition reads none of the grid coordinates in its raw form, so a
  composition may hold all of them dynamically and pay nothing for a
  same-grid add.  Multiplication reads the canonical exponent (the
  rescale) and, with a nonzero bias, is not expressible as a raw
  index operation at all.  And a fold's effective origin is n*B with
  n dynamic, so the bias is the one coordinate that does not survive
  arity-n as a static fact.
