error[E0277]: the trait bound `arvo_min::Idx<13>: arvo_min::ToNat<LibA>` is not satisfied
  --> consumer_partition_nored.rs:22:19
   |
22 | pub fn compose(x: FromA) -> FromArvo { x }
   |                   ^^^^^ the trait `arvo_min::ToNat<LibA>` is not implemented for `arvo_min::Idx<13>`
   |
help: the trait `ToNat<LibA>` is not implemented for `arvo_min::Idx<13>`
      but trait `ToNat<arvo_min::Arvo>` is implemented for it
  --> arvo_min.rs:15:1
   |
15 | impl ToNat<Arvo> for Idx<13> { type N = T13; }
   | ^^^^^^^^^^^^^^^^^^^^^^^^^^^^
   = help: for that trait implementation, expected `arvo_min::Arvo`, found `LibA`
note: required by a bound in `arvo_min::Fixed`
  --> arvo_min.rs:19:13
   |
17 | pub struct Fixed<const I: u32, const F: u32, M = Arvo>(core::marker::PhantomData<(Idx<I>, Idx<F>, M)>)
   |            ----- required by a bound in this struct
18 | where
19 |     Idx<I>: ToNat<M>,
   |             ^^^^^^^^ required by this bound in `Fixed`

error[E0277]: the trait bound `arvo_min::Idx<0>: arvo_min::ToNat<LibA>` is not satisfied
  --> consumer_partition_nored.rs:22:19
   |
22 | pub fn compose(x: FromA) -> FromArvo { x }
   |                   ^^^^^ the trait `arvo_min::ToNat<LibA>` is not implemented for `arvo_min::Idx<0>`
   |
help: the trait `arvo_min::ToNat<LibA>` is implemented for `arvo_min::Idx<7>`
  --> consumer_partition_nored.rs:13:1
   |
13 | impl ToNat<LibA> for Idx<7> { type N = T7; }
   | ^^^^^^^^^^^^^^^^^^^^^^^^^^^
note: required by a bound in `arvo_min::Fixed`
  --> arvo_min.rs:20:13
   |
17 | pub struct Fixed<const I: u32, const F: u32, M = Arvo>(core::marker::PhantomData<(Idx<I>, Idx<F>, M)>)
   |            ----- required by a bound in this struct
...
20 |     Idx<F>: ToNat<M>;
   |             ^^^^^^^^ required by this bound in `Fixed`

