regions (column size n): [16384, 131072, 1048576, 2097152, 4194304, 8388608]
arms: 6
  bitpack-carrier-d16
  bitpack-carrier-d16-control
  bitpack-carrier-d32
  bitpack-carrier-d64
  bitpack-carrier-packed
  bitpack-carrier-packed-simd
sections over this table: 6 ** 6 = 46656

n = 16384
  arm                                 time ns  bytes/el     IQR ns  samples
  bitpack-carrier-d16                  1401.5     2.000       64.0       80
  bitpack-carrier-d16-control          1401.0     2.000       25.1       80
  bitpack-carrier-d32                  1381.9     4.000       43.4       80
  bitpack-carrier-d64                  1972.5     8.000      842.4       80
  bitpack-carrier-packed               2116.2     1.625       51.0       80
  bitpack-carrier-packed-simd          1966.2     1.625       80.5       80

n = 131072
  arm                                 time ns  bytes/el     IQR ns  samples
  bitpack-carrier-d16                 11250.6     2.000      247.6       80
  bitpack-carrier-d16-control         11221.5     2.000      252.9       80
  bitpack-carrier-d32                 11120.6     4.000      241.6       80
  bitpack-carrier-d64                 12696.6     8.000     1878.6       80
  bitpack-carrier-packed              16841.5     1.625      881.3       80
  bitpack-carrier-packed-simd         15780.6     1.625      322.7       80

n = 1048576
  arm                                 time ns  bytes/el     IQR ns  samples
  bitpack-carrier-d16                 90231.5     2.000     2321.4       80
  bitpack-carrier-d16-control         90632.1     2.000     2185.9       80
  bitpack-carrier-d32                 90545.2     4.000     4802.2       80
  bitpack-carrier-d64                169560.2     8.000    97632.1       80
  bitpack-carrier-packed             133414.2     1.625      882.0       80
  bitpack-carrier-packed-simd        125831.0     1.625     1475.6       80

n = 2097152
  arm                                 time ns  bytes/el     IQR ns  samples
  bitpack-carrier-d16                183275.6     2.000     7244.3       80
  bitpack-carrier-d16-control        183746.0     2.000     7097.5       80
  bitpack-carrier-d32                196962.3     4.000    24784.4       80
  bitpack-carrier-d64                392864.0     8.000   147627.6       80
  bitpack-carrier-packed             268509.5     1.625     3016.0       80
  bitpack-carrier-packed-simd        251923.5     1.625     3136.5       80

n = 4194304
  arm                                 time ns  bytes/el     IQR ns  samples
  bitpack-carrier-d16                372072.2     2.000    12408.5       80
  bitpack-carrier-d16-control        374096.7     2.000     9847.3       80
  bitpack-carrier-d32                431818.9     4.000    39401.7       80
  bitpack-carrier-d64                713521.4     8.000   139504.1       80
  bitpack-carrier-packed             548262.9     1.625     9286.6       80
  bitpack-carrier-packed-simd        513167.9     1.625    11498.7       80

n = 8388608
  arm                                 time ns  bytes/el     IQR ns  samples
  bitpack-carrier-d16                735425.2     2.000    19390.1       80
  bitpack-carrier-d16-control        733319.8     2.000    12496.9       80
  bitpack-carrier-d32                769301.2     4.000    71882.7       80
  bitpack-carrier-d64               1252345.6     8.000   148837.5       80
  bitpack-carrier-packed            1095414.6     1.625    18811.9       80
  bitpack-carrier-packed-simd       1020862.3     1.625    10491.6       80

Pareto front per region (no other arm is <= on all three and < on one):
  n =    16384: 4 of 6  ['bitpack-carrier-d16-control', 'bitpack-carrier-d32', 'bitpack-carrier-packed', 'bitpack-carrier-packed-simd']
  n =   131072: 4 of 6  ['bitpack-carrier-d16', 'bitpack-carrier-d16-control', 'bitpack-carrier-d32', 'bitpack-carrier-packed-simd']
  n =  1048576: 4 of 6  ['bitpack-carrier-d16', 'bitpack-carrier-d16-control', 'bitpack-carrier-packed', 'bitpack-carrier-packed-simd']
  n =  2097152: 4 of 6  ['bitpack-carrier-d16', 'bitpack-carrier-d16-control', 'bitpack-carrier-packed', 'bitpack-carrier-packed-simd']
  n =  4194304: 4 of 6  ['bitpack-carrier-d16', 'bitpack-carrier-d16-control', 'bitpack-carrier-packed', 'bitpack-carrier-packed-simd']
  n =  8388608: 2 of 6  ['bitpack-carrier-d16-control', 'bitpack-carrier-packed-simd']

upper bound on Pareto-admissible sections: 2048

arms dominated in every region:
  bitpack-carrier-d64

written: p1_cost_table.json
