committed warm-container runs: 22

run                                      W   headroom ns   minimum ns  h bytes  m bytes  verdict
warm-container-density-w13_n130001.csv  13        7988.6       7947.5        4        2  minimum dominates headroom
warm-container-density-w13_n130002.csv  13        8451.2       8508.2        4        2  headroom survives
warm-container-density-w13_n130004.csv  13        5765.9       5752.5        4        2  minimum dominates headroom
warm-container-density-w13_n130008.csv  13        6760.6       6706.9        4        2  minimum dominates headroom
warm-container-density-w13_n130016.csv  13       10878.8      10939.4        4        2  headroom survives
warm-container-density-w64_n640001.csv  64        4347.7       1397.5       16        8  minimum dominates headroom
warm-container-density-w64_n640002.csv  64        6188.8       2519.2       16        8  minimum dominates headroom
warm-container-density-w64_n640004.csv  64        6285.9       3075.2       16        8  minimum dominates headroom
warm-container-density-w64_n640008.csv  64       10379.8       5145.8       16        8  minimum dominates headroom
warm-container-density-w64_n640016.csv  64       20574.2       9556.0       16        8  minimum dominates headroom
warm-container-width-l1_n130003.csv     13        8435.2       8534.5        4        2  headroom survives
warm-container-width-l1_n160003.csv     16        8462.0        414.2        4        2  minimum dominates headroom
warm-container-width-l1_n320003.csv     32        5755.6        843.1        8        4  minimum dominates headroom
warm-container-width-l1_n600003.csv     60        8464.0       8506.0       16        8  headroom survives
warm-container-width-l1_n640003.csv     64        6074.8       2535.8       16        8  minimum dominates headroom
warm-container-width-l1_n80003.csv       8        8459.8        212.9        2        1  minimum dominates headroom
warm-container-width-l2_n131003.csv     13     1091866.7    1089578.8        4        2  minimum dominates headroom
warm-container-width-l2_n161003.csv     16     1075632.2      53644.6        4        2  minimum dominates headroom
warm-container-width-l2_n321003.csv     32      740869.8     111192.5        8        4  minimum dominates headroom
warm-container-width-l2_n601003.csv     60     1111509.2    1093505.8       16        8  minimum dominates headroom
warm-container-width-l2_n641003.csv     64      796297.9     338117.9       16        8  minimum dominates headroom
warm-container-width-l2_n81003.csv       8     1086855.8      27663.0        2        1  minimum dominates headroom

runs considered: 22
runs where the shipped rule is Pareto-dominated on (time, bytes): 18
runs where it survives: 4
    warm-container-density-w13_n130002.csv: W=13, headroom 8451.2 ns / 4 B vs minimum 8508.2 ns / 2 B
    warm-container-density-w13_n130016.csv: W=13, headroom 10878.8 ns / 4 B vs minimum 10939.4 ns / 2 B
    warm-container-width-l1_n130003.csv: W=13, headroom 8435.2 ns / 4 B vs minimum 8534.5 ns / 2 B
    warm-container-width-l1_n600003.csv: W=60, headroom 8464.0 ns / 16 B vs minimum 8506.0 ns / 8 B

testing the survivors' time edge against zero
  paired-free two-sided bootstrap on the difference of medians,
  200000 resamples, seed 20260814. A CI containing zero means the
  edge the survival rests on is not measurable.
    warm-container-density-w13_n130002.csv       diff     -57.0 ns (-0.67%) CI [-138.0, 35.6]  not measurable
    warm-container-density-w13_n130016.csv       diff     -60.6 ns (-0.55%) CI [-162.6, 15.6]  not measurable
    warm-container-width-l1_n130003.csv          diff     -99.3 ns (-1.16%) CI [-177.1, -16.8]  measurable
    warm-container-width-l1_n600003.csv          diff     -42.0 ns (-0.49%) CI [-100.6, 48.3]  not measurable
  survivors whose edge is not measurable: 3 of 4

The shipped rule survives domination somewhere, so the conclusion
below is bounded to the runs where it does not.

What follows, and what does not.

  Does NOT follow: that the shipped rule is wrong. The arms compute the
  same value on the keys this bench sweeps, but the rule exists for the
  keys where they would NOT: an intermediate result that overflows the
  declared width has somewhere to sit in the wider carrier and nowhere
  in the narrower one. That is what the extra byte buys.

  DOES follow: whatever the extra byte buys is not on this list of
  coordinates. Time and footprint both say do not do it. The coordinate
  that says do it is agreement with a reference semantics, which is a
  measurement against another implementation rather than against the
  machine.

  So a canon that says a strategy is a weighting over measurements owes
  an answer to which measurements, and the answer cannot be 'the ones a
  profiler reports'. At least one coordinate is divergence from a named
  reference, and I4 gives that coordinate a FINITE weight rather than an
  absolute priority: mimicry is dropped where it is 'consistently just
  worse choice'.
