    Finished `release` profile [optimized] target(s) in 0.02s
105 positions at kind `fn-return`, over the demand

  notko@origin/dev:notko-macros-core/src/rewrite/helpers.rs:11  fn-return            bool       is_ok_call is_ok_call
  notko@origin/dev:notko-macros-core/src/rewrite/helpers.rs:16  fn-return            bool       is_err_call is_err_call
  notko@origin/dev:notko-macros-core/src/rewrite/helpers.rs:44  fn-return            bool       is_bare_ctor is_bare_ctor
  notko@origin/dev:notko-macros-core/src/rewrite/helpers.rs:50  fn-return            bool       names_result_ctor names_result_ctor
  notko@origin/dev:notko-macros-core/src/tiers.rs:114  fn-return            bool       default_inline default_inline
  notko@origin/dev:src/just.rs:82  fn-return            bool       is_ok is_ok
  notko@origin/dev:src/just.rs:89  fn-return            bool       is_err is_err
  notko@origin/dev:src/just.rs:97  fn-return            bool       is_some is_some
  notko@origin/dev:src/just.rs:104  fn-return            bool       is_none is_none
  notko@origin/dev:src/just.rs:243  fn-return            usize      size_hint size_hint
  notko@origin/dev:src/just.rs:243  fn-return            usize      size_hint size_hint
  notko@origin/dev:src/just.rs:251  fn-return            usize      len len
  notko@origin/dev:src/lend.rs:114  fn-return            usize      capacity capacity
  notko@origin/dev:src/lend.rs:120  fn-return            usize      len len
  notko@origin/dev:src/lend.rs:126  fn-return            bool       is_empty is_empty
  notko@origin/dev:src/maybe.rs:54  fn-return            bool       is is
  notko@origin/dev:src/maybe.rs:60  fn-return            bool       isnt isnt
  notko@origin/dev:src/maybe.rs:269  fn-return            bool       is_some_and is_some_and
  notko@origin/dev:src/maybe.rs:278  fn-return            bool       is_none_or is_none_or
  notko@origin/dev:src/maybe.rs:346  fn-return            usize      size_hint size_hint
  notko@origin/dev:src/maybe.rs:346  fn-return            usize      size_hint size_hint
  notko@origin/dev:src/maybe.rs:631  fn-return            bool       is_null is_null
  notko@origin/dev:src/maybe.rs:637  fn-return            bool       is_non_null is_non_null
  notko@origin/dev:src/outcome.rs:29  fn-return            bool       is_ok is_ok
  notko@origin/dev:src/outcome.rs:35  fn-return            bool       is_err is_err
  notko@origin/dev:src/outcome.rs:235  fn-return            bool       is_ok_and is_ok_and
  notko@origin/dev:src/outcome.rs:244  fn-return            bool       is_err_and is_err_and
  notko@origin/dev:src/slot.rs:132  fn-return            bool       is_some is_some
  notko@origin/dev:src/slot.rs:137  fn-return            bool       is_none is_none
  arvo@origin/dev:mock/crates/arvo-format/src/adapt.rs:105  fn-return            u32        count count
  arvo@origin/dev:mock/crates/arvo-format/src/ambient.rs:44  fn-return            u32        base base
  arvo@origin/dev:mock/crates/arvo-format/src/apply.rs:90  fn-return            i64        numerator numerator
  arvo@origin/dev:mock/crates/arvo-format/src/apply.rs:98  fn-return            i64        denominator denominator
  arvo@origin/dev:mock/crates/arvo-format/src/format.rs:87  fn-return            i64        numerator numerator
  arvo@origin/dev:mock/crates/arvo-format/src/format.rs:96  fn-return            i64        denominator denominator
  arvo@origin/dev:mock/crates/arvo-format/src/quantum.rs:59  fn-return            i32        power power
  arvo@origin/dev:mock/crates/arvo-format/src/quantum.rs:114  fn-return            u32        index index
  arvo@origin/dev:mock/crates/arvo-format/src/quantum.rs:152  fn-return            u32        count count
  arvo@origin/dev:mock/crates/arvo-format/src/slots.rs:59  fn-return            i64        index index
  arvo@origin/dev:mock/crates/arvo-format/src/slots.rs:96  fn-return            i64        count count
  arvo@origin/dev:mock/crates/arvo-format/src/width.rs:48  fn-return            u32        count count
  arvo@origin/dev:mock/crates/arvo-format/src/width.rs:112  fn-return            bool       get get
  hilavitkutin@origin/dev:mock/crates/hilavitkutin-build/src/config.rs:57  fn-return            bool       fast_math fast_math
  hilavitkutin@origin/dev:mock/crates/hilavitkutin-build/src/pragma.rs:116  fn-return            bool       contains contains
  hilavitkutin@origin/dev:mock/crates/hilavitkutin-build/src/pragma.rs:121  fn-return            u8         parallel_codegen_units parallel_codegen_units
  hilavitkutin@origin/dev:mock/crates/hilavitkutin-extensions/src/host.rs:100  fn-return            bool       has_provider has_provider
  hilavitkutin@origin/dev:mock/crates/hilavitkutin-persistence/src/primitives.rs:48  fn-return            u32        bits bits
  hilavitkutin@origin/dev:mock/crates/hilavitkutin-persistence/src/primitives.rs:64  fn-return            u64        bits bits
  hilavitkutin@origin/dev:mock/crates/hilavitkutin-persistence/src/primitives.rs:77  fn-return            u32        bits bits
  hilavitkutin@origin/dev:mock/crates/hilavitkutin-providers/src/interner.rs:128  fn-return            u32        arena_intern arena_intern
  hilavitkutin@origin/dev:mock/crates/hilavitkutin-str/src/hash.rs:13  fn-return            u64        const_fnv1a const_fnv1a
  hilavitkutin@origin/dev:mock/crates/hilavitkutin-str/src/interner.rs:48  fn-return            u32        arena_intern arena_intern
  hilavitkutin@origin/dev:mock/crates/hilavitkutin/src/plan/access.rs:94  fn-return            bool       eq eq
  hilavitkutin@origin/dev:mock/crates/hilavitkutin/src/plan/dirty.rs:100  fn-return            bool       eq eq
  hilavitkutin@origin/dev:mock/crates/hilavitkutin/src/plan/graph.rs:94  fn-return            usize      end_for end_for
  hilavitkutin@origin/dev:mock/crates/hilavitkutin/src/thread/pool.rs:69  fn-return            bool       shutdown_requested shutdown_requested
  hilavitkutin@origin/dev:mock/crates/hilavitkutin-api/DESIGN.md.tmpl:934  fn-return            usize      worker_count worker_count
  hilavitkutin@origin/dev:mock/crates/hilavitkutin-api/DESIGN.md.tmpl:938  fn-return            u64        now_ns now_ns
  hilavitkutin@origin/dev:mock/crates/hilavitkutin-str/DESIGN.md.tmpl:153  fn-return            u32        arena_intern arena_intern
  vehje@origin/main:mock/crates/vehje-ir/src/span.rs:48  fn-return            u32        len len
  vehje@origin/main:mock/crates/vehje-ir/src/span.rs:53  fn-return            bool       is_empty is_empty
  vehje@origin/main:mock/crates/vehje-lex/src/cursor.rs:38  fn-return            u32        pos_u32 pos_u32
  vehje@origin/main:mock/crates/vehje-lex/src/cursor.rs:49  fn-return            bool       is_eof is_eof
  vehje@origin/main:mock/crates/vehje-lex/src/cursor.rs:54  fn-return            u32        len len
  vehje@origin/main:mock/crates/vehje-lex/src/cursor.rs:59  fn-return            u8         peek_byte peek_byte
  vehje@origin/main:mock/crates/vehje-lex/src/cursor.rs:67  fn-return            u8         peek_byte_at peek_byte_at
  vehje@origin/main:mock/crates/vehje-lex/src/cursor.rs:75  fn-return            u8         bump_byte bump_byte
  vehje@origin/main:mock/crates/vehje-lex/src/stream.rs:51  fn-return            bool       is_at_end is_at_end
  vehje@origin/main:mock/crates/vehje-lex/src/tokenizers.rs:21  fn-return            bool       is_ident_start is_ident_start
  vehje@origin/main:mock/crates/vehje-lex/src/tokenizers.rs:26  fn-return            bool       is_ident_cont is_ident_cont
  vehje@origin/main:mock/crates/vehje-lex/src/tokenizers.rs:31  fn-return            bool       is_digit is_digit
  vehje@origin/main:mock/crates/vehje-lex/src/tokenizers.rs:40  fn-return            bool       is_whitespace is_whitespace
  vehje@origin/main:mock/crates/vehje-lex/src/tokenizers.rs:48  fn-return            u32        read_ident_or_keyword read_ident_or_keyword
  vehje@origin/main:mock/crates/vehje-lex/src/tokenizers.rs:48  fn-return            u32        read_ident_or_keyword read_ident_or_keyword
  vehje@origin/main:mock/crates/vehje-lex/src/tokenizers.rs:76  fn-return            u32        read_int_literal read_int_literal
  vehje@origin/main:mock/crates/vehje-lex/src/tokenizers.rs:76  fn-return            u32        read_int_literal read_int_literal
  vehje@origin/main:mock/crates/vehje-lex/src/tokenizers.rs:93  fn-return            u32        read_line_comment read_line_comment
  vehje@origin/main:mock/crates/vehje-lex/src/tokenizers.rs:93  fn-return            u32        read_line_comment read_line_comment
  vehje@origin/main:mock/crates/vehje-lex/src/tokenizers.rs:112  fn-return            u32        read_block_comment read_block_comment
  vehje@origin/main:mock/crates/vehje-lex/src/tokenizers.rs:112  fn-return            u32        read_block_comment read_block_comment
  vehje@origin/main:mock/crates/vehje-lex/src/tokenizers.rs:130  fn-return            u32        read_whitespace read_whitespace
  vehje@origin/main:mock/crates/vehje-lex/src/tokenizers.rs:130  fn-return            u32        read_whitespace read_whitespace
  vehje@origin/main:mock/crates/vehje-lex/src/tokenizers.rs:148  fn-return            u32        read_operator_or_punct read_operator_or_punct
  vehje@origin/main:mock/crates/vehje-lex/src/tokenizers.rs:148  fn-return            u32        read_operator_or_punct read_operator_or_punct
  vehje@origin/main:mock/crates/vehje-syntax/src/ast.rs:82  fn-return            usize      child_count child_count
  vehje@origin/main:mock/crates/vehje-syntax/src/ast.rs:93  fn-return            bool       push_child push_child
  vehje@origin/main:mock/crates/vehje-syntax/src/ast.rs:137  fn-return            bool       is_empty is_empty
  vehje@origin/main:mock/crates/vehje-syntax/src/ast.rs:142  fn-return            usize      len len
  vehje@origin/main:mock/crates/vehje-syntax/src/parser.rs:42  fn-return            usize      as_usize as_usize
  vehje@origin/main:mock/crates/vehje-syntax/src/parser.rs:104  fn-return            bool       at at
  vehje@origin/main:mock/crates/vehje-syntax/src/parser.rs:110  fn-return            bool       is_eof is_eof
  vehje@origin/main:mock/crates/vehje/src/build.rs:3  fn-return            i32        run run
  vehje@origin/main:mock/crates/vehje/src/check.rs:3  fn-return            i32        run run
  vehje@origin/main:mock/crates/vehje/src/lex.rs:7  fn-return            i32        run run
  vehje@origin/main:mock/crates/vehje/src/parse.rs:3  fn-return            i32        run run
  vehje@origin/main:mock/crates/vehje/src/run.rs:3  fn-return            i32        run run
  vehje@origin/main:mock/crates/vehje-codegen/DESIGN.md.tmpl:41  fn-return            bool       accepts accepts
  kolli@origin/dev:mock/crates/kolli-args/src/lib.rs:55  fn-return            bool       terminated terminated
  kolli@origin/dev:mock/crates/kolli-input/src/console.rs:58  fn-return            u8         next next
  kolli@origin/dev:mock/crates/kolli-input/src/lib.rs:74  fn-return            bool       is_spent is_spent
  kolli@origin/dev:mock/crates/kolli-shell/src/field.rs:52  fn-return            bool       is_empty is_empty
  kolli@origin/dev:mock/crates/kolli-shell/src/field.rs:63  fn-return            bool       handle handle
  kolli@origin/dev:mock/crates/kolli-shell/src/page.rs:98  fn-return            bool       can_scroll_up can_scroll_up
  kolli@origin/dev:mock/crates/kolli-shell/src/page.rs:104  fn-return            bool       can_scroll_down can_scroll_down
  kolli@origin/dev:mock/crates/kolli/src/env.rs:77  fn-return            bool       is_empty is_empty
the-positions: clean, 140500 examined.
