per-source line-anchor / probe-path counts:
  166_dispatcher_note_opening_the_tenth_unit.md              2   0
  167_rompf_the_chain_derived_cold.md                        9  11
  168_mcsherry_the_chain_derived_cold.md                     8  15
  169_kiselyov_the_chain_attacked.md                         0  11
  170_mcsherry_reply.md                                      1   9
  171_rompf_reply.md                                         0   8
  172_leroy_formalising_the_chain.md                         6   9
  60_stam_the_chain_derived_cold.md                          0   5
  43_rompf_what_a_composition_is.md                         34  13

unique line anchors across the 9 sources : 58
unique probe paths across the 9 sources  : 72
line anchors in the candidate             : 9
probe paths in the candidate              : 12
candidate anchors that appear in a source : 4
candidate anchors novel to the candidate  : 5
    NOVEL 167:1052-1062
    NOVEL 168:362-368
    NOVEL 60:209-210
    NOVEL 60:69-84
    NOVEL 60:83-84
source anchors not carried (dropped)      : 54
probe paths carried                       : 6 of 72

-- controls --
positive control (60:28-29 found in candidate): PASS
negative control (planted anchor reported NOVEL): PASS (fires)
