error[E0277]: the trait bound `SatAddI4Op: Associative` is not satisfied
   --> p1b_65_negative_enabled.rs:376:38
    |
376 | const _: () = requires_associative::<SatAddI4Op>();  // negative case, enabled
    |                                      ^^^^^^^^^^ unsatisfied trait bound
    |
help: the trait `Associative` is not implemented for `SatAddI4Op`
   --> p1b_65_negative_enabled.rs:362:1
    |
362 | pub struct SatAddI4Op;
    | ^^^^^^^^^^^^^^^^^^^^^
help: the following other types implement trait `Associative`
   --> p1b_65_negative_enabled.rs:369:1
    |
369 | impl Associative for WrapAdd4Op {}
    | ^^^^^^^^^^^^^^^^^^^^^^^^^^^^^^^ `WrapAdd4Op`
370 | impl Associative for SatAddU4Op {}
    | ^^^^^^^^^^^^^^^^^^^^^^^^^^^^^^^ `SatAddU4Op`
note: required by a bound in `requires_associative`
   --> p1b_65_negative_enabled.rs:372:38
    |
372 | pub const fn requires_associative<O: Associative>() {}
    |                                      ^^^^^^^^^^^ required by this bound in `requires_associative`

error: aborting due to 1 previous error

For more information about this error, try `rustc --explain E0277`.
EXIT=1
