
=== - ===
  question  is_the_non_terminating_contention_crate_a_defect
  question  should_phase_collide_across_two_vocabularies
  question  the_cross_repo_strategy_name_collision

=== algebraic_laws ===
  proposal  a_composed_expressions_region_is_never_inherited_from_its_parts
  proposal  a_law_is_a_fact_about_an_operation_composed_under_a_fixed_arithmetic_semantics
  proposal  a_law_is_read_off_the_algebra_and_never_declared
  proposal  a_law_layer_answers_whether_a_law_reaches_a_lowering_the_backend_cannot_prove
  proposal  a_trajectory_condition_lifts_into_a_declaration_exactly_when_it_survives_closure
  proposal  absorption_decides_associativity_of_a_clamped_reduction
  proposal  an_additive_verdict_is_independent_of_the_fraction_width
  proposal  inside_a_fragment_with_a_complete_test_set_the_verdict_is_computed_at_the_shipped_width
  proposal  no_multiplicative_structure_survives_a_nonzero_fraction_width
  proposal  the_law_frame_was_attacked_from_another_topic_and_held
  proposal  the_laws_of_a_format_are_derived_from_two_hypotheses_rather_than_enumerated_per_policy
  proposal  the_model_band_transfer_is_defeated_in_both_fragments
  proposal  the_two_law_families_have_two_consumer_classes
  question  how_the_law_inventory_is_named
  question  where_a_law_verdict_is_established
  question  which_reassociated_arm_a_law_licenses
  question  which_route_a_law_verdict_takes_to_closed_form
  ruling    the_canon_does_not_police_what_shape_a_law_takes

=== arvo_identity ===
  proposal  arvo_owes_laws_as_checkable_facts_and_not_as_a_rewriting_engine
  ruling    arvo_is_a_library_and_the_value_composes_on_top
  ruling    ingest_is_the_consumers_and_the_c_abi_is_where_it_ends_up
  ruling    the_trait_contract_structure_is_a_primary_paradigm

=== binding_time ===
  proposal  a_const_eval_frontier_is_a_fact_about_the_procedure_rather_than_about_the_law
  proposal  each_choice_in_the_sequence_has_an_owner_and_a_resolution_time
  proposal  the_const_eval_frontier_collapses_along_arity_and_buys_three_bits_from_the_guard
  proposal  the_licensed_category_is_const_available_and_four_constructions_bind_at_four_times
  proposal  the_type_carries_whatever_must_be_const_available
  ruling    never_a_runtime_check_and_one_lowered_path
  ruling    the_predicate_is_whatever_is_available_at_const_time

=== canon_form ===
  proposal  every_canon_sentence_names_the_prefix_it_quantifies_over
  question  arbitrary_width_demands_in_the_canon
  question  are_open_domain_dimensions_stated_as_open
  question  does_the_canon_carry_a_numeric_threshold
  question  does_the_canon_speak_about_cost
  question  is_the_firewall_carried_unpredicated
  question  is_the_rounding_candidates_pairing_section_canon_or_design
  question  may_the_canon_carry_an_unpredicated_proposition
  ruling    the_canon_candidate_is_formalised_and_established_together
  ruling    the_canon_converts_to_a_mockspace_registry
  ruling    the_canon_is_written_once_at_the_end
  ruling    the_canon_must_support_a_full_design_and_impl

=== execution_environment ===
  ruling    adaptation_is_conditional_on_proof_and_on_soundness
  ruling    arvo_takes_no_stance_on_how_many_cores_it_runs_on
  ruling    the_core_adaptation_intent_is_canon_bound

=== naming ===
  proposal  naming_is_partial_and_injective_or_it_is_broken
  ruling    notko_renames_and_strategy_is_arvos_name

=== operating_constraints ===
  ruling    the_operating_constraints_are_intents_and_rules

=== overflow_policy ===
  question  does_warm_wrap_or_clamp
  question  where_wrapping_lives
  ruling    the_overflow_panic_is_permitted_and_bounded
  ruling    the_panic_bound_names_a_concern_not_a_marker
  ruling    wrap_or_clamp_stays_open_and_both_get_priced

=== panel_conduct ===
  proposal  an_instrument_is_mutated_and_the_battery_is_made_to_notice
  proposal  most_committed_bench_regions_predate_the_harness_cross_variant_validation
  proposal  one_measured_count_was_attributed_to_the_wrong_operation_in_two_topics_and_corrected_in_both
  proposal  the_four_consolidations_contradict_each_other_nowhere
  ruling    a_queue_batch_inherits_the_scope_of_the_work_in_flight
  ruling    a_unit_ends_in_agreement_or_it_has_not_ended
  ruling    an_ack_is_not_a_ratification
  ruling    consider_all_options_and_do_not_get_married
  ruling    do_not_escalate_a_measurement_dispute
  ruling    his_voice_is_demoted_except_where_he_frames_it_absolute
  ruling    nothing_settles_during_the_breadth_pass
  ruling    panel_work_only_with_one_named_exception
  ruling    port_what_exists_into_the_registry_then_comb_the_rest
  ruling    prior_calls_are_a_historical_log_not_calls
  ruling    steer_aggressively_to_convergence_without_rushing_it
  ruling    steering_the_experts_is_the_coordinators_job
  ruling    the_attacker_owes_several_solutions_to_the_party_it_refuted
  ruling    the_branch_waits_for_the_canon
  ruling    the_canon_is_settled_in_full_then_he_reviews_it
  ruling    the_d_numbered_decisions_are_dead
  ruling    the_explore_mode_runs_for_the_first_hundred_stretches
  ruling    the_intent_is_not_every_clause_of_the_quotation
  ruling    the_next_unit_is_chosen_bottom_up
  ruling    the_option_set_is_not_a_boundary
  ruling    the_persona_has_no_authority
  ruling    the_question_was_already_answered_by_an_intent
  ruling    the_run_continues_topic_after_topic
  ruling    the_run_ends_at_ratification_or_when_he_clears_it
  ruling    the_selection_criterion_is_what_serves_the_rest_of_arvo
  ruling    the_stack_to_borrow_from_is_wider_than_three_repositories
  ruling    the_standing_rules_are_in_the_rules_directory
  ruling    the_tools_concept_is_the_coordinators_call
  ruling    work_autonomously_and_batch_the_questions_for_him

=== rounding ===
  proposal  the_realisation_map_factors_into_quantisation_and_range_policy
  question  does_a_consumer_supplied_seed_surface_exist
  question  does_narrowing_compose
  question  does_the_position_keyed_dither_arm_ship
  question  the_rounding_mode_vocabulary
  question  what_the_double_rounding_mechanism_is
  question  why_the_default_rounding_position_is_chosen
  ruling    precise_on_inexact_is_an_arm_question

=== the_chain ===
  proposal  a_chain_is_exact_operations_together_with_a_schedule_of_adaptation_points
  proposal  a_coherent_reduction_needs_no_accumulator
  proposal  an_incoherent_clamped_addition_needs_the_exact_sum_width_less_one_bit
  proposal  chain_accuracy_cannot_be_served_by_an_operator_closed_over_its_operand_type
  proposal  chain_laws_split_by_whether_a_lifting_theorem_exists
  proposal  the_multiplicative_guard_grows_linearly_and_the_saving_is_adaptation_fusion
  proposal  within_an_unbound_stretch_the_design_may_select_any_realisation
  question  chain_or_region_between_observations
  question  chains_and_ops_as_two_things_or_one_phrase
  question  does_the_observability_principle_become_an_intent
  question  reduction_order_or_associativity
  question  two_shapes_of_aggregate_composition
  question  what_a_numeral_guarantees_to_a_fold
  question  which_accuracy_target_the_accuracy_intent_names
  question  which_chain_carrier_ships
  question  which_sense_composition_carries

=== the_container_premise ===
  question  the_container_premise

=== the_format ===
  proposal  a_format_is_identified_by_its_ambient_domain_and_its_representable_set
  proposal  a_nonzero_phase_leaves_the_representable_set_without_an_additive_identity
  proposal  arithmetic_on_a_format_factors_as_an_adaptation_of_an_exact_operation
  proposal  membership_of_the_representable_set_is_one_affine_predicate
  proposal  the_adaptation_slot_is_derived_and_a_strategy_selects_a_member_per_operation
  proposal  the_format_concept_carries_three_things_upward_and_compositions_owe_their_own_laws
  question  does_precision_count_the_sign_digit
  question  inclusion_order_singleton_amendment
  question  is_the_cross_kind_join_closed_or_priced
  question  is_the_derived_numeral_required_to_be_tightest
  question  mixed_numeral_addition
  question  one_numeral_family_or_several
  question  the_width_surface_crossing
  question  what_a_platform_width_type_is
  question  what_then_validate_requires
  question  which_width_coordinates_a_consumer_writes

=== the_number_system ===
  proposal  a_closed_ambient_operation_makes_the_reduction_the_identity
  proposal  a_crossing_carries_two_relations_and_a_verdict_per_law_family
  proposal  a_crossing_preserves_an_operation_exactly_when_it_moves_no_coordinate_that_operation_reads
  proposal  a_crossings_preservations_are_the_two_law_families
  proposal  a_system_exposes_its_ambient_laws_its_set_and_its_reductions_verdicts
  proposal  admission_returns_a_coordinate_rather_than_a_verdict
  proposal  an_exposure_test_over_reduction_verdicts_alone_is_satisfied_by_a_system_that_computes_nothing
  proposal  an_order_is_named_exactly_where_a_crossing_is_lossy
  proposal  conversion_and_resolution_are_one_obligation_at_two_arities
  proposal  derivation_is_completion_of_the_sequence_by_the_typestate
  proposal  every_dispute_in_the_number_system_topic_was_a_dispute_about_an_address
  proposal  meaning_is_decided_by_the_first_three_coordinates_and_cost_by_the_last_two
  proposal  membership_and_hosting_are_two_questions
  proposal  one_container_hosts_many_systems_so_the_canon_types_the_system
  proposal  roles_derive_representations_and_a_realisation_variant_computes_nothing_new
  proposal  the_concept_commits_to_its_choices_and_to_no_count_of_levels
  proposal  the_concept_is_closed_and_the_inventory_is_open
  proposal  the_concepts_edge_is_not_an_order_and_wrapping_is_the_test
  proposal  the_numeral_concept_is_a_dependent_sequence_of_choices
  question  adaptation_in_identity_or_realisation
  question  are_set_valued_carriers_admitted
  question  are_the_level_hierarchies_the_same_cut
  question  does_the_canon_name_crossing_classes
  question  is_admission_a_predicate_or_a_location
  question  is_interoperation_conversion_or_resolution
  question  is_number_system_broad_enough_for_non_magnitude
  question  is_the_ambient_operation_family_fixed
  question  is_the_number_system_inventory_open
  question  is_the_role_set_closed
  question  one_word_or_two_for_is_a_number_system
  question  the_ownership_key_as_a_structural_axis
  question  what_the_admission_contract_asks_a_candidate_to_expose
  question  when_is_an_order_owed_at_a_crossing
  question  whose_reduction_governs_a_lossy_crossing
  ruling    his_instinct_on_one_family_is_not_to_be_acted_on
  ruling    the_family_question_wants_the_comparison_first

=== the_predicate_notation ===
  proposal  a_predicate_carries_every_dimension_it_depends_on_and_the_fraction_width_is_the_one_that_keeps_going
  proposal  arms_with_const_predicates_are_the_organising_shape_all_four_topics_reached
  question  may_an_arms_predicate_read_data
  question  what_a_proof_marker_is_against_a_measurement
  question  what_transfers_from_a_model_width
  ruling    a_predicate_lists_only_what_holds
  ruling    the_work_is_predicated_arms_composed
  ruling    there_is_no_universal_answer_take_the_win_and_gate_it

=== the_primitive ===
  proposal  a_primitive_is_a_value_set_with_one_realisation_map
  proposal  an_axis_the_realisation_map_does_not_read_is_not_a_type_parameter
  proposal  configuration_is_not_composition_and_a_composite_is_a_primitive
  proposal  membership_in_the_type_and_identity_are_two_criteria
  proposal  the_lens_degenerates_to_an_ordinary_value_at_sole_occupancy
  proposal  the_realisation_map_is_one_map_with_two_regions
  question  what_a_datum_stands_for

=== the_realisation_map ===
  proposal  a_law_verdict_is_invariant_under_change_of_encoding_and_container
  proposal  the_realisation_map_has_an_algebraic_character
  question  are_consumer_terms_trees_or_dags
  question  container_derivation_output_count
  question  which_carrier_the_packing_claim_is_about
  ruling    the_carrier_question_waits_on_the_contention_measurement
  ruling    the_container_derivation_needs_fresh_eyes

=== the_strategy_axis ===
  proposal  a_compile_time_strategy_selection_leaves_no_residue_in_the_emitted_body
  proposal  a_strategy_is_a_preference_over_measurements_resolved_as_a_compile_time_argmin
  proposal  generation_relocates_the_check_rather_than_removing_it
  proposal  headroom_and_intermediate_precision_are_unobservable_inside_a_pure_ring_region
  proposal  no_total_join_exists_over_the_observable_axes_so_the_operation_reports
  proposal  the_corpus_cannot_exhibit_the_accuracy_intents_because_a_coordinate_is_absent
  proposal  the_rationalisability_counts_on_the_committed_carrier_table
  proposal  three_topics_independently_terminate_on_the_strategy_axis_as_their_shared_placeholder
  proposal  what_ships_is_four_arms_with_disjoint_predicates_over_one_generated_artifact_set
  question  are_strategies_partially_ordered_by_chain_laws
  question  are_the_axes_independently_resolvable
  question  arithmetic_column_one_axis_or_two
  question  arms_no_weighting_can_select
  question  does_the_native_imitation_cover_the_debug_panic
  question  is_i9_about_a_strategy_or_one_component
  question  must_a_weighting_be_strictly_positive
  question  the_exchange_rate_a_preference_yields_at
  question  what_goes_into_the_compiler_winner_or_cost_table
  question  what_the_cost_coordinates_are
  question  which_axes_a_build_arm_may_move
  question  which_reading_of_i3_at_a_non_native_width
  question  which_units_a_weighting_is_expressed_in
  ruling    cold_is_for_cold_paths_and_cold_storage
  ruling    cold_is_not_obliged_to_be_slow
  ruling    cold_is_not_to_be_deprioritised
  ruling    each_preset_names_a_stated_intent
  ruling    hot_may_sacrifice_soundness_for_a_proven_meaningful_gain
  ruling    precise_is_accurate_across_chains_not_only_per_operation
  ruling    the_imitation_is_ergonomics_not_an_arithmetic_boundary
  ruling    the_prior_strategy_split_was_well_enough_defined
  ruling    the_strategies_weigh_measurements_differently
  ruling    the_strategy_descriptions_may_go_into_the_canon
  ruling    the_strategy_intents_are_not_clear_cut
  ruling    the_strategy_is_what_makes_an_answer_correct
  ruling    the_strategy_set_is_not_closed_at_four
  ruling    throughput_wins_are_the_speed_first_strategys
  ruling    warm_behaves_as_a_native_rust_primitive_would
  ruling    warms_objective_is_the_intuitive_best_choice
  ruling    what_is_ratifiable_is_the_intent_not_the_concretes
  ruling    which_half_of_the_pair_i9_attaches_to_is_not_his

=== the_strategy_object ===
  proposal  a_coordinate_set_is_a_countable_ceiling_on_how_many_strategies_can_exist
  proposal  a_strategy_is_a_declared_semantics_together_with_a_weighting_over_the_arms_that_realise_it
  proposal  a_strategy_is_a_pair_of_an_observable_assignment_and_a_weighting
  proposal  a_strategy_is_an_assignment_and_a_weighting
  proposal  fusing_a_multiply_add_is_free_exactly_at_translation_equivariance
  proposal  no_cost_model_may_move_an_answer
  proposal  pick_the_policy_before_the_weighting
  proposal  the_join_over_demands_is_union_and_it_is_free
  proposal  the_named_strategies_are_points_in_a_product_and_the_flat_set_is_a_slice
  proposal  where_fusion_changes_the_answer_it_is_not_a_lowering
  question  which_operation_set_the_design_ships
  ruling    a_strategy_is_a_preset_naming_a_point_with_a_weighting_in_it

=== validation ===
  proposal  a_law_stated_as_an_author_written_marker_is_checked_by_nothing
  proposal  a_region_whose_arms_may_differ_is_validated_arm_by_arm_against_its_own_semantics
  proposal  erasures_guarantee_is_a_conditional_with_a_stated_base
  proposal  validation_is_two_acts_keyed_by_boundary_and_it_validates_maps
  ruling    validate_means_all_three_readings
