**NOTHING POINTS AT IT** -- which_carrier_the_packing_claim_is_about
      Op answered the regime half at `32` and the register records it as dissolving rather than 
      selecting: the canon names no regime, so both the one-core and four-core break-even bands are 
      correct as the two arms rather than as rivals. He marks it a ratifiable intent, which is not 
      ratified. What remains open is measurement-shaped and named by `27` itself: writes are 

**NOTHING POINTS AT IT** -- the_width_surface_crossing
      The container-derivation mechanism itself is established and is not what is open; this is the 
      upstream question of how a written const becomes the type-level natural the derivation operates 
      on. Every route listed was compiled and is a real arm. The sharpest finding of the thread is 
      that the ceiling was never a property of the bridge or of the const surface: it is the price of 

**NOTHING POINTS AT IT** -- container_derivation_output_count
      The register carries this as a dedicated section rather than a numbered entry, and separately 
      as a one-line pointer in its list of questions op has not been asked. `47` is recorded as 
      dissolving the one-against-two fork: the value-valued spelling of a single output is 
      compiled-refused six times across three syntactic positions, each naming a forbidden feature, 

**NOTHING POINTS AT IT** -- the_exchange_rate_a_preference_yields_at
      Added from `40`, which records it as op's own question and as unset in two of his sentences at 
      once: the provable meaningful gains that bound a soundness trade, and whether mimicking is 
      consistently just a worse choice. `40` argues these are one hole rather than two and that 
      naming the rate once answers both.

ANSWERED by a ruling -- the_cross_repo_strategy_name_collision
      No topic in the register fits: it is a cross-repo naming decision rather than a claim about any 
      of arvo's subjects. Recorded as answered by op on 2026-08-14, with the record at `105` and the 
      register's closure section carrying it; the answer is not written here. Two consequences the 
      closure section states beside the answer: naming the replacement is the other repo's business 

ANSWERED by a ruling -- which_reading_of_i3_at_a_non_native_width
      Recorded as closed by op on 2026-08-14, with the full record at `104`; the answer is not 
      written here. The third option is op's own and was not among the two the panel built, so the 
      fork as the panel posed it was never a fork about that intent. The measurement that the two 
      readings disagree at all fourteen non-native widths swept stands and is about something else. 

ANSWERED by a ruling -- does_the_native_imitation_cover_the_debug_panic
      This is the second half of the register's Q47 and is separable from the first: the first asks 
      which of two readings a sentence has, the second asks whether one behaviour is inside the 
      sentence at all. Splitting them into two rows is this port's call. Recorded as answered on 
      2026-08-14 and entered in the intent catalogue as a new intent, bounded and held as a rule of 

**NOTHING POINTS AT IT** -- is_i9_about_a_strategy_or_one_component
      Recorded as put to op on 2026-08-14 and declined by him as not his, and returned to the panel 
      with a decision procedure attached; the wording of the decline is at `104` and is not restated 
      here. It stays live as an implementation question, one file already states both readings and 
      says it can build either, and it is not waiting on op and must not be put to him again. The 

**NOTHING POINTS AT IT** -- are_open_domain_dimensions_stated_as_open
      Handed to op by a candidate. The coordinator records it as not derivable and folds it into the 
      unpredicated-proposition question rather than answering it, on the ground that it is the same 
      question one level down: a canon carrying a visibly open obligation is carrying a sentence that 
      is not an established claim.

