################ set_operations_over_a_fixed_size_bit_set  --  52 rows mention any of its own keywords
  proposal :: a_closed_ambient_operation_makes_the_reduction_the_identity	(set)
  proposal :: a_coordinate_set_is_a_countable_ceiling_on_how_many_strategies_can_exist	(set)
  proposal :: a_format_is_identified_by_its_ambient_domain_and_its_representable_set	(set)
  proposal :: a_nonzero_phase_leaves_the_representable_set_without_an_additive_identity	(set)
  proposal :: a_primitive_is_a_value_set_with_one_realisation_map	(set)
  proposal :: a_strategy_is_a_declared_semantics_together_with_a_weighting_over_the_arms_that_realise_it	(set)
  proposal :: a_strategy_is_a_declared_semantics_together_with_a_weighting_over_the_arms_that_realise_it	(union)
  proposal :: a_system_exposes_its_ambient_laws_its_set_and_its_reductions_verdicts	(set)
  proposal :: a_trajectory_condition_lifts_into_a_declaration_exactly_when_it_survives_closure	(set)
  proposal :: arithmetic_on_a_format_factors_as_an_adaptation_of_an_exact_operation	(set)
  proposal :: chain_laws_split_by_whether_a_lifting_theorem_exists	(set)
  proposal :: conversion_and_resolution_are_one_obligation_at_two_arities	(set)
  proposal :: generation_relocates_the_check_rather_than_removing_it	(set)
  proposal :: inside_a_fragment_with_a_complete_test_set_the_verdict_is_computed_at_the_shipped_width	(set)
  proposal :: inside_a_fragment_with_a_complete_test_set_the_verdict_is_computed_at_the_shipped_width	(sets)
  proposal :: meaning_is_decided_by_the_first_three_coordinates_and_cost_by_the_last_two	(set)
  proposal :: membership_of_the_representable_set_is_one_affine_predicate	(set)
  proposal :: naming_is_partial_and_injective_or_it_is_broken	(set)
  proposal :: no_cost_model_may_move_an_answer	(difference)
  proposal :: roles_derive_representations_and_a_realisation_variant_computes_nothing_new	(set)
  proposal :: the_adaptation_slot_is_derived_and_a_strategy_selects_a_member_per_operation	(set)
  proposal :: the_concept_is_closed_and_the_inventory_is_open	(set)
  proposal :: the_corpus_cannot_exhibit_the_accuracy_intents_because_a_coordinate_is_absent	(set)
  proposal :: the_corpus_cannot_exhibit_the_accuracy_intents_because_a_coordinate_is_absent	(sets)
  proposal :: the_join_over_demands_is_union_and_it_is_free	(set)
  proposal :: the_join_over_demands_is_union_and_it_is_free	(sets)
  proposal :: the_join_over_demands_is_union_and_it_is_free	(union)
  proposal :: the_laws_of_a_format_are_derived_from_two_hypotheses_rather_than_enumerated_per_policy	(set)
  proposal :: the_lens_degenerates_to_an_ordinary_value_at_sole_occupancy	(set)
  proposal :: the_licensed_category_is_const_available_and_four_constructions_bind_at_four_times	(set)
  proposal :: the_model_band_transfer_is_defeated_in_both_fragments	(set)
  proposal :: the_named_strategies_are_points_in_a_product_and_the_flat_set_is_a_slice	(set)
  proposal :: the_numeral_concept_is_a_dependent_sequence_of_choices	(set)
  proposal :: the_realisation_map_has_an_algebraic_character	(set)
  proposal :: what_ships_is_four_arms_with_disjoint_predicates_over_one_generated_artifact_set	(set)
  ruling :: a_strategy_is_a_preset_naming_a_point_with_a_weighting_in_it	(set)
  ruling :: do_not_escalate_a_measurement_dispute	(set)
  ruling :: each_preset_names_a_stated_intent	(set)
  ruling :: his_instinct_on_one_family_is_not_to_be_acted_on	(set)
  ruling :: nothing_settles_during_the_breadth_pass	(set)
  ruling :: port_what_exists_into_the_registry_then_comb_the_rest	(set)
  ruling :: steer_aggressively_to_convergence_without_rushing_it	(set)
  ruling :: the_canon_is_settled_in_full_then_he_reviews_it	(set)
  ruling :: the_explore_mode_runs_for_the_first_hundred_stretches	(set)
  ruling :: the_next_unit_is_chosen_bottom_up	(set)
  ruling :: the_option_set_is_not_a_boundary	(set)
  ruling :: the_stack_to_borrow_from_is_wider_than_three_repositories	(set)
  ruling :: the_strategy_descriptions_may_go_into_the_canon	(set)
  ruling :: the_strategy_intents_are_not_clear_cut	(set)
  ruling :: the_strategy_set_is_not_closed_at_four	(set)
  ruling :: the_work_is_predicated_arms_composed	(set)
  ruling :: wrap_or_clamp_stays_open_and_both_get_priced	(set)
################ ordering_a_directed_acyclic_graph  --  1 rows mention any of its own keywords
  proposal :: the_corpus_cannot_exhibit_the_accuracy_intents_because_a_coordinate_is_absent	(ordering)
################ a_sparse_adjacency_a_plan_can_be_built_on  --  0 rows mention any of its own keywords
################ a_spectral_partition_of_a_dependency_graph  --  1 rows mention any of its own keywords
  proposal :: the_concept_commits_to_its_choices_and_to_no_count_of_levels	(partition)
################ a_cost_dynamic_program  --  11 rows mention any of its own keywords
  proposal :: a_const_eval_frontier_is_a_fact_about_the_procedure_rather_than_about_the_law	(cost)
  proposal :: a_strategy_is_a_declared_semantics_together_with_a_weighting_over_the_arms_that_realise_it	(cost)
  proposal :: a_strategy_is_a_pair_of_an_observable_assignment_and_a_weighting	(cost)
  proposal :: a_strategy_is_an_assignment_and_a_weighting	(cost)
  proposal :: an_axis_the_realisation_map_does_not_read_is_not_a_type_parameter	(cost)
  proposal :: chain_laws_split_by_whether_a_lifting_theorem_exists	(grouping)
  proposal :: meaning_is_decided_by_the_first_three_coordinates_and_cost_by_the_last_two	(cost)
  proposal :: no_cost_model_may_move_an_answer	(cost)
  proposal :: the_join_over_demands_is_union_and_it_is_free	(cost)
  proposal :: what_ships_is_four_arms_with_disjoint_predicates_over_one_generated_artifact_set	(cost)
  ruling :: hot_may_sacrifice_soundness_for_a_proven_meaningful_gain	(cost)
################ a_platform_sized_unsigned_integer_at_an_api_position  --  15 rows mention any of its own keywords
  proposal :: a_primitive_is_a_value_set_with_one_realisation_map	(primitive)
  proposal :: an_axis_the_realisation_map_does_not_read_is_not_a_type_parameter	(primitive)
  proposal :: configuration_is_not_composition_and_a_composite_is_a_primitive	(primitive)
  proposal :: generation_relocates_the_check_rather_than_removing_it	(non-negative)
  proposal :: membership_in_the_type_and_identity_are_two_criteria	(primitive)
  proposal :: the_lens_degenerates_to_an_ordinary_value_at_sole_occupancy	(primitive)
  proposal :: the_rationalisability_counts_on_the_committed_carrier_table	(non-negative)
  proposal :: the_realisation_map_has_an_algebraic_character	(primitive)
  ruling :: the_imitation_is_ergonomics_not_an_arithmetic_boundary	(primitive)
  ruling :: the_operating_constraints_are_intents_and_rules	(USize)
  ruling :: the_operating_constraints_are_intents_and_rules	(primitive)
  ruling :: the_operating_constraints_are_intents_and_rules	(public API)
  ruling :: the_operating_constraints_are_intents_and_rules	(usize)
  ruling :: the_overflow_panic_is_permitted_and_bounded	(primitive)
  ruling :: warm_behaves_as_a_native_rust_primitive_would	(primitive)
################ an_exact_width_container_a_consumer_can_alias_and_pin  --  18 rows mention any of its own keywords
  proposal :: a_chain_is_exact_operations_together_with_a_schedule_of_adaptation_points	(container)
  proposal :: a_crossing_preserves_an_operation_exactly_when_it_moves_no_coordinate_that_operation_reads	(container)
  proposal :: a_law_verdict_is_invariant_under_change_of_encoding_and_container	(container)
  proposal :: a_strategy_is_a_preference_over_measurements_resolved_as_a_compile_time_argmin	(container)
  proposal :: admission_returns_a_coordinate_rather_than_a_verdict	(container)
  proposal :: an_axis_the_realisation_map_does_not_read_is_not_a_type_parameter	(container)
  proposal :: conversion_and_resolution_are_one_obligation_at_two_arities	(conversion)
  proposal :: erasures_guarantee_is_a_conditional_with_a_stated_base	(Bits)
  proposal :: meaning_is_decided_by_the_first_three_coordinates_and_cost_by_the_last_two	(container)
  proposal :: one_container_hosts_many_systems_so_the_canon_types_the_system	(container)
  proposal :: the_const_eval_frontier_collapses_along_arity_and_buys_three_bits_from_the_guard	(Bits)
  proposal :: the_lens_degenerates_to_an_ordinary_value_at_sole_occupancy	(Bits)
  proposal :: the_multiplicative_guard_grows_linearly_and_the_saving_is_adaptation_fusion	(Bits)
  proposal :: the_numeral_concept_is_a_dependent_sequence_of_choices	(container)
  proposal :: validation_is_two_acts_keyed_by_boundary_and_it_validates_maps	(Bits)
  ruling :: ingest_is_the_consumers_and_the_c_abi_is_where_it_ends_up	(conversion)
  ruling :: the_container_derivation_needs_fresh_eyes	(container)
  ruling :: the_imitation_is_ergonomics_not_an_arithmetic_boundary	(container)
################ a_content_hash  --  0 rows mention any of its own keywords
################ debug_output_from_every_numeral_shape  --  15 rows mention any of its own keywords
  proposal :: a_coherent_reduction_needs_no_accumulator	(format)
  proposal :: a_format_is_identified_by_its_ambient_domain_and_its_representable_set	(format)
  proposal :: a_system_exposes_its_ambient_laws_its_set_and_its_reductions_verdicts	(format)
  proposal :: absorption_decides_associativity_of_a_clamped_reduction	(format)
  proposal :: an_incoherent_clamped_addition_needs_the_exact_sum_width_less_one_bit	(format)
  proposal :: arithmetic_on_a_format_factors_as_an_adaptation_of_an_exact_operation	(format)
  proposal :: configuration_is_not_composition_and_a_composite_is_a_primitive	(format)
  proposal :: each_choice_in_the_sequence_has_an_owner_and_a_resolution_time	(format)
  proposal :: erasures_guarantee_is_a_conditional_with_a_stated_base	(format)
  proposal :: the_format_concept_carries_three_things_upward_and_compositions_owe_their_own_laws	(format)
  proposal :: the_law_frame_was_attacked_from_another_topic_and_held	(format)
  proposal :: the_laws_of_a_format_are_derived_from_two_hypotheses_rather_than_enumerated_per_policy	(format)
  proposal :: three_topics_independently_terminate_on_the_strategy_axis_as_their_shared_placeholder	(format)
  ruling :: the_operating_constraints_are_intents_and_rules	(no alloc)
  ruling :: the_panic_bound_names_a_concern_not_a_marker	(Debug)
################ a_build_flag_that_changes_float_semantics  --  5 rows mention any of its own keywords
  proposal :: a_primitive_is_a_value_set_with_one_realisation_map	(denotation)
  proposal :: a_strategy_is_an_assignment_and_a_weighting	(denotation)
  proposal :: membership_in_the_type_and_identity_are_two_criteria	(denotation)
  proposal :: where_fusion_changes_the_answer_it_is_not_a_lowering	(denotation)
  ruling :: the_canon_does_not_police_what_shape_a_law_takes	(one lowered path)
################ composition_contracts_above_the_numeral  --  31 rows mention any of its own keywords
  proposal :: a_chain_is_exact_operations_together_with_a_schedule_of_adaptation_points	(chain)
  proposal :: a_chain_is_exact_operations_together_with_a_schedule_of_adaptation_points	(composition)
  proposal :: a_coherent_reduction_needs_no_accumulator	(fold)
  proposal :: a_composed_expressions_region_is_never_inherited_from_its_parts	(composition)
  proposal :: a_crossings_preservations_are_the_two_law_families	(fold)
  proposal :: a_law_verdict_is_invariant_under_change_of_encoding_and_container	(contract)
  proposal :: a_primitive_is_a_value_set_with_one_realisation_map	(composition)
  proposal :: a_strategy_is_a_declared_semantics_together_with_a_weighting_over_the_arms_that_realise_it	(chain)
  proposal :: absorption_decides_associativity_of_a_clamped_reduction	(fold)
  proposal :: admission_returns_a_coordinate_rather_than_a_verdict	(chain)
  proposal :: chain_accuracy_cannot_be_served_by_an_operator_closed_over_its_operand_type	(chain)
  proposal :: chain_laws_split_by_whether_a_lifting_theorem_exists	(chain)
  proposal :: configuration_is_not_composition_and_a_composite_is_a_primitive	(composition)
  proposal :: configuration_is_not_composition_and_a_composite_is_a_primitive	(contract)
  proposal :: erasures_guarantee_is_a_conditional_with_a_stated_base	(guarantee)
  proposal :: headroom_and_intermediate_precision_are_unobservable_inside_a_pure_ring_region	(composition)
  proposal :: membership_and_hosting_are_two_questions	(chain)
  proposal :: naming_is_partial_and_injective_or_it_is_broken	(composition)
  proposal :: roles_derive_representations_and_a_realisation_variant_computes_nothing_new	(chain)
  proposal :: the_concept_is_closed_and_the_inventory_is_open	(contract)
  proposal :: the_concept_is_closed_and_the_inventory_is_open	(guarantee)
  proposal :: the_format_concept_carries_three_things_upward_and_compositions_owe_their_own_laws	(composition)
  proposal :: the_lens_degenerates_to_an_ordinary_value_at_sole_occupancy	(contract)
  proposal :: the_multiplicative_guard_grows_linearly_and_the_saving_is_adaptation_fusion	(fold)
  ruling :: arvo_is_a_library_and_the_value_composes_on_top	(contract)
  ruling :: precise_is_accurate_across_chains_not_only_per_operation	(chain)
  ruling :: the_container_derivation_needs_fresh_eyes	(contract)
  ruling :: the_strategy_set_is_not_closed_at_four	(composition)
  ruling :: the_trait_contract_structure_is_a_primary_paradigm	(contract)
  ruling :: the_trait_contract_structure_is_a_primary_paradigm	(trait contract)
  ruling :: the_work_is_predicated_arms_composed	(composition)
