A vs B over 625 pairs of box 4: disagreements = 0
B vs C over 6561 pairs of box 8: disagreements = 0

box 4: 7 of 625 pairs have I < 0
box 6: 11 of 2401 pairs have I < 0
box 8: 15 of 6561 pairs have I < 0

the exact region at box 8:
  U<0,1> * U<0,1>  ->  I=-1 F=2  W=1
  U<0,1> * U<0,2>  ->  I=-1 F=3  W=2
  U<0,1> * U<0,3>  ->  I=-1 F=4  W=3
  U<0,1> * U<0,4>  ->  I=-1 F=5  W=4
  U<0,1> * U<0,5>  ->  I=-1 F=6  W=5
  U<0,1> * U<0,6>  ->  I=-1 F=7  W=6
  U<0,1> * U<0,7>  ->  I=-1 F=8  W=7
  U<0,1> * U<0,8>  ->  I=-1 F=9  W=8
  U<0,2> * U<0,1>  ->  I=-1 F=3  W=2
  U<0,3> * U<0,1>  ->  I=-1 F=4  W=3
  U<0,4> * U<0,1>  ->  I=-1 F=5  W=4
  U<0,5> * U<0,1>  ->  I=-1 F=6  W=5
  U<0,6> * U<0,1>  ->  I=-1 F=7  W=6
  U<0,7> * U<0,1>  ->  I=-1 F=8  W=7
  U<0,8> * U<0,1>  ->  I=-1 F=9  W=8

both operands purely fractional: True
an operand equal to U<0,1>:      True
min I over the region:           -1

product, over all 6561 pairs:
  pairs with I < 0: 15
  pairs with F < 0: 0
  pairs with W < 0: 0
  min W: 0  min F: 0

addition, over the same 6561 pairs:
  pairs with I < 0: 0
  pairs with W < 0: 0
  min W: 0  min F: 0

join: min I 0  min W 0
meet: min I 0  min W 0
