pairs: 6561
product: (W,F) rule disagrees with ground truth at 0 of 6561
addition: (W,F) rule disagrees with ground truth at 289 of 6561
   U<0,0> + U<0,0>: want (0, 0) got (1, 0)
   U<0,0> + U<0,1>: want (1, 1) got (2, 1)
   U<0,0> + U<0,2>: want (2, 2) got (3, 2)
   U<0,0> + U<0,3>: want (3, 3) got (4, 3)
   U<0,0> + U<0,4>: want (4, 4) got (5, 4)
   U<0,0> + U<0,5>: want (5, 5) got (6, 5)
   U<0,0> + U<0,6>: want (6, 6) got (7, 6)
   U<0,0> + U<0,7>: want (7, 7) got (8, 7)
addition's alignment subtraction F_out - F_i negative at 0 of 6561
product: I < 0 at 15, W < 0 at 0
join: (W,F) rule disagrees at 0 of 6561
meet: (W,F) rule disagrees at 0 of 6561
meet over the box PLUS the negative-I outputs: least W reached = -1

repeated squaring of U<0,1>, in (I,F) then (W,F):
  step 0: I=0 F=1   W=1 F=1
  step 1: I=-1 F=2   W=1 F=2
  step 2: I=-3 F=4   W=1 F=4
  step 3: I=-7 F=8   W=1 F=8
  step 4: I=-15 F=16   W=1 F=16
  step 5: I=-31 F=32   W=1 F=32

ADDENDUM. addition overshoot: 289 pairs
  of which at least one operand is the zero-only numeral W=0: 161
  the remainder: 128
    U<0,1> + U<1,0>: want (2, 1) got (3, 1)
    U<0,1> + U<2,0>: want (3, 1) got (4, 1)
    U<0,1> + U<3,0>: want (4, 1) got (5, 1)
    U<0,1> + U<4,0>: want (5, 1) got (6, 1)
    U<0,1> + U<5,0>: want (6, 1) got (7, 1)
    U<0,1> + U<6,0>: want (7, 1) got (8, 1)
    U<0,1> + U<7,0>: want (8, 1) got (9, 1)
    U<0,1> + U<8,0>: want (9, 1) got (10, 1)
    U<0,2> + U<1,0>: want (3, 2) got (4, 2)
    U<0,2> + U<2,0>: want (4, 2) got (5, 2)
    U<0,2> + U<3,0>: want (5, 2) got (6, 2)
    U<0,2> + U<4,0>: want (6, 2) got (7, 2)
  restricted to both operands non-degenerate: 128 of 6400 disagree
