pairs: 6561
classic rule wrong at: 289
tight  rule wrong at: 0
of the classic rule's overshoots, container-rung crossings: 36
   U<0,0> + U<0,8>: exact W=8 classic W=9
   U<0,0> + U<1,7>: exact W=8 classic W=9
   U<0,0> + U<2,6>: exact W=8 classic W=9
   U<0,0> + U<3,5>: exact W=8 classic W=9
   U<0,0> + U<4,4>: exact W=8 classic W=9
   U<0,0> + U<5,3>: exact W=8 classic W=9
   U<0,0> + U<6,2>: exact W=8 classic W=9
   U<0,0> + U<7,1>: exact W=8 classic W=9
   U<0,0> + U<8,0>: exact W=8 classic W=9
   U<0,0> + U<8,8>: exact W=16 classic W=17

product: sum-of-widths rule wrong at 476, rung crossings 112

repeated self-addition of U<3,5>, the width each rule reaches:
  step 0: classic W=8   tight W=8   F=5
  step 1: classic W=9   tight W=9   F=5
  step 2: classic W=10   tight W=10   F=5
  step 3: classic W=11   tight W=11   F=5
  step 4: classic W=12   tight W=12   F=5
  step 5: classic W=13   tight W=13   F=5
