=== with d2 (expected to fail) ===
error[E0277]: the declared output numeral is narrower than the product needs
  --> q14_declared_plus_tag.rs:90:5
   |
90 |     Money: MulInto<Money, TooNarrow>,
   |     ^^^^^^^^^^^^^^^^^^^^^^^^^^^^^^^^ widen the declared output, or state the rounding explicitly
   |
help: the trait `IsLe` is not implemented for `Gt`
  --> q04_core_inc.rs:77:1
   |
77 | pub struct Gt;
   | ^^^^^^^^^^^^^
   = note: a product occupies the sum of the total widths and the sum of the fraction widths; the `Tag<I, F>` in the note below carries the widths as the consumer wrote them
help: the following other types implement trait `IsLe`
  --> q14_declared_plus_tag.rs:60:1
   |
60 | impl IsLe for Lt {}
   | ^^^^^^^^^^^^^^^^ `Lt`
61 | impl IsLe for Eqq {}
   | ^^^^^^^^^^^^^^^^^ `Eqq`
note: required for `Numeral<E<E<E<E<O<Z>>>>>, O<O<Z>>, Tag<13, 3>>` to implement `MulInto<Numeral<E<E<E<E<O<Z>>>>>, O<O<Z>>, Tag<13, 3>>, ...>`
  --> q14_declared_plus_tag.rs:63:42
   |
63 | impl<W1, F1, T1, W2, F2, T2, WO, FO, TO> MulInto<Numeral<W2, F2, T2>, Numeral<WO, FO, TO>>
   |                                          ^^^^^^^^^^^^^^^^^^^^^^^^^^^^^^^^^^^^^^^^^^^^^^^^^
64 |     for Numeral<W1, F1, T1>
   |         ^^^^^^^^^^^^^^^^^^^
...
70 |     Ord2<Sum<W1, W2>, WO>: IsLe,
   |                            ---- unsatisfied trait bound introduced here
   = note: the full name for the type has been written to 'build/q14_declared_plus_tag.long-type-16718600536469287004.txt'
   = note: consider using `--verbose` to print the full type name to the console
help: add `#![feature(trivial_bounds)]` to the crate attributes to enable
   |
27 + #![feature(trivial_bounds)]
   |

error: aborting due to 1 previous error

For more information about this error, try `rustc --explain E0277`.

=== without d2 (d1 alone) ===
exit 0
