### ledger:      798 lines

1. Op's own words, rung by rung                | 1.2 The intent catalogue (`INTENTS.md`), b   | BULLET | I1 (OPEN, demoted from a carried RATIFIED at `39`).
1. Op's own words, rung by rung                | 1.2 The intent catalogue (`INTENTS.md`), b   | BULLET | I2 (STATED; enumeration OPEN under I1).
1. Op's own words, rung by rung                | 1.2 The intent catalogue (`INTENTS.md`), b   | BULLET | I3 (STATED, amended at `104`).
1. Op's own words, rung by rung                | 1.2 The intent catalogue (`INTENTS.md`), b   | BULLET | I4 (STATED).
1. Op's own words, rung by rung                | 1.2 The intent catalogue (`INTENTS.md`), b   | BULLET | I5 (STATED).
1. Op's own words, rung by rung                | 1.2 The intent catalogue (`INTENTS.md`), b   | BULLET | I6 (STATED).
1. Op's own words, rung by rung                | 1.2 The intent catalogue (`INTENTS.md`), b   | BULLET | I7 (STATED).
1. Op's own words, rung by rung                | 1.2 The intent catalogue (`INTENTS.md`), b   | BULLET | I8 (STATED, corrected at `88`).
1. Op's own words, rung by rung                | 1.2 The intent catalogue (`INTENTS.md`), b   | BULLET | I9 (STATED).
1. Op's own words, rung by rung                | 1.2 The intent catalogue (`INTENTS.md`), b   | BULLET | I10 (STATED).
1. Op's own words, rung by rung                | 1.2 The intent catalogue (`INTENTS.md`), b   | BULLET | I11 (STATED).
1. Op's own words, rung by rung                | 1.2 The intent catalogue (`INTENTS.md`), b   | BULLET | I12 (STATED).
1. Op's own words, rung by rung                | 1.2 The intent catalogue (`INTENTS.md`), b   | BULLET | I13 (RATIFIED, the panel's only entry at this rung).
1. Op's own words, rung by rung                | 1.2 The intent catalogue (`INTENTS.md`), b   | BULLET | I14 (IN FORCE).
1. Op's own words, rung by rung                | 1.2 The intent catalogue (`INTENTS.md`), b   | BULLET | I15 (STATED).
1. Op's own words, rung by rung                | 1.2 The intent catalogue (`INTENTS.md`), b   | BULLET | I16 (STATED).
1. Op's own words, rung by rung                | 1.2 The intent catalogue (`INTENTS.md`), b   | BULLET | I17 (STATED).
1. Op's own words, rung by rung                | 1.2 The intent catalogue (`INTENTS.md`), b   | BULLET | I18 (STATED, "a rule of thumb, not an absolute").
1. Op's own words, rung by rung                | 1.3 Op's process-governance words (not des   | BULLET | `87`: the canon is written once, at the end, from every consolidation toge
1. Op's own words, rung by rung                | 1.3 Op's process-governance words (not des   | BULLET | `95`: a unit has to end in agreement, or it has not ended.
1. Op's own words, rung by rung                | 1.3 Op's process-governance words (not des   | BULLET | `113`: steer the experts, make them build together, and do not stop at the
1. Op's own words, rung by rung                | 1.3 Op's process-governance words (not des   | BULLET | `88` section 4: there is never a universal answer, and asking for one is t
1. Op's own words, rung by rung                | 1.3 Op's process-governance words (not des   | BULLET | `105`: `Strategy` is arvo's name; notko renames its own profile-tier conce
1. Op's own words, rung by rung                | 1.3 Op's process-governance words (not des   | BULLET | `04` / `28`: the panel's standing mode is explore, not settle
2. The format concept (`63`)                   | 2.1 Multi-instance, per the consolidation'   | BULLET | C1, the standard model
2. The format concept (`63`)                   | 2.1 Multi-instance, per the consolidation'   | BULLET | C2, identity (D, Q)
2. The format concept (`63`)                   | 2.1 Multi-instance, per the consolidation'   | BULLET | C3, the representable set
2. The format concept (`63`)                   | 2.1 Multi-instance, per the consolidation'   | BULLET | C5, the absorption criterion
2. The format concept (`63`)                   | 2.1 Multi-instance, per the consolidation'   | BULLET | The scale-independence of the additive column
2. The format concept (`63`)                   | 2.2 Single-expert claims carried as if set   | BULLET | C6, the law frame
2. The format concept (`63`)                   | 2.2 Single-expert claims carried as if set   | BULLET | C9, the chain concept
2. The format concept (`63`)                   | 2.2 Single-expert claims carried as if set   | BULLET | The one-bit accumulator constant and the fusion-savings constant
2. The format concept (`63`)                   | 2.3 Contested or located, per the consolid   | BULLET | The wrap-order sentence
2. The format concept (`63`)                   | 2.3 Contested or located, per the consolid   | BULLET | The D-A/D-B/D-C fork on where a chain "lives"
2. The format concept (`63`)                   | 2.3 Contested or located, per the consolid   | BULLET | `56` was never resumed
3. The number-system concept (`74`)            | 3.1 Multi-instance, per the consolidation'   | BULLET | The number-numeral distinction, laws-as-identity, gate-free expressibility
3. The number-system concept (`74`)            | 3.1 Multi-instance, per the consolidation'   | BULLET | The crate-table cross-check's evidential worth is zero
3. The number-system concept (`74`)            | 3.1 Multi-instance, per the consolidation'   | BULLET | The strategy-selects-the-correctness-relation claim
3. The number-system concept (`74`)            | 3.2 Single-expert claims flagged, and the    | BULLET | The consolidation names its own worst instance of overcounted independence
3. The number-system concept (`74`)            | 3.2 Single-expert claims flagged, and the    | BULLET | Most of the fifteen candidate canon sentences (N1 through N23) sit at ONE 
3. The number-system concept (`74`)            | 3.2 Single-expert claims flagged, and the    | BULLET | The three-role model
3. The number-system concept (`74`)            | 3.3 Contested or located, per the consolid   | BULLET | D1
3. The number-system concept (`74`)            | 3.3 Contested or located, per the consolid   | BULLET | D2
3. The number-system concept (`74`)            | 3.3 Contested or located, per the consolid   | BULLET | D3
3. The number-system concept (`74`)            | 3.3 Contested or located, per the consolid   | BULLET | D4
3. The number-system concept (`74`)            | 3.3 Contested or located, per the consolid   | BULLET | D6
4. Derived algebraic laws (`90`)               | 4.1 Multi-instance, per the consolidation'   | BULLET | R1, "a law is a fact about an operation composed under a fixed arithmetic 
4. Derived algebraic laws (`90`)               | 4.1 Multi-instance, per the consolidation'   | BULLET | The reproduction chain never broke.
4. Derived algebraic laws (`90`)               | 4.1 Multi-instance, per the consolidation'   | BULLET | The band-transfer defeat, in both fragments.
4. Derived algebraic laws (`90`)               | 4.3 Contested or located                     | BULLET | Q38's route (c), the model-band cross-check, is corrected rather than mere
4. Derived algebraic laws (`90`)               | 4.3 Contested or located                     | BULLET | Q41, whether the strategies are partially ordered by how many chain-level 
5. The strategy axis (`106`, with its own se   | (no subsection)                              | LEAD   | This topic's material needs the heaviest caveat of the four.
5. The strategy axis (`106`, with its own se   | 5.1 Three or more independent instances, p   | BULLET | The selection erases at compile time.
5. The strategy axis (`106`, with its own se   | 5.1 Three or more independent instances, p   | BULLET | The rationalisability counts
5. The strategy axis (`106`, with its own se   | 5.1 Three or more independent instances, p   | BULLET | Multiplicative associativity and distributivity hold at F = 0 and fail at 
5. The strategy axis (`106`, with its own se   | 5.1 Three or more independent instances, p   | BULLET | The corpus's test suite is 123 tests across 13 crates.
5. The strategy axis (`106`, with its own se   | 5.2 Two experts, each deriving before read   | BULLET | A strategy is a preference over measurements, resolved as a compile-time a
5. The strategy axis (`106`, with its own se   | 5.2 Two experts, each deriving before read   | BULLET | Chain accuracy cannot be served by an operator closed over its operand typ
5. The strategy axis (`106`, with its own se   | 5.2 Two experts, each deriving before read   | BULLET | The named strategies are points in a product, and the flat named set is a 
5. The strategy axis (`106`, with its own se   | 5.2 Two experts, each deriving before read   | BULLET | 175 of 254 committed bench regions were produced before the harness's cros
5. The strategy axis (`106`, with its own se   | 5.3 Single-expert claims flagged, with the   | LEAD   | The strategy pair itself, as originally stated in section 1, is single-exp
5. The strategy axis (`106`, with its own se   | 5.4 Contested or located                     | BULLET | The generate-a-table-versus-check-a-table fork.
5. The strategy axis (`106`, with its own se   | 5.4 Contested or located                     | BULLET | Which object the word "strategy" names
5. The strategy axis (`106`, with its own se   | 5.4 Contested or located                     | BULLET | Whether the rationalisability constraint has any content once the "pair" o
6. Cross-topic agreements                      | (no subsection)                              | LEAD   | The F = 0 qualifier, and the general lesson that a predicate must carry ev
6. Cross-topic agreements                      | (no subsection)                              | LEAD   | I13's "arms with const predicates, reject the universal" shape is independ
6. Cross-topic agreements                      | (no subsection)                              | LEAD   | The chain / multiplicative-accuracy finding recurs, without contradiction,
6. Cross-topic agreements                      | (no subsection)                              | LEAD   | `63`'s law frame (C6, marked "provisionally passes" and explicitly named a
6. Cross-topic agreements                      | (no subsection)                              | LEAD   | The strategy axis is independently identified, by three different topics, 
6. Cross-topic agreements                      | (no subsection)                              | LEAD   | The 952-triples figure was independently mis-attributed to the wrong opera
7. Contradictions between consolidations       | (no subsection)                              | LEAD   | multiplication associativity
9. The realisation map (topic six, files `11   | (no subsection)                              | LEAD   | This is a pointer, not a compression.
9. The realisation map (topic six, files `11   | (no subsection)                              | BULLET | The authoritative ledger is `122`'s
9. The realisation map (topic six, files `11   | (no subsection)                              | BULLET | `123` is the independent entailment check
9. The realisation map (topic six, files `11   | (no subsection)                              | BULLET | `124` closes the one item `123` left open
9. The realisation map (topic six, files `11   | (no subsection)                              | LEAD   | What the topic settled, at the rungs its own ledger assigns.
9. The realisation map (topic six, files `11   | (no subsection)                              | LEAD   | What it corrected in itself, which is the part worth carrying forward.
10. The rounding axis (topic seven, files `1   | (no subsection)                              | BULLET | The authoritative ledger is `136`'s
10. The rounding axis (topic seven, files `1   | (no subsection)                              | BULLET | `137` is the independent check.
10. The rounding axis (topic seven, files `1   | (no subsection)                              | LEAD   | The fork is not where either cold derivation put it.
10. The rounding axis (topic seven, files `1   | (no subsection)                              | LEAD   | And the entropy constraint decides the arms.
10. The rounding axis (topic seven, files `1   | (no subsection)                              | LEAD   | Two provenance notes worth carrying.
11. The strategy object (topic eight, files    | (no subsection)                              | BULLET | The authoritative ledger is `151`'s
11. The strategy object (topic eight, files    | (no subsection)                              | BULLET | `152` is the independent check.
11. The strategy object (topic eight, files    | (no subsection)                              | LEAD   | What it corrected in itself.
11. The strategy object (topic eight, files    | (no subsection)                              | LEAD   | Two provenance findings that reach beyond this topic.
12. The primitive (topic five, files `109` t   | (no subsection)                              | LEAD   | This section is why the ninth unit existed.
12. The primitive (topic five, files `109` t   | (no subsection)                              | BULLET | The authoritative ledger is `164`'s
12. The primitive (topic five, files `109` t   | (no subsection)                              | BULLET | `165` is the independent check
12. The primitive (topic five, files `109` t   | (no subsection)                              | BULLET | Two repairs were applied after that check
12. The primitive (topic five, files `109` t   | (no subsection)                              | LEAD   | Adequacy is settled and was the obligation `111` named as nobody's.
12. The primitive (topic five, files `109` t   | (no subsection)                              | LEAD   | What it corrected in itself.
13. The chain and the composite (topic ten,    | (no subsection)                              | BULLET | The authoritative ledger is `176`'s
13. The chain and the composite (topic ten,    | (no subsection)                              | BULLET | `177` is the independent check
13. The chain and the composite (topic ten,    | (no subsection)                              | BULLET | `178` is the restoration pass
13. The chain and the composite (topic ten,    | (no subsection)                              | LEAD   | The result that shapes the canon rather than the design.
13. The chain and the composite (topic ten,    | (no subsection)                              | LEAD   | Two sweeps became theorems
13. The chain and the composite (topic ten,    | (no subsection)                              | LEAD   | What it corrected in itself.
13. The chain and the composite (topic ten,    | (no subsection)                              | LEAD   | the harness rather than the instrument
13. The chain and the composite (topic ten,    | (no subsection)                              | LEAD   | A coordinator failure is recorded at `166` section 6

######## items per section, in document order
  0. What was read to build this                             0
  1. Op's own words, rung by rung                            24
  2. The format concept (`63`)                               11
  3. The number-system concept (`74`)                        11
  4. Derived algebraic laws (`90`)                           5
  5. The strategy axis (`106`, with its own sections 16 to   13
  6. Cross-topic agreements                                  6
  7. Contradictions between consolidations                   1
  8. Coverage, stated honestly                               0
  9. The realisation map (topic six, files `114` through `   6
  10. The rounding axis (topic seven, files `125` through    5
  11. The strategy object (topic eight, files `139` throug   4
  12. The primitive (topic five, files `109` through `114`   6
  13. The chain and the composite (topic ten, files `166`    8
  TOTAL                                                      100

######## CONTROLS
  POSITIVE-A  section 1 bullets: 24   (must be 24)
  POSITIVE-B  section 7 present: 1, bullets: 0   (must be 1 and 0)
  NEGATIVE    a heading that does not exist: 0   (must be 0)
