error[E0277]: no numeral of width L<100> exists in this build
   --> p18_diagnostic_repair.rs:632:44
    |
632 | pub const SZ: usize = core::mem::size_of::<Wide>();
    |                                            ^^^^ width not available
    |
help: the trait `Lit` is not implemented for `L<100>`
   --> p18_diagnostic_repair.rs:509:1
    |
509 | pub struct L<const K: u32>;
    | ^^^^^^^^^^^^^^^^^^^^^^^^^^
    = note: widths 0 through 64 are available out of the box
    = note: to use a wider numeral, name it once: `impl Lit for L<100> { type N = ...; }`
    = help: the following other types implement trait `Lit`:
              L<0>
              L<10>
              L<11>
              L<12>
              L<13>
              L<14>
              L<15>
              L<16>
            and 57 others

error: aborting due to 1 previous error

For more information about this error, try `rustc --explain E0277`.
