error[E0277]: the trait bound `Gt: IsLe` is not satisfied
   --> p26_declared_too_narrow.rs:650:24
    |
650 | fn _too_narrow() where Money: MulInto<Money, TooNarrow> {}
    |                        ^^^^^^^^^^^^^^^^^^^^^^^^^^^^^^^^ unsatisfied trait bound
    |
help: the trait `IsLe` is not implemented for `Gt`
   --> p26_declared_too_narrow.rs:40:1
    |
 40 | pub struct Gt;
    | ^^^^^^^^^^^^^
help: the following other types implement trait `IsLe`
   --> p26_declared_too_narrow.rs:623:1
    |
623 | impl IsLe for Lt {}
    | ^^^^^^^^^^^^^^^^ `Lt`
624 | impl IsLe for Eqq {}
    | ^^^^^^^^^^^^^^^^^ `Eqq`
note: required for `Numeral<L<13>, L<3>, Unsigned, Warm>` to implement `MulInto<Numeral<L<13>, L<3>, Unsigned, Warm>, Numeral<L<20>, L<6>, Unsigned, Warm>>`
   --> p26_declared_too_narrow.rs:628:5
    |
628 |     MulInto<Numeral<I2, F2, Sign, S>, Numeral<OI, OF, Sign, S>> for Numeral<I1, F1, Sign, S>
    |     ^^^^^^^^^^^^^^^^^^^^^^^^^^^^^^^^^^^^^^^^^^^^^^^^^^^^^^^^^^^     ^^^^^^^^^^^^^^^^^^^^^^^^
...
637 |     Ord2<Sum<ReprOf<I1>, ReprOf<I2>>, ReprOf<OI>>: IsLe,
    |                                                    ---- unsatisfied trait bound introduced here
help: add `#![feature(trivial_bounds)]` to the crate attributes to enable
    |
  8 + #![feature(trivial_bounds)]
    |

error: aborting due to 1 previous error

For more information about this error, try `rustc --explain E0277`.
