error[E0277]: the trait bound `Gt: IsLe` is not satisfied
   --> p28_both_forms.rs:724:45
    |
724 | fn _declared_past_the_reverse_table() where Half: MulInto<Half, UFixed<64, 24>> {}
    |                                             ^^^^^^^^^^^^^^^^^^^^^^^^^^^^^^^^^^^ unsatisfied trait bound
    |
help: the trait `IsLe` is not implemented for `Gt`
   --> p28_both_forms.rs:40:1
    |
 40 | pub struct Gt;
    | ^^^^^^^^^^^^^
help: the following other types implement trait `IsLe`
   --> p28_both_forms.rs:703:1
    |
703 | impl IsLe for Lt {}
    | ^^^^^^^^^^^^^^^^ `Lt`
704 | impl IsLe for Eqq {}
    | ^^^^^^^^^^^^^^^^^ `Eqq`
note: required for `Numeral<L<52>, L<12>, Unsigned, Warm>` to implement `MulInto<Numeral<L<52>, L<12>, Unsigned, Warm>, Numeral<L<64>, L<24>, Unsigned, Warm>>`
   --> p28_both_forms.rs:708:5
    |
708 |     MulInto<Numeral<I2, F2, Sign, S>, Numeral<OI, OF, Sign, S>> for Numeral<I1, F1, Sign, S>
    |     ^^^^^^^^^^^^^^^^^^^^^^^^^^^^^^^^^^^^^^^^^^^^^^^^^^^^^^^^^^^     ^^^^^^^^^^^^^^^^^^^^^^^^
...
714 |     Ord2<Sum<ReprOf<I1>, ReprOf<I2>>, ReprOf<OI>>: IsLe,
    |                                                    ---- unsatisfied trait bound introduced here
help: add `#![feature(trivial_bounds)]` to the crate attributes to enable
    |
  8 + #![feature(trivial_bounds)]
    |

error: aborting due to 1 previous error

For more information about this error, try `rustc --explain E0277`.
