closed form floor((W+6)/8)+1 against brute force over all 8 phases, W=1..1024:
  mismatches: 0
  so 16's arithmetic is right about what it computes. the question is what it quantifies over.

Cold (stride == W), widths 1..128:
  widths whose packed run reaches all 8 byte phases : 64
  widths where the closed form OVER-estimates       : 48 of 128
  first ten of them (W, phases, true bytes, closed form):
     W=2    phases=4  true=1  closed=2 
     W=4    phases=2  true=1  closed=2 
     W=8    phases=1  true=1  closed=2 
     W=10   phases=4  true=2  closed=3 
     W=12   phases=2  true=2  closed=3 
     W=16   phases=1  true=2  closed=3 
     W=18   phases=4  true=3  closed=4 
     W=20   phases=2  true=3  closed=4 
     W=24   phases=1  true=3  closed=4 
     W=26   phases=4  true=4  closed=5 

  as a LOAD TYPE (span rounded up to a power of two):
     widths where the closed form picks a wider load type than needed: 15 of 128
        W=2    true=1 bytes  closed=2 bytes
        W=4    true=1 bytes  closed=2 bytes
        W=8    true=1 bytes  closed=2 bytes
        W=10   true=2 bytes  closed=4 bytes
        W=12   true=2 bytes  closed=4 bytes
        W=16   true=2 bytes  closed=4 bytes
        W=26   true=4 bytes  closed=8 bytes
        W=28   true=4 bytes  closed=8 bytes
        W=32   true=4 bytes  closed=8 bytes
        W=58   true=8 bytes  closed=16 bytes

the exact access width is NOT a function of W alone once a second packer exists:
  W    Cold(stride=W)          Grid4(stride=ceil(W/4)*4)   16's closed form
  5    2 bytes (phases 8)       1 bytes (phases 1)          2
  12   2 bytes (phases 2)       2 bytes (phases 2)          3
  13   3 bytes (phases 8)       2 bytes (phases 1)          3
  17   3 bytes (phases 8)       3 bytes (phases 2)          3
  23   4 bytes (phases 8)       3 bytes (phases 1)          4
  25   4 bytes (phases 8)       4 bytes (phases 2)          4
  47   7 bytes (phases 8)       6 bytes (phases 1)          7
  57   8 bytes (phases 8)       8 bytes (phases 2)          8
  widths where Cold and Grid4 need different access spans: 64 of 128

16:384-386 reports the carrier is the wrong load type at 28 of 64 widths.
  recomputed from the closed form                : 28 of 64
  recomputed from the phases a Cold run reaches  : 16 of 64

47_probes/p6 reports zero shared jump points between the native and access ladders.
  native ladder jumps at              : [9, 17, 33, 65]
  access ladder from the closed form  : [2, 10, 26, 58, 122]
  access ladder from the true phases  : [3, 4, 5, 8, 9, 11, 12, 13, 16, 17, 27, 28, 29, 32, 33, 59, 60, 61, 64, 65, 123, 124, 125, 128]
  shared with native, closed form     : []
  shared with native, true phases     : [9, 17, 33, 65]
  classes: native 5, closed 6, true 25
