Each cell is  loop-instrs/loads/accumulators/elements-per-iter/chain-per-elem.
chain-per-elem is loop-carried dependent instructions per element: the quantity a
reduction is bounded by. Counts off emitted assembly. Nothing here is timed.

  W acc |         typed         |         gather        |          wide         |          hand         |         native        |
---------------------------------------------------------------------------------------------------------------------------------
  1   1 |  75/ 3/7/16/ 0.81 |  75/ 3/7/16/ 0.81 |  33/ 1/3/ 8/ 1.38 |  75/ 3/7/16/ 0.81 |  69/11/2/ ?/    ? |
  2   2 |  66/ 5/7/ 2/ 6.50 |  66/ 5/7/ 2/ 6.50 |  30/ 2/4/ 1/12.00 |  66/ 5/7/ 2/ 6.50 |  70/11/2/ ?/    ? |
  3   2 |  31/ 3/5/ 4/ 2.00 |  31/ 3/5/ 4/ 2.00 |  31/ 3/5/ 4/ 2.00 |  31/ 3/5/ 4/ 2.00 |  70/11/2/ ?/    ? |
  4   2 |  41/ 4/4/ 1/12.00 |  41/ 4/4/ 1/12.00 |  32/ 4/4/ 1/11.00 |  41/ 4/4/ 1/12.00 |  70/11/2/ ?/    ? |
  5   2 |  34/ 4/5/ 4/ 2.00 |  34/ 4/5/ 4/ 2.00 |  34/ 4/5/ 4/ 2.00 |  34/ 4/5/ 4/ 2.00 |  70/11/2/ ?/    ? |
  6   2 |  18/ 3/4/ ?/    ? |  18/ 3/4/ ?/    ? |  18/ 3/4/ ?/    ? |  18/ 3/4/ ?/    ? |  70/11/2/ ?/    ? |
  7   2 |  34/ 4/5/ 4/ 2.00 |  34/ 4/5/ 4/ 2.00 |  34/ 4/5/ 4/ 2.00 |  34/ 4/5/ 4/ 2.00 |  70/11/2/ ?/    ? |
  8   2 |  55/11/2/ ?/    ? |  55/11/2/ ?/    ? |  14/ 4/4/ ?/    ? |  55/11/2/ ?/    ? |  55/11/2/ ?/    ? |
  9   2 |  34/ 4/5/ 4/ 2.00 |  34/ 4/5/ 4/ 2.00 |  34/ 4/5/ 4/ 2.00 |  34/ 4/5/ 4/ 2.00 |  49/ 3/0/ ?/    ? |
 10   3 |  22/ 5/4/ ?/    ? |  22/ 5/4/ ?/    ? |  18/ 4/4/ ?/    ? |  22/ 5/4/ ?/    ? |  49/ 3/0/ ?/    ? |
 11   3 |  43/ 9/5/ 4/ 2.25 |  43/ 9/5/ 4/ 2.25 |  34/ 4/5/ 4/ 2.00 |  43/ 9/5/ 4/ 2.25 |  49/ 3/0/ ?/    ? |
 12   3 |  21/ 6/4/ ?/    ? |  21/ 6/4/ ?/    ? |  18/ 4/4/ ?/    ? |  21/ 6/4/ ?/    ? |  49/ 3/0/ ?/    ? |
 13   3 |  43/ 9/5/ 4/ 2.25 |  43/ 9/5/ 4/ 2.25 |  34/ 4/5/ 4/ 2.00 |  43/ 9/5/ 4/ 2.25 |  49/ 3/0/ ?/    ? |
 14   3 |  26/ 7/4/ ?/    ? |  26/ 7/4/ ?/    ? |  19/ 4/4/ ?/    ? |  26/ 7/4/ ?/    ? |  49/ 3/0/ ?/    ? |
 15   3 |  43/ 9/5/ 4/ 2.25 |  43/ 9/5/ 4/ 2.25 |  34/ 4/5/ 4/ 2.00 |  43/ 9/5/ 4/ 2.25 |  49/ 3/0/ ?/    ? |
 16   3 |  86/ 2/5/ ?/    ? |  86/ 2/5/ ?/    ? |  15/ 4/4/ ?/    ? |  86/ 2/5/ ?/    ? |  44/ 3/0/ 2/ 8.00 |
 17   3 |  43/ 9/5/ 4/ 2.25 |  43/ 9/5/ 4/ 2.25 |  34/ 4/5/ 4/ 2.00 |  43/ 9/5/ 4/ 2.25 |  34/ 4/0/ ?/    ? |
 18   4 |  28/ 8/4/ ?/    ? |  13/ 2/0/ ?/    ? |  19/ 4/4/ ?/    ? |  13/ 2/0/ ?/    ? |  34/ 4/0/ ?/    ? |
 19   4 |  11/ 1/1/ 1/ 6.00 |  34/ 4/5/ 4/ 2.00 |  34/ 4/5/ 4/ 2.00 |  34/ 4/5/ 4/ 2.00 |  34/ 4/0/ ?/    ? |
 20   4 |  25/ 8/4/ ?/    ? |  18/ 4/4/ ?/    ? |  18/ 4/4/ ?/    ? |  18/ 4/4/ ?/    ? |  34/ 4/0/ ?/    ? |
 21   4 |  11/ 1/1/ 1/ 6.00 |  34/ 4/5/ 4/ 2.00 |  34/ 4/5/ 4/ 2.00 |  34/ 4/5/ 4/ 2.00 |  34/ 4/0/ ?/    ? |
 22   4 |  11/ 1/1/ 1/ 6.00 |  19/ 4/4/ ?/    ? |  19/ 3/1/ ?/    ? |  19/ 4/4/ ?/    ? |  34/ 4/0/ ?/    ? |
 23   4 |  11/ 1/1/ 1/ 6.00 |  34/ 4/5/ 4/ 2.00 |  34/ 4/5/ 4/ 2.00 |  34/ 4/5/ 4/ 2.00 |  34/ 4/0/ ?/    ? |
 24   4 | 121/ 4/6/ ?/    ? | 121/ 4/7/ ?/    ? |  19/ 4/4/ ?/    ? | 121/ 4/7/ ?/    ? |  33/ 4/0/ ?/    ? |
 25   4 |  11/ 1/1/ 1/ 6.00 |  34/ 4/5/ 4/ 2.00 |  34/ 4/5/ 4/ 2.00 |  34/ 4/5/ 4/ 2.00 |  33/ 4/0/ ?/    ? |
 26   5 |  11/ 1/1/ 1/ 6.00 |  18/ 4/4/ ?/    ? |  19/ 4/4/ ?/    ? |  18/ 4/4/ ?/    ? |  33/ 4/0/ ?/    ? |
 27   5 |  13/ 2/1/ 1/ 7.00 |  43/ 9/5/ 4/ 2.25 |  34/ 4/5/ 4/ 2.00 |  43/ 9/5/ 4/ 2.25 |  33/ 4/0/ ?/    ? |
 28   5 |  11/ 1/1/ 1/ 6.00 |  16/ 3/4/ ?/    ? |  19/ 4/4/ ?/    ? |  16/ 3/4/ ?/    ? |  33/ 4/0/ ?/    ? |
 29   5 |  13/ 2/1/ 1/ 7.00 |  43/ 9/5/ 4/ 2.25 |  34/ 4/5/ 4/ 2.00 |  43/ 9/5/ 4/ 2.25 |  33/ 4/0/ ?/    ? |
 30   5 |  13/ 2/1/ 1/ 7.00 |  20/ 5/4/ ?/    ? |  16/ 3/1/ ?/    ? |  20/ 5/4/ ?/    ? |  33/ 4/0/ ?/    ? |
 31   5 |  13/ 2/1/ 1/ 7.00 |  43/ 9/5/ 4/ 2.25 |  34/ 4/5/ 4/ 2.00 |  43/ 9/5/ 4/ 2.25 |  33/ 4/0/ ?/    ? |
 32   5 | 156/ 6/6/ ?/    ? |  27/ 4/0/ ?/    ? |  12/ 2/1/ ?/    ? |  27/ 4/0/ ?/    ? |  27/ 4/0/ ?/    ? |
 33   5 |  13/ 2/1/ 1/ 7.00 |  43/ 9/5/ 4/ 2.25 |  34/ 4/5/ 4/ 2.00 |  43/ 9/5/ 4/ 2.25 |  18/ 2/3/ ?/    ? |
 40   6 |   8/ 2/1/ ?/    ? |  23/ 8/4/ ?/    ? |  19/ 4/4/ ?/    ? |  23/ 8/4/ ?/    ? |  18/ 2/3/ ?/    ? |
 47   7 |  17/ 4/1/ 1/ 9.00 |  17/ 4/1/ 1/ 9.00 |  34/ 4/5/ 4/ 2.00 |  17/ 4/1/ 1/ 9.00 |  18/ 2/3/ ?/    ? |
 48   7 |  10/ 3/1/ ?/    ? |  31/12/4/ ?/    ? |  19/ 4/4/ ?/    ? |  31/12/4/ ?/    ? |  18/ 2/3/ ?/    ? |

Erasure verdict against the hand-written twin, by arm:
  typed  : ERASED at 18/36 widths. NOT at [18, 19, 20, 21, 22, 23, 24, 25, 26, 27, 28, 29, 30, 31, 32, 33, 40, 48]
  gather : ERASED at 36/36 widths.
  wide   : ERASED at 4/36 widths. NOT at [1, 2, 3, 4, 5, 6, 7, 8, 9, 10, 11, 12, 13, 14, 15, 16, 17, 18, 20, 22, 24, 26, 27, 28, 29, 30, 31, 32, 33, 40, 47, 48]

Where the typed arm's reduction serialises (one accumulator) and an attack recovers it:
  W=19  typed accs=1 chain=6  ->  gather accs=5 chain=8, wide accs=5 chain=8
  W=21  typed accs=1 chain=6  ->  gather accs=5 chain=8, wide accs=5 chain=8
  W=22  typed accs=1 chain=6  ->  gather accs=4 chain=5, wide accs=1 chain=8
  W=23  typed accs=1 chain=6  ->  gather accs=5 chain=8, wide accs=5 chain=8
  W=25  typed accs=1 chain=6  ->  gather accs=5 chain=8, wide accs=5 chain=8
  W=26  typed accs=1 chain=6  ->  gather accs=4 chain=5, wide accs=4 chain=5
  W=27  typed accs=1 chain=7  ->  gather accs=5 chain=9, wide accs=5 chain=8
  W=28  typed accs=1 chain=6  ->  gather accs=4 chain=5, wide accs=4 chain=5
  W=29  typed accs=1 chain=7  ->  gather accs=5 chain=9, wide accs=5 chain=8
  W=30  typed accs=1 chain=7  ->  gather accs=4 chain=6, wide accs=1 chain=8
  W=31  typed accs=1 chain=7  ->  gather accs=5 chain=9, wide accs=5 chain=8
  W=33  typed accs=1 chain=7  ->  gather accs=5 chain=9, wide accs=5 chain=8
  W=40  typed accs=1 chain=3  ->  gather accs=4 chain=5, wide accs=4 chain=5
  W=47  typed accs=1 chain=9  ->  gather accs=1 chain=9, wide accs=5 chain=8
  W=48  typed accs=1 chain=4  ->  gather accs=4 chain=6, wide accs=4 chain=5
