== toolchain ==
rustc 1.98.0-nightly (57d06900f 2026-05-27)
host: aarch64-apple-darwin

== feature gates anywhere in this probe directory (expected: 0) ==
0

== step 0: reproduce 17's t2, which 51 rests on ==
  this run:          6893 bytes
  17's committed:     6893 bytes
t2_scalar_typed vs t2_scalar_native             3/   3  O1=1 O2=1 O3=1 O4=1 rec=2/2  ERASED: folded to one body
t2_typed_sum vs t2_handwritten_sum             66/  66  O1=0 O2=1 O3=0 O4=1 rec=10/10  ERASED: same dataflow, rescheduled, same recurrence
t2_typed_sum_cold_400 vs t2_typed_sum_aligned_access3   51/  92  O1=0 O2=0 O3=0 O4=0 rec=9/13  NOT ERASED

== step 1: the rigged two-arm matrix, kept because the fold is the finding about it ==
   (both arms are the same MIR, so they fold at every width and nothing could fail)
 48   7    14/14      10/10     4/4     1  1  1  1  ERASED: folded to one body

summary: 36 widths built, 0 failed to build or parse
         36 of 36 report ERASED under the strongest oracle that fired
         widths where the live-in correspondence was a guess: [1, 2, 3, 4, 5, 6, 7, 8, 9, 10, 11, 12, 13, 14, 15, 16, 17, 18, 20, 24, 32]

== step 2: three arms, where the arms are genuinely different code ==
 47   7 |   20/20      9/9   ERASED: same dataflow, rescheduled, same recurrence |   20/26      9/8       4/2     
 48   7 |   14/37      4/6   NOT ERASED                 |   14/25      4/8       3/2     

typed vs hand: 18 widths did not report ERASED
    W=18: NOT ERASED
    W=19: NOT ERASED
    W=20: NOT ERASED
    W=21: NOT ERASED
    W=22: NOT ERASED
    W=23: NOT ERASED
    W=24: SAME BAG, DIFFERENT DATAFLOW
    W=25: NOT ERASED
    W=26: NOT ERASED
    W=27: NOT ERASED
    W=28: NOT ERASED
    W=29: NOT ERASED
    W=30: NOT ERASED
    W=31: NOT ERASED
    W=32: NOT ERASED
    W=33: NOT ERASED
    W=40: NOT ERASED
    W=48: NOT ERASED
recurrence differs (typed, hand): [(19, 6, 8), (20, 6, 5), (21, 6, 8), (22, 6, 5), (23, 6, 8), (25, 6, 8), (26, 6, 5), (27, 7, 9), (28, 6, 5), (29, 7, 9), (30, 7, 6), (31, 7, 9), (32, 20, 13), (33, 7, 9), (40, 3, 5), (48, 4, 6)]

== step 3: cross-check, linking and calling the emitted symbols ==
all 36 widths: five arms agree with an independently built reference, and no reference sum is zero

== step 4: the five-arm matrix and the two attacks ==
 31   5 |  13/ 2/1/ 1/ 7.00 |  43/ 9/5/ 4/ 2.25 |  34/ 4/5/ 4/ 2.00 |  43/ 9/5/ 4/ 2.25 |  33/ 4/0/ ?/    ? |
 32   5 | 156/ 6/6/ ?/    ? |  27/ 4/0/ ?/    ? |  12/ 2/1/ ?/    ? |  27/ 4/0/ ?/    ? |  27/ 4/0/ ?/    ? |
 33   5 |  13/ 2/1/ 1/ 7.00 |  43/ 9/5/ 4/ 2.25 |  34/ 4/5/ 4/ 2.00 |  43/ 9/5/ 4/ 2.25 |  18/ 2/3/ ?/    ? |
 40   6 |   8/ 2/1/ ?/    ? |  23/ 8/4/ ?/    ? |  19/ 4/4/ ?/    ? |  23/ 8/4/ ?/    ? |  18/ 2/3/ ?/    ? |
 47   7 |  17/ 4/1/ 1/ 9.00 |  17/ 4/1/ 1/ 9.00 |  34/ 4/5/ 4/ 2.00 |  17/ 4/1/ 1/ 9.00 |  18/ 2/3/ ?/    ? |
 48   7 |  10/ 3/1/ ?/    ? |  31/12/4/ ?/    ? |  19/ 4/4/ ?/    ? |  31/12/4/ ?/    ? |  18/ 2/3/ ?/    ? |

Erasure verdict against the hand-written twin, by arm:
  typed  : ERASED at 18/36 widths. NOT at [18, 19, 20, 21, 22, 23, 24, 25, 26, 27, 28, 29, 30, 31, 32, 33, 40, 48]
  gather : ERASED at 36/36 widths.
  wide   : ERASED at 4/36 widths. NOT at [1, 2, 3, 4, 5, 6, 7, 8, 9, 10, 11, 12, 13, 14, 15, 16, 17, 18, 20, 22, 24, 26, 27, 28, 29, 30, 31, 32, 33, 40, 47, 48]

Where the typed arm's reduction serialises (one accumulator) and an attack recovers it:
  W=19  typed accs=1 chain=6  ->  gather accs=5 chain=8, wide accs=5 chain=8
  W=21  typed accs=1 chain=6  ->  gather accs=5 chain=8, wide accs=5 chain=8
  W=22  typed accs=1 chain=6  ->  gather accs=4 chain=5, wide accs=1 chain=8
  W=23  typed accs=1 chain=6  ->  gather accs=5 chain=8, wide accs=5 chain=8
  W=25  typed accs=1 chain=6  ->  gather accs=5 chain=8, wide accs=5 chain=8
  W=26  typed accs=1 chain=6  ->  gather accs=4 chain=5, wide accs=4 chain=5
  W=27  typed accs=1 chain=7  ->  gather accs=5 chain=9, wide accs=5 chain=8
  W=28  typed accs=1 chain=6  ->  gather accs=4 chain=5, wide accs=4 chain=5
  W=29  typed accs=1 chain=7  ->  gather accs=5 chain=9, wide accs=5 chain=8
  W=30  typed accs=1 chain=7  ->  gather accs=4 chain=6, wide accs=1 chain=8
  W=31  typed accs=1 chain=7  ->  gather accs=5 chain=9, wide accs=5 chain=8
  W=33  typed accs=1 chain=7  ->  gather accs=5 chain=9, wide accs=5 chain=8
  W=40  typed accs=1 chain=3  ->  gather accs=4 chain=5, wide accs=4 chain=5
  W=47  typed accs=1 chain=9  ->  gather accs=1 chain=9, wide accs=5 chain=8
  W=48  typed accs=1 chain=4  ->  gather accs=4 chain=6, wide accs=4 chain=5

== step 5a: control that FAILED, width fixed and access swept ==
   (extra bytes are dead under the mask, so the access count never really varied)
  ACCESS=3  a3_loop vs a3_flat                             51/  51  O1=0 O2=1 O3=1 O4=1 rec=9/9  ERASED: same sequence, different registers
  ACCESS=4  a4_loop vs a4_flat                             51/  41  O1=0 O2=0 O3=0 O4=0 rec=9/8  NOT ERASED
  ACCESS=8  a8_loop vs a8_flat                             51/  41  O1=0 O2=0 O3=0 O4=0 rec=9/8  NOT ERASED

== step 5b: control that WORKS, gather shape fixed and width swept ==
  W    loop8                  flat8                  wide                  
  13   43i/9ld/5acc           34i/4ld/5acc           34i/4ld/5acc           
  17   43i/9ld/5acc           34i/4ld/5acc           34i/4ld/5acc           
  18   28i/8ld/4acc           19i/4ld/4acc           19i/4ld/4acc           
  19   11i/1ld/1acc           34i/4ld/5acc           34i/4ld/5acc           
  23   11i/1ld/1acc           34i/4ld/5acc           34i/4ld/5acc           
  31   13i/2ld/1acc           34i/4ld/5acc           34i/4ld/5acc           
  47   17i/4ld/1acc           34i/4ld/5acc           34i/4ld/5acc           

== step 6: other optimisation levels, element counts and target-cpu ==
   (one config per invocation: the whole sweep in one process exhausts memory)
  opt=2  n=1000  cpu=default  typed   ERASED 18/36   single-accumulator at 15 widths   not-erased: [18, 19, 20, 21, 22, 23, 24, 25, 26, 27, 28, 29, 30, 31, 32, 33, 40, 48]
  opt=2  n=1000  cpu=default  gather  ERASED 36/36   single-accumulator at  2 widths
  opt=2  n=1000  cpu=default  wide    ERASED  4/36   single-accumulator at  0 widths
  opt=3  n=1000  cpu=default  typed   ERASED 18/36   single-accumulator at 15 widths   not-erased: [18, 19, 20, 21, 22, 23, 24, 25, 26, 27, 28, 29, 30, 31, 32, 33, 40, 48]
  opt=3  n=1000  cpu=default  gather  ERASED 36/36   single-accumulator at  3 widths
  opt=3  n=1000  cpu=default  wide    ERASED  4/36   single-accumulator at  3 widths
  opt=3  n=1000  cpu=native   typed   ERASED 18/36   single-accumulator at 15 widths   not-erased: [18, 19, 20, 21, 22, 23, 24, 25, 26, 27, 28, 29, 30, 31, 32, 33, 40, 48]
  opt=3  n=1000  cpu=native   gather  ERASED 36/36   single-accumulator at  3 widths
  opt=3  n=1000  cpu=native   wide    ERASED  4/36   single-accumulator at  3 widths
  opt=3  n=4096  cpu=default  typed   ERASED 14/36   single-accumulator at 16 widths   not-erased: [11, 13, 15, 17, 18, 19, 20, 21, 22, 23, 24, 25, 26, 27, 28, 29, 30, 31, 32, 33, 40, 48]
  opt=3  n=4096  cpu=default  gather  ERASED 28/36   single-accumulator at  4 widths   not-erased: [11, 13, 15, 17, 27, 29, 31, 33]
  opt=3  n=4096  cpu=default  wide    ERASED  4/36   single-accumulator at  3 widths
   -Os last, and degenerate: it unrolls nothing, so no arm can be distinguished
  opt=s  n=1000  cpu=default  typed   ERASED  1/36   single-accumulator at 33 widths   not-erased: [2, 3, 4, 5, 6, 7, 8, 9, 10, 11, 12, 13, 14, 15, 16, 17, 18, 19, 20, 21, 22, 23, 24, 25, 26, 27, 28, 29, 30, 31, 32, 33, 40, 47, 48]
  opt=s  n=1000  cpu=default  gather  ERASED 36/36   single-accumulator at 36 widths
  opt=s  n=1000  cpu=default  wide    ERASED  9/36   single-accumulator at 36 widths

== step 7: open every citation in 51 and print what is there ==
OK   check3.rs  (file exists, no line cited)

39 citations resolved and opened, 0 name a file that does not exist, 0 name a line past end of file

done.
