error[E0277]: the trait bound `PaddedWideCompute<W13>: SameType<Padded<W13>>` is not satisfied
  --> p5b_negctl_forcings.rs:98:29
   |
98 | const _: () = assert_same::<ReprOf<W13, Precise>, ReprOf<W13, Warm>>();
   |                             ^^^^^^^^^^^^^^^^^^^^ unsatisfied trait bound
   |
help: the trait `SameType<Padded<W13>>` is not implemented for `PaddedWideCompute<W13>`
  --> p5b_negctl_forcings.rs:68:1
   |
68 | pub struct PaddedWideCompute<W: Width>(core::marker::PhantomData<W>);
   | ^^^^^^^^^^^^^^^^^^^^^^^^^^^^^^^^^^^^^^
note: required by a bound in `assert_same`
  --> p5b_negctl_forcings.rs:19:29
   |
19 | pub const fn assert_same<A: SameType<B> + ?Sized, B: ?Sized>() {}
   |                             ^^^^^^^^^^^ required by this bound in `assert_same`

error[E0277]: the trait bound `AlignedWideBits32: SameType<WideBits32>` is not satisfied
   --> p5b_negctl_forcings.rs:104:29
    |
104 | const _: () = assert_same::<FlatCarrier<W256, Hot>, FlatCarrier<W256, Warm>>();
    |                             ^^^^^^^^^^^^^^^^^^^^^^ unsatisfied trait bound
    |
help: the trait `SameType<WideBits32>` is not implemented for `AlignedWideBits32`
   --> p5b_negctl_forcings.rs:29:1
    |
 29 | pub struct AlignedWideBits32(pub [u8; 32]);
    | ^^^^^^^^^^^^^^^^^^^^^^^^^^^^
note: required by a bound in `assert_same`
   --> p5b_negctl_forcings.rs:19:29
    |
 19 | pub const fn assert_same<A: SameType<B> + ?Sized, B: ?Sized>() {}
    |                             ^^^^^^^^^^^ required by this bound in `assert_same`

error: aborting due to 2 previous errors

For more information about this error, try `rustc --explain E0277`.
