######## need-shaped lines, panel markdown, 184 and this pass excluded
03_lamport_the_family_question_and_its_consequences.md:352:So the trade under reading A is: **nothing refuses, and the consumer has to notice for themselves that the
08_knuth_what_the_one_format_concept_covers.md:294:such a consumer needs instead.
08_knuth_what_the_one_format_concept_covers.md:410:Posits and tapered formats stay outside. Excluding them means an arvo consumer wanting a posit column
08_knuth_what_the_one_format_concept_covers.md:462:**What excluding it costs.** A consumer wanting any of the five builds the value map themselves over
08_knuth_what_the_one_format_concept_covers.md:479:So an interval consumer needs exactly two things from the numeral and neither is a change to it: both
08_knuth_what_the_one_format_concept_covers.md:485:interval consumer cannot round its two ends in opposite directions with one type and the whole construction
08_knuth_what_the_one_format_concept_covers.md:736:costs nothing. If rounding is fixed at the numeral, the exclusion is real and an interval consumer cannot be
100_xu_generating_the_table_attacked.md:564:and a consumer cannot bring a weighting. Under `93`'s P4 reading the compiler is handed a **cost table**
102_torvalds_does_the_mechanism_serve_the_intents.md:164:whose movement changes the value the program computes, so the consumer must be told and it sits in input
102_torvalds_does_the_mechanism_serve_the_intents.md:215:it says something about what the answer costs: if they are two axes, they are two axes a consumer cannot
102_torvalds_does_the_mechanism_serve_the_intents.md:239:because the first component is what a consumer must be told and the second is what the compiler resolves
102_torvalds_does_the_mechanism_serve_the_intents.md:726:> The first component is supplied and never derived, because a coordinate a consumer cannot recover from
106_giesen_consolidation_the_strategy_axis.md:1227:predicate, so if they are two axes they are two a consumer cannot tell apart except past a non-ring step.
108_lamport_the_pair_attacked.md:494:> the second. Nothing may name a different point in the first, because a value's consumers must agree
108_lamport_the_pair_attacked.md:851:> different rate; nothing may name a different declared semantics, because a value's consumers must agree
108_lamport_the_pair_attacked.md:928:definition: a consumer cannot recover it from the bits, which is `40`'s and `97`'s and is not in dispute.
111_jhala_the_primitive_attacked.md:366:consumer cannot write a literal into is not unsurprising, it is unusable. `35:63-65` records that the
112_leijen_where_the_refinement_lives.md:278:rather than maps. That is the difference between an axis consumers must agree about and one they need
116_leijen_reply_what_the_homomorphism_opens.md:477:it: whether any real consumer wants both the root-check licence and an order-based construction on the
116_leijen_reply_what_the_homomorphism_opens.md:503:families. A consumer wanting both on the same values has exactly two options: carry the values under two
119_leroy_the_canon_candidate_for_the_realisation_map.md:267:it:** whether any real consumer wants both the root-check licence and an order-based construction on the
11_chlipala_prior_art_on_typed_widths.md:967:> One enumeration remained: the bridge from a written literal to a type, where a consumer wanting a
129_wronski_reply_the_fork_is_decorrelation_not_determinism.md:139:`126` already identified. **These are genuinely different consumers wanting genuinely different things,
12_muratori_can_the_surface_meet_the_bar.md:249:the consumer has to act on. That is most of the recovery for one parameter of arity that never appears
131_leroy_formalising_the_rounding_axis.md:453:> position, and the converse. These are different consumers wanting different things, and no single
131_leroy_formalising_the_rounding_axis.md:508:**Whether any consumer wants the value keying rather than the position keying.** `130`'s divergence
132_leroy_the_canon_candidate_for_the_rounding_axis.md:183:**C3. Whether any consumer wants the value keying rather than the position keying.** `130`'s divergence
132_leroy_the_canon_candidate_for_the_rounding_axis.md:414:> These are different consumers wanting different things, and **no single member serves both**.
140_mcsherry_the_strategy_set_derived_cold.md:276:The same test applied to the other pair: can a consumer want storage-minimised *and* accurate-in-chains? A
140_mcsherry_the_strategy_set_derived_cold.md:331:finite, and they are permanent. A consumer must be able to read off what an expression means under a
140_mcsherry_the_strategy_set_derived_cold.md:425:finding any consumer need for a packed column whose arithmetic assignment differs from the default; that
140_mcsherry_the_strategy_set_derived_cold.md:435:demonstrating that consumers need a shared vocabulary more than they need extensibility. Cost: every new
141_lamport_the_strategy_set_attacked.md:799:*Closes on*: whether any consumer wants a narrowed accumulator at signed saturating. If none does, the
145_leroy_formalising_the_strategy_object.md:357:> computing one. A consumer wanting the fused answer selects the exact-intermediate position, keeps
146_leroy_the_canon_candidate_for_the_strategy_object.md:435:> and stepwise realisations at signed saturating are two denotations. A consumer wanting the fused
154_kiselyov_the_primitive_derived_cold.md:392:expects and what I14's public-API bullet reads as. **Closed by** answering whether any consumer needs
167_rompf_the_chain_derived_cold.md:1268:asking whether any consumer needs to abstract over *schedules* at compile time rather than pick one per
168_mcsherry_the_chain_derived_cold.md:163:is nothing to decide. If the consumer cannot, the intermediate is an artifact of how the computation
16_aaltonen_second_read_on_the_two_outputs.md:582:> The derivation has two outputs, the carrier and the stride. Every layout quantity a consumer needs
196_dolan_attacking_the_surface_derivation.md:746:  recomputation or by a tree, at the cost that a consumer wanting maintenance in place cannot express
197_mcsherry_filing_the_algorithm_surface.md:102:**Why the demand side is blind to all of it.** An obligation is a consumer need in the consumer's terms.
197_mcsherry_filing_the_algorithm_surface.md:103:The consumer asks for a topological sort. What it actually needs first is that the numeral's addition be
197_mcsherry_filing_the_algorithm_surface.md:210:**It should be narrowed back to what the consumer asks for, and the `gap` sentence deleted rather than
35_mcsherry_what_the_layers_above_need_from_the_numeral.md:731:one thing and the consumer needs two, and a hybrid buying one of the two is measurably not enough.
42_willsey_the_law_layer.md:1:# 42. The law layer: what it is, where it comes from, and how a consumer asks for one
42_willsey_the_law_layer.md:476:None of those three consumers needs arvo to contain a rewriting engine. Each needs arvo to expose the
56_knuth_the_four_choice_model_attacked.md:356:consumer wanting both on one column needs either a re-encoding pass at the boundary (one
60_stam_the_chain_derived_cold.md:265:asking whether any consumer needs to abstract over *schedules* at compile time rather than pick
63_spj_consolidation_the_format_concept.md:591:consumer needs to abstract over schedules at compile time rather than pick one per call site,
64_ringer_entailment_check_on_the_format_consolidation.md:88:carry (whether any consumer needs to abstract over schedules at compile time; if none does, "D-C
67_kiselyov_which_prefix_earns_the_word.md:187:prefixes with no consumer need no word).
67_kiselyov_which_prefix_earns_the_word.md:327:tropical consumer needs the adaptation laws, and every reduction that has them supports min-plus, at
70_lattner_levels_are_clients_not_facts.md:343:consumer needs to write one contract generic over ownership, or whether naming the cases
70_lattner_levels_are_clients_not_facts.md:74:That is `67`'s caller census (its section 3: "prefixes with no consumer need no word") arrived at
73_leijen_the_membership_test_and_how_wide.md:638:consumer needs, and it makes every mislocated member look like a non-member, which section 7 argues
74_giesen_consolidation_the_number_system_concept.md:825:**A predicate**: discards the coordinate a consumer needs and makes every mislocated member read
74_giesen_consolidation_the_number_system_concept.md:861:whether any consumer needs one generic algorithm spanning both families, or naming two families
76_willsey_derived_laws_derived_cold.md:167:refused law that is not written down as refused: then a consumer cannot tell whether Hot never had the
76_willsey_derived_laws_derived_cold.md:229:an unrestricted one, because a consumer cannot reach the untrue case without the compiler refusing them
94_wingo_the_strategy_axis_derived_cold.md:485:declared width grow through the chain and quantise once, where the consumer asks.
94_wingo_the_strategy_axis_derived_cold.md:989:**What would distinguish us.** Whether any consumer wants two different accumulator widths over the same
94_wingo_the_strategy_axis_derived_cold.md:993:think the question survives the tier being dead, because it is about what a consumer wants rather than
96_dispatcher_note_the_validators_that_never_ran.md:123:**`run_orchestrator` does not validate, so every consumer must hand-roll it.** arvo did, in `22`, and
97_dolan_the_strategy_space_attacked.md:310:source computes different answers under two arms. A coordinate the consumer must be told about is a
97_dolan_the_strategy_space_attacked.md:353:**Objectives.** What the consumer wants weighed. Consumer-supplied, and the mixing question has an
97_dolan_the_strategy_space_attacked.md:594:whether any consumer wants two accumulator widths over one stored column, and **neither ran it**. `93`
97_dolan_the_strategy_space_attacked.md:598:**The discriminator does not need a consumer, and arvo's own harness has been carrying it.** `25` section
97_dolan_the_strategy_space_attacked.md:84:`94`'s favour.** They asked whether any consumer wants two accumulator widths over one stored column, and
97_dolan_the_strategy_space_attacked.md:921:It has **three parts, distinguished by polarity rather than by subject matter**. What the consumer wants
97_dolan_the_strategy_space_attacked.md:922:weighed. What the consumer must declare because it changes the computed answer and no later consumer can
98_spj_what_the_strategy_axis_settles.md:490:emitted code is not reproducible across builds. `93` derived the axis from what a consumer needs; p10
OPTIONS.md:1162:while the consumer needs two, and a hybrid buying one of the two is measurably not enough.
OPTIONS.md:1697:the part a consumer needs, and makes every mislocated member read as a non-member, which is most of
OPTIONS.md:1819:whether any consumer needs one generic algorithm spanning both families, or naming two families
archive/OLD_CANON_CANDIDATE.md:2116:two-element carrier's four join laws in const context, not a sample. A consumer needing the in-band witness
archive/OLD_CANON_CANDIDATE.md:2876:**Preset divergence** (a consumer wanting a preset with one axis overridden) **has a working, probe-verified,
archive/OLD_CANON_CANDIDATE.md:4047:> evidence carries it: **two ratified consumers need a capacity *inside* type-level arithmetic whose result is
archive/OLD_CANON_CANDIDATE.md:5420:- **The capacity fork's cost column.** **Artifact:** one dispatch establishing whether any consumer needs
seed/OLD_SETTLED_surface.md:486:The mechanism it enables (one `impl ToNat<Mine> for Idx<N>` populate-line per width a consumer wants) was

######## controls
  POSITIVE  files matching the need filter at all: 44  (zero would mean the filter is dead)
