file:line citations
  ok      lib.rs:62-62  expects 'MAX_N: usize = 16384'
  ok      lib.rs:207-211  expects 'aligned: [u8; MAX_ALIGNED_BYTES]'
  ok      lib.rs:207-211  expects 'logical: [u16; MAX_N]'
  ok      lib.rs:5-8  expects "never left this host's"
  ok      lib.rs:101-115  expects 'MAX_N: usize = 33_554_432'
  ok      lib.rs:101-115  expects 'PACKED_OFFSET'
  ok      lib.rs:36-42  expects 'removes the practical ceiling'
  ok      main.rs:25-31  expects 'Six consecutive panel files declined to benc'
  ok      main.rs:136-137  expects 'run_orchestrator` never'
  ok      main.rs:136-145  expects '400 rows of'

measured numbers, each against the findings file it came from
  ok      bitpack-sequential-sum_n16384_findings.md            '| bitpack-aligned-seq | 5570ns |'
  ok      bitpack-sequential-sum_n16384_findings.md            '| bitpack-native-seq | 1667ns |'
  ok      bitpack-sequential-sum_n16384_findings.md            '| bitpack-zeropad-seq | 7679ns |'
  ok      bitpack-decoder-shape_n262144_findings.md            '| bitpack-plan-simd | 55191ns |'
  ok      bitpack-decoder-shape_n262144_findings.md            '| bitpack-plan-windowed | 43779ns '
  ok      bitpack-decoder-shape_n262144_findings.md            '| bitpack-plan-native | 29212ns |'
  ok      bitpack-decoder-shape_n262144_findings.md            '| bitpack-plan-naive | 133839ns |'
  ok      bitpack-footprint-headtohead_n7000000_findings.md    '625428ns'
  ok      bitpack-footprint-headtohead_n7000000_findings.md    '918099ns'
  ok      bitpack-footprint-headtohead_n4194304_findings.md    '366307ns'
  ok      bitpack-footprint-headtohead_n4194304_findings.md    '538446ns'
  ok      bitpack-footprint-headtohead_n1048576_findings.md    '89608ns'
  ok      bitpack-footprint-headtohead_n1048576_findings.md    '133680ns'
  ok      bitpack-footprint-headtohead_n65536_findings.md      '5603ns'
  ok      bitpack-footprint-headtohead_n16384_findings.md      '1418ns'
  ok      bitpack-carrier-width_n8388608_findings.md           '1241938ns'
  ok      bitpack-carrier-width_n8388608_findings.md           '1028422ns'
  ok      bitpack-carrier-width_n8388608_findings.md           '766061ns'
  ok      bitpack-carrier-width_n8388608_findings.md           '746274ns'
  ok      bitpack-carrier-width_n4194304_findings.md           '641737ns'
  ok      bitpack-carrier-width_n4194304_findings.md           '507039ns'
  ok      bitpack-carrier-width_n4194304_findings.md           '410984ns'
  ok      bitpack-carrier-width_n2097152_findings.md           '289652ns'
  ok      bitpack-carrier-width_n2097152_findings.md           '251548ns'
  ok      bitpack-carrier-width_n1048576_findings.md           '118684ns'
  ok      bitpack-carrier-width_n1048576_findings.md           '126334ns'
  ok      bitpack-carrier-width_n131072_findings.md            '12543ns'
  ok      bitpack-carrier-width_n16384_findings.md             '2077ns'

all 38 citations and numbers check out
