instrument 5: scaling checks on instrument 4's two headline numbers
==============================================================================
Q20 does the widest antichain of minimal upper bounds grow with the box?
    lim=4 p<=2 e in [-2,1]: points 26, pairs 325
      antichain widths: {0: 85, 1: 205, 2: 35}
      widest: U<0,1> v U<2,0> -> ['U<2,1>', 'F<p2,e-1..1>']
    lim=5 p<=3 e in [-3,2]: points 56, pairs 1540
      antichain widths: {0: 323, 1: 997, 2: 220}
      widest: U<0,1> v U<2,0> -> ['U<2,1>', 'F<p2,e-1..1>']
    lim=6 p<=4 e in [-4,3]: points 107, pairs 5671
      antichain widths: {0: 887, 1: 4073, 2: 711}
      widest: U<0,1> v U<2,0> -> ['U<2,1>', 'F<p2,e-1..1>']

Q20b the same with three sign domains and two commensurable radices present
    points 76, pairs 2850
    antichain widths: {0: 1075, 1: 1538, 2: 237}
    widest: U<0,1> v U<2,0> = U4<1,0> -> ['U<2,1>', 'F<p2,e-1..1>']

Q21 radix 2 against radix 6: the bounds-but-no-least pairs
    U2<0,1> = [Fraction(0, 1), Fraction(1, 2)]
    U6<1,0> = [Fraction(0, 1), Fraction(1, 1), Fraction(2, 1), Fraction(3, 1), Fraction(4, 1), Fraction(5, 1)]
      minimal upper bounds: ['U2<3,1>', 'U6<1,1>']
        U2<3,1> = [Fraction(0, 1), Fraction(1, 2), Fraction(1, 1), Fraction(3, 2), Fraction(2, 1), Fraction(5, 2), Fraction(3, 1), Fraction(7, 2)] ...
        U6<1,1> = [Fraction(0, 1), Fraction(1, 6), Fraction(1, 3), Fraction(1, 2), Fraction(2, 3), Fraction(5, 6), Fraction(1, 1), Fraction(7, 6)] ...
    U2<1,1> = [Fraction(0, 1), Fraction(1, 2), Fraction(1, 1), Fraction(3, 2)]
    U6<1,0> = [Fraction(0, 1), Fraction(1, 1), Fraction(2, 1), Fraction(3, 1), Fraction(4, 1), Fraction(5, 1)]
      minimal upper bounds: ['U2<3,1>', 'U6<1,1>']
        U2<3,1> = [Fraction(0, 1), Fraction(1, 2), Fraction(1, 1), Fraction(3, 2), Fraction(2, 1), Fraction(5, 2), Fraction(3, 1), Fraction(7, 2)] ...
        U6<1,1> = [Fraction(0, 1), Fraction(1, 6), Fraction(1, 3), Fraction(1, 2), Fraction(2, 3), Fraction(5, 6), Fraction(1, 1), Fraction(7, 6)] ...
    U2<2,1> = [Fraction(0, 1), Fraction(1, 2), Fraction(1, 1), Fraction(3, 2), Fraction(2, 1), Fraction(5, 2), Fraction(3, 1), Fraction(7, 2)]
    U6<1,0> = [Fraction(0, 1), Fraction(1, 1), Fraction(2, 1), Fraction(3, 1), Fraction(4, 1), Fraction(5, 1)]
      minimal upper bounds: ['U2<3,1>', 'U6<1,1>']
        U2<3,1> = [Fraction(0, 1), Fraction(1, 2), Fraction(1, 1), Fraction(3, 2), Fraction(2, 1), Fraction(5, 2), Fraction(3, 1), Fraction(7, 2)] ...
        U6<1,1> = [Fraction(0, 1), Fraction(1, 6), Fraction(1, 3), Fraction(1, 2), Fraction(2, 3), Fraction(5, 6), Fraction(1, 1), Fraction(7, 6)] ...
    two radices sharing a factor give the third failure mode: upper bounds exist
    and none is least, which is the fixed-point-against-float shape, not the
    incommensurable-radix shape.

