warning: the `#![no_std]` attribute can only be used at the crate root
  --> p5_domain_derives_range.rs:16:1
   |
16 | #![no_std]
   | ^^^^^^^^^^
   |
   = note: `#[warn(unused_attributes)]` (part of `#[warn(unused)]`) on by default

warning: the `#![no_std]` attribute can only be used at the crate root
  --> p1_target_keyed.rs:14:1
   |
14 | #![no_std]
   | ^^^^^^^^^^

warning: constant `SYM_IN_ASYM` is never used
   --> p5_domain_derives_range.rs:104:11
    |
104 | pub const SYM_IN_ASYM: bool = true;
    |           ^^^^^^^^^^^
    |
    = note: `#[warn(dead_code)]` (part of `#[warn(unused)]`) on by default

warning: 3 warnings emitted

